[TEST] 启动 game-host...
[TEST] 启动 client 0 (aggressive)...
[TEST] 启动 client 1 (defensive)...
[TEST] 已发送初始化消息
[C0] [INFO] 等待初始化消息...
[C1] [INFO] 等待初始化消息...
[HOST] [DEBUG] C# DLL loaded successfully
[HOST] [INFO] ========== 初始化阶段 ==========
[HOST] [INFO] 收到初始化消息: {'player_list': [1, 1], 'replay': '/tmp/replay.json', 'config': {}}
[HOST] Width: 20, Height: 20
[HOST] 通过策略消息初始化棋手 1 的第 1 个棋子
[HOST] [INFO] SetPlayerPieces(0) = None, pieces=[{'strength': 10, 'intelligence': 10, 'dexterity': 10, 'equip': {'x': 1, 'y': 2}, 'pos': {'x': 5, 'y': 2}}]
[HOST] 通过策略消息初始化棋手 2 的第 1 个棋子
[TEST] 收到回合配置: time=60s, length=4096[HOST] [INFO] SetPlayerPieces(1) = None, pieces=[{'strength': 10, 'intelligence': 10, 'dexterity': 10, 'equip': {'x': 1, 'y': 2}, 'pos': {'x': 5, 'y': 12}}]

[HOST] [INFO] 发送回合配置: time=60s, length=4096bytes
[HOST] [INFO] 初始化完成
[HOST] [INFO] ========== 游戏开始 ==========
[HOST] Piece 0 action points: 1
[HOST] Piece 1 action points: 1
[HOST] 
[HOST] ===== 回合 1 日志 =====
[HOST] 
[HOST] [当前行动棋子id]: 0
[HOST] 
[HOST] [行动队列] 剩余单位: 2存活 / 0阵亡
[HOST] 
[HOST] [地图]:
[HOST] 
[HOST]  1  1  1  1  1  1  1  1  1  1  1  1  1  1  1  1  1  1  1  1 
[HOST]  1  1  1  1  1  1  1  1  1  1  1  1  1  1  1  1  1  1  1  1 
[HOST]  1  1  1  1  1  1  1  1  1  1  1  1  1  1  1  1  1  1  1  1 
[HOST]  1  1  1  1 -1  1  1  1  1  1  1  1  1  1  1  1  1  1  1  1 
[HOST]  1  1  1  1 -1 -1  1  1  1  1  1  1  1  1  1  1  1  1  1  1 
[HOST]  1  1  1  1  1  1  1  1  1  1  1  1  0  1  1  1  1  1  1  1 
[HOST]  1  1  1  1  1  1  1  1  1  1  1  1  1  1  1  1  1  1  1  1 
[HOST]  1  1  1  1  1  1  1  1  1  1  1  1  1  1  1  1  1  1  1  1 
[HOST]  1  1  1  1  1  1  1  1  1  1  1  1  1  1  1  1  1  1  1  1 
[HOST]  1  1  1  1  1  1  1  1  1  1  1  1  1  1  1  1  1  1  1  1 
[HOST]  1  1  1  1  1  1  1  1  1  1  1  1  1  1  1  1  1  1  1  1 
[HOST]  1  1  1  1  1  1  1  1  1  1  1  1  1  1  1  1  1  1  1  1 
[HOST]  1  1  1  1  1  1  1  1  1  1  1  1  1  1  1  1  1  1  1  1 
[HOST]  1  1  1  1  1  1  1  1  1  1  1  1  1  1  1  1  1  1  1  1 
[HOST]  1  1  1  1  1  1  1  1  1  1  1  1  1  1  1  1  1  1  1  1 
[HOST]  1  1  1  1  1  1  1  1  1  1  1  1  1  1 -1 -1  1  1  1  1 
[HOST]  1  1  1  1  1  1  1  1  1  1  1  1  1  1  1 -1 -1 -1 -1  1 
[HOST]  1  1  1  1  1  1  1  1  1  1  1  1  1  1  1  1 -1 -1  1  1 
[HOST]  1  1  1  1  1  1  1  1  1  1  1  1  1  1  1  1 -1 -1 -1 -1 
[HOST]  1  1  1  1  1  1  1  1  1  1  1  1  1  1  1  1  1  1  1  1 
[HOST] 
[HOST] [存活单位]
[HOST] ├─ Piece #0
[HOST] │  所属: 玩家2 位置: (5,12)
[HOST] │  生命: 50/50 行动点: 1
[HOST] └─ 法术位: 3/3
[HOST] ├─ Piece #1
[HOST] │  所属: 玩家1 位置: (5,2)
[HOST] │  生命: 50/50 行动点: 1
[HOST] └─ 法术位: 3/3
[HOST] 
[HOST] [游戏状态] 进行中
[HOST] [INFO] 发送回合 1: listen=[1]
[TEST] 收到 host 消息: target=-1, state=None, keys=['watch', '_target']
[TEST] 跳过观战消息
[TEST] 收到 host 消息: target=0, state=1, keys=['state', 'listen', 'player', 'content', '_target']
[TEST] 回合 1: listen=[1]
[TEST] 转发 client 1 的行动[C1] [INFO] 回合 1: 已发送行动

[HOST] Now begin moving
[HOST] [Move] movement: 25
[HOST] [Move] Success
[HOST] Now begin attacking
[HOST] [Attack] Action Points: 0, Attack: False
[HOST] [Spell] 当前无延时法术。
[HOST] Piece 1 action points: 1
[HOST] Piece 0 action points: 1
[HOST] 
[HOST] ===== 回合 2 日志 =====
[HOST] 
[HOST] [当前行动棋子id]: 1
[HOST] 
[HOST] [行动队列] 剩余单位: 2存活 / 0阵亡
[HOST] 
[HOST] [地图]:
[HOST] 
[HOST]  1  1  1  1  1  1  1  1  1  1  1  1  1  1  1  1  1  1  1  1 
[HOST]  1  1  1  1  1  1  1  1  1  1  1  1  1  1  1  1  1  1  1  1 
[HOST]  0  1  1  1  1  1  1  1  1  1  1  1  1  1  1  1  1  1  1  1 
[HOST]  1  1  1  1 -1  1  1  1  1  1  1  1  1  1  1  1  1  1  1  1 
[HOST]  1  1  1  1 -1 -1  1  1  1  1  1  1  1  1  1  1  1  1  1  1 
[TEST] 收到 host 消息: target=-1, state=None, keys=['watch', '_target'][HOST]  1  1  1  1  1  1  1  1  1  1  1  1  1  1  1  1  1  1  1  1 

[TEST] 跳过观战消息
[TEST] 收到 host 消息: target=0, state=2, keys=['state', 'listen', 'player', 'content', '_target'][HOST]  1  1  1  1  1  1  1  1  1  1  1  1  1  1  1  1  1  1  1  1 

[TEST] 回合 2: listen=[0][HOST]  1  1  1  1  1  1  1  1  1  1  1  1  1  1  1  1  1  1  1  1 

[HOST]  1  1  1  1  1  1  1  1  1  1  1  1  1  1  1  1  1  1  1  1 
[HOST]  1  1  1  1  1  1  1  1  1  1  1  1  1  1  1  1  1  1  1  1 
[HOST]  1  1  1  1  1  1  1  1  1  1  1  1  1  1  1  1  1  1  1  1 
[HOST]  1  1  1  1  1  1  1  1  1  1  1  1  1  1  1  1  1  1  1  1 
[HOST]  1  1  1  1  1  1  1  1  1  1  1  1  1  1  1  1  1  1  1  1 
[HOST]  1  1  1  1  1  1  1  1  1  1  1  1  1  1  1  1  1  1  1  1 
[HOST]  1  1  1  1  1  1  1  1  1  1  1  1  1  1  1  1  1  1  1  1 
[HOST]  1  1  1  1  1  1  1  1  1  1  1  1  1  1 -1 -1  1  1  1  1 
[HOST]  1  1  1  1  1  1  1  1  1  1  1  1  1  1  1 -1 -1 -1 -1  1 
[HOST]  1  1  1  1  1  1  1  1  1  1  1  1  1  1  1  1 -1 -1  1  1 
[HOST]  1  1  1  1  1  1  1  1  1  1  1  1  1  1  1  1 -1 -1 -1 -1 
[HOST]  1  1  1  1  1  1  1  1  1  1  1  1  1  1  1  1  1  1  1  1 
[HOST] 
[HOST] [存活单位]
[HOST] ├─ Piece #1
[HOST] │  所属: 玩家1 位置: (5,2)
[HOST] │  生命: 50/50 行动点: 1
[HOST] └─ 法术位: 3/3
[HOST] ├─ Piece #0
[HOST] │  所属: 玩家2 位置: (2,0)
[HOST] │  生命: 50/50 行动点: 1
[HOST] └─ 法术位: 3/3
[HOST] 
[HOST] [游戏状态] 进行中
[HOST] [INFO] 发送回合 2: listen=[0]
[TEST] 转发 client 0 的行动[C0] [INFO] 回合 2: 已发送行动

[HOST] Now begin moving
[HOST] [Move] movement: 25
[HOST] [Move] Success
[HOST] Now begin attacking
[HOST] [Attack] Action Points: 0, Attack: True
[HOST] [Spell] 当前无延时法术。
[HOST] Piece 0 action points: 1
[HOST] Piece 1 action points: 1
[HOST] 
[HOST] ===== 回合 3 日志 =====
[HOST] 
[HOST] [当前行动棋子id]: 0
[HOST] 
[HOST] [行动队列] 剩余单位: 2存活 / 0阵亡
[HOST] 
[HOST] [地图]:
[HOST] 
[HOST]  1  1  1  1  1  1  1  1  1  1  1  1  1  1  1  1  1  1  1  1 
[HOST]  1  1  1  1  1  1  1  1  1  1  1  1  1  1  1  1  1  1  1  1 
[HOST]  0  1  1  1  1  1  1  1  1  1  1  1  1  1  1  1  1  1  1  1 
[HOST]  1  1  1  1 -1  1  1  1  1  1  1  1  1  1  1  1  1  1  1  1 
[HOST]  1  1  1  1 -1 -1  1  1  1  1  1  1  1  1  1  1  1  1  1  1 
[HOST]  1  1  1  1  1  1  1  1  1  1  1  1  1  1  1  1  1  1  1  1 
[HOST]  1  1  1  1  1  1  1  1  1  1  1  1  1  1  1  1  1  1  1  1 
[HOST]  1  1  1  1  1  1  1  1  1  1  1  1  1  1  1  1  1  1  1  1 
[HOST]  1  1  1  1  1  1  1  1  1  1  1  1  1  1  1  1  1  1  1  1 
[HOST]  1  1  1  1  1  1  1  1  1  1  1  1  1  1  1  1  1  1  1  1 
[HOST]  1  1  1  1  1  1  1  1  1  1  1  1  1  1  1  1  1  1  1  1 
[HOST]  1  1  1  1  1  1  1  1  1  1  1  1  1  1  1  1  1  1  1  1 
[HOST]  1  1  1  1  1  1  1  1  1  1  1  1  1  1  1  1  1  1  1  1 
[HOST]  1  1  1  1  1  1  1  1  1  1  1  1  1  1  1  1  1  1  1  1 
[HOST]  1  1  1  1  1  1  1  1  1  1  1  1  1  1  1  1  1  1  1  1 
[TEST] 收到 host 消息: target=-1, state=None, keys=['watch', '_target']
[TEST] 跳过观战消息[HOST]  1  1  1  1  1  1  1  1  1  1  1  1  1  1 -1 -1  1  1  1  1 

[HOST]  1  1  1  1  1  1  1  1  1  1  1  1  1  1  1 -1 -1 -1 -1  1 
[TEST] 收到 host 消息: target=0, state=3, keys=['state', 'listen', 'player', 'content', '_target'][HOST]  1  1  1  1  1  1  1  1  1  1  1  1  1  1  1  1 -1 -1  1  1 

[TEST] 回合 3: listen=[1]
[HOST]  1  1  1  1  1  1  1  1  1  1  1  1  1  1  1  1 -1 -1 -1 -1 
[HOST]  1  1  1  1  1  1  1  1  1  1  1  1  1  1  1  1  1  1  1  1 
[HOST] 
[HOST] [存活单位]
[HOST] ├─ Piece #0
[HOST] │  所属: 玩家2 位置: (2,0)
[HOST] │  生命: 50/50 行动点: 1
[HOST] └─ 法术位: 3/3
[HOST] ├─ Piece #1
[HOST] │  所属: 玩家1 位置: (1,0)
[HOST] │  生命: 50/50 行动点: 1
[HOST] └─ 法术位: 3/3
[HOST] 
[HOST] [游戏状态] 进行中
[HOST] [INFO] 发送回合 3: listen=[1]
[TEST] 转发 client 1 的行动[C1] [INFO] 回合 3: 已发送行动

[HOST] Now begin moving
[HOST] [Move] movement: 25
[HOST] [Move] Success
[HOST] Now begin attacking
[HOST] [Attack] Action Points: 0, Attack: True
[HOST] [Spell] 当前无延时法术。
[HOST] Piece 1 action points: 1
[HOST] Piece 0 action points: 1
[HOST] 
[HOST] ===== 回合 4 日志 =====
[TEST] 收到 host 消息: target=-1, state=None, keys=['watch', '_target'][HOST] 

[TEST] 跳过观战消息[HOST] [当前行动棋子id]: 1

[HOST] 
[TEST] 收到 host 消息: target=0, state=4, keys=['state', 'listen', 'player', 'content', '_target']
[TEST] 回合 4: listen=[0][HOST] [行动队列] 剩余单位: 2存活 / 0阵亡

[HOST] 
[HOST] [地图]:
[HOST] 
[HOST]  1  1  1  1  1  1  1  1  1  1  1  1  1  1  1  1  1  1  1  1 
[HOST]  1  1  1  1  1  1  1  1  1  1  1  1  1  1  1  1  1  1  1  1 
[HOST]  1  1  1  1  1  1  1  1  1  1  1  1  1  1  1  1  1  1  1  1 
[HOST]  1  1  1  0 -1  1  1  1  1  1  1  1  1  1  1  1  1  1  1  1 
[HOST]  1  1  1  1 -1 -1  1  1  1  1  1  1  1  1  1  1  1  1  1  1 
[HOST]  1  1  1  1  1  1  1  1  1  1  1  1  1  1  1  1  1  1  1  1 
[HOST]  1  1  1  1  1  1  1  1  1  1  1  1  1  1  1  1  1  1  1  1 
[HOST]  1  1  1  1  1  1  1  1  1  1  1  1  1  1  1  1  1  1  1  1 
[HOST]  1  1  1  1  1  1  1  1  1  1  1  1  1  1  1  1  1  1  1  1 
[HOST]  1  1  1  1  1  1  1  1  1  1  1  1  1  1  1  1  1  1  1  1 
[HOST]  1  1  1  1  1  1  1  1  1  1  1  1  1  1  1  1  1  1  1  1 
[HOST]  1  1  1  1  1  1  1  1  1  1  1  1  1  1  1  1  1  1  1  1 
[HOST]  1  1  1  1  1  1  1  1  1  1  1  1  1  1  1  1  1  1  1  1 
[HOST]  1  1  1  1  1  1  1  1  1  1  1  1  1  1  1  1  1  1  1  1 
[HOST]  1  1  1  1  1  1  1  1  1  1  1  1  1  1  1  1  1  1  1  1 
[HOST]  1  1  1  1  1  1  1  1  1  1  1  1  1  1 -1 -1  1  1  1  1 
[HOST]  1  1  1  1  1  1  1  1  1  1  1  1  1  1  1 -1 -1 -1 -1  1 
[HOST]  1  1  1  1  1  1  1  1  1  1  1  1  1  1  1  1 -1 -1  1  1 
[HOST]  1  1  1  1  1  1  1  1  1  1  1  1  1  1  1  1 -1 -1 -1 -1 
[HOST]  1  1  1  1  1  1  1  1  1  1  1  1  1  1  1  1  1  1  1  1 
[HOST] 
[HOST] [存活单位]
[HOST] ├─ Piece #1
[HOST] │  所属: 玩家1 位置: (1,0)
[HOST] │  生命: 50/50 行动点: 1
[HOST] └─ 法术位: 3/3
[HOST] ├─ Piece #0
[HOST] │  所属: 玩家2 位置: (3,3)
[HOST] │  生命: 50/50 行动点: 1
[HOST] └─ 法术位: 3/3
[HOST] 
[HOST] [游戏状态] 进行中
[HOST] [INFO] 发送回合 4: listen=[0]
[TEST] 转发 client 0 的行动[C0] [INFO] 回合 4: 已发送行动

[HOST] Now begin moving
[HOST] [Move] movement: 25
[HOST] [Move] Success
[HOST] Now begin attacking
[HOST] [Attack] Action Points: 0, Attack: True
[HOST] [Spell] 当前无延时法术。
[HOST] Piece 0 action points: 1
[HOST] Piece 1 action points: 1
[HOST] 
[HOST] ===== 回合 5 日志 =====
[HOST] 
[TEST] 收到 host 消息: target=-1, state=None, keys=['watch', '_target'][HOST] [当前行动棋子id]: 0

[TEST] 跳过观战消息
[TEST] 收到 host 消息: target=0, state=5, keys=['state', 'listen', 'player', 'content', '_target'][HOST] 

[TEST] 回合 5: listen=[1][HOST] [行动队列] 剩余单位: 2存活 / 0阵亡

[HOST] 
[HOST] [地图]:
[HOST] 
[HOST]  1  1  1  1  1  1  1  1  1  1  1  1  1  1  1  1  1  1  1  1 
[HOST]  1  1  1  1  1  1  1  1  1  1  1  1  1  1  1  1  1  1  1  1 
[HOST]  1  1  1  1  1  1  1  1  1  1  1  1  1  1  1  1  1  1  1  1 
[HOST]  1  1  1  0 -1  1  1  1  1  1  1  1  1  1  1  1  1  1  1  1 
[HOST]  1  1  1  1 -1 -1  1  1  1  1  1  1  1  1  1  1  1  1  1  1 
[HOST]  1  1  1  1  1  1  1  1  1  1  1  1  1  1  1  1  1  1  1  1 
[HOST]  1  1  1  1  1  1  1  1  1  1  1  1  1  1  1  1  1  1  1  1 
[HOST]  1  1  1  1  1  1  1  1  1  1  1  1  1  1  1  1  1  1  1  1 
[HOST]  1  1  1  1  1  1  1  1  1  1  1  1  1  1  1  1  1  1  1  1 
[HOST]  1  1  1  1  1  1  1  1  1  1  1  1  1  1  1  1  1  1  1  1 
[HOST]  1  1  1  1  1  1  1  1  1  1  1  1  1  1  1  1  1  1  1  1 
[HOST]  1  1  1  1  1  1  1  1  1  1  1  1  1  1  1  1  1  1  1  1 
[HOST]  1  1  1  1  1  1  1  1  1  1  1  1  1  1  1  1  1  1  1  1 
[HOST]  1  1  1  1  1  1  1  1  1  1  1  1  1  1  1  1  1  1  1  1 
[HOST]  1  1  1  1  1  1  1  1  1  1  1  1  1  1  1  1  1  1  1  1 
[HOST]  1  1  1  1  1  1  1  1  1  1  1  1  1  1 -1 -1  1  1  1  1 
[HOST]  1  1  1  1  1  1  1  1  1  1  1  1  1  1  1 -1 -1 -1 -1  1 
[HOST]  1  1  1  1  1  1  1  1  1  1  1  1  1  1  1  1 -1 -1  1  1 
[HOST]  1  1  1  1  1  1  1  1  1  1  1  1  1  1  1  1 -1 -1 -1 -1 
[HOST]  1  1  1  1  1  1  1  1  1  1  1  1  1  1  1  1  1  1  1  1 
[HOST] 
[HOST] [存活单位]
[HOST] ├─ Piece #0
[HOST] │  所属: 玩家2 位置: (3,3)
[HOST] │  生命: 50/50 行动点: 1
[HOST] └─ 法术位: 3/3
[HOST] ├─ Piece #1
[HOST] │  所属: 玩家1 位置: (2,3)
[HOST] │  生命: 50/50 行动点: 1
[HOST] └─ 法术位: 3/3
[HOST] 
[HOST] [游戏状态] 进行中
[HOST] [INFO] 发送回合 5: listen=[1]
[TEST] 转发 client 1 的行动
[C1] [INFO] 回合 5: 已发送行动
[HOST] Now begin moving
[HOST] [Move] movement: 25
[HOST] [Move] Success
[HOST] Now begin attacking
[HOST] [Attack] Action Points: 0, Attack: True
[HOST] [Spell] 当前无延时法术。
[HOST] Piece 1 action points: 1
[HOST] Piece 0 action points: 1
[HOST] 
[HOST] ===== 回合 6 日志 =====
[HOST] 
[HOST] [当前行动棋子id]: 1
[HOST] 
[HOST] [行动队列] 剩余单位: 2存活 / 0阵亡
[TEST] 收到 host 消息: target=-1, state=None, keys=['watch', '_target'][HOST] 

[TEST] 跳过观战消息[HOST] [地图]:

[TEST] 收到 host 消息: target=0, state=6, keys=['state', 'listen', 'player', 'content', '_target'][HOST] 

[TEST] 回合 6: listen=[0][HOST]  0  1  1  1  1  1  1  1  1  1  1  1  1  1  1  1  1  1  1  1 

[HOST]  1  1  1  1  1  1  1  1  1  1  1  1  1  1  1  1  1  1  1  1 
[HOST]  1  1  1  1  1  1  1  1  1  1  1  1  1  1  1  1  1  1  1  1 
[HOST]  1  1  1  1 -1  1  1  1  1  1  1  1  1  1  1  1  1  1  1  1 
[HOST]  1  1  1  1 -1 -1  1  1  1  1  1  1  1  1  1  1  1  1  1  1 
[HOST]  1  1  1  1  1  1  1  1  1  1  1  1  1  1  1  1  1  1  1  1 
[HOST]  1  1  1  1  1  1  1  1  1  1  1  1  1  1  1  1  1  1  1  1 
[HOST]  1  1  1  1  1  1  1  1  1  1  1  1  1  1  1  1  1  1  1  1 
[HOST]  1  1  1  1  1  1  1  1  1  1  1  1  1  1  1  1  1  1  1  1 
[HOST]  1  1  1  1  1  1  1  1  1  1  1  1  1  1  1  1  1  1  1  1 
[HOST]  1  1  1  1  1  1  1  1  1  1  1  1  1  1  1  1  1  1  1  1 
[HOST]  1  1  1  1  1  1  1  1  1  1  1  1  1  1  1  1  1  1  1  1 
[HOST]  1  1  1  1  1  1  1  1  1  1  1  1  1  1  1  1  1  1  1  1 
[HOST]  1  1  1  1  1  1  1  1  1  1  1  1  1  1  1  1  1  1  1  1 
[HOST]  1  1  1  1  1  1  1  1  1  1  1  1  1  1  1  1  1  1  1  1 
[HOST]  1  1  1  1  1  1  1  1  1  1  1  1  1  1 -1 -1  1  1  1  1 
[HOST]  1  1  1  1  1  1  1  1  1  1  1  1  1  1  1 -1 -1 -1 -1  1 
[HOST]  1  1  1  1  1  1  1  1  1  1  1  1  1  1  1  1 -1 -1  1  1 
[HOST]  1  1  1  1  1  1  1  1  1  1  1  1  1  1  1  1 -1 -1 -1 -1 
[HOST]  1  1  1  1  1  1  1  1  1  1  1  1  1  1  1  1  1  1  1  1 
[HOST] 
[HOST] [存活单位]
[HOST] ├─ Piece #1
[HOST] │  所属: 玩家1 位置: (2,3)
[HOST] │  生命: 50/50 行动点: 1
[HOST] └─ 法术位: 3/3
[HOST] ├─ Piece #0
[HOST] │  所属: 玩家2 位置: (0,0)
[HOST] │  生命: 50/50 行动点: 1
[HOST] └─ 法术位: 3/3
[HOST] 
[HOST] [游戏状态] 进行中
[HOST] [INFO] 发送回合 6: listen=[0]
[TEST] 转发 client 0 的行动[C0] [INFO] 回合 6: 已发送行动

[HOST] Now begin moving
[HOST] [Move] movement: 25
[HOST] [Move] Success
[HOST] Now begin attacking
[HOST] [Attack] Action Points: 0, Attack: True
[HOST] [Spell] 当前无延时法术。
[HOST] Piece 0 action points: 1
[HOST] Piece 1 action points: 1
[HOST] 
[HOST] ===== 回合 7 日志 =====
[HOST] 
[HOST] [当前行动棋子id]: 0
[HOST] 
[TEST] 收到 host 消息: target=-1, state=None, keys=['watch', '_target'][HOST] [行动队列] 剩余单位: 2存活 / 0阵亡

[TEST] 跳过观战消息
[HOST] 
[TEST] 收到 host 消息: target=0, state=7, keys=['state', 'listen', 'player', 'content', '_target']
[TEST] 回合 7: listen=[1][HOST] [地图]:

[HOST] 
[HOST]  0  1  1  1  1  1  1  1  1  1  1  1  1  1  1  1  1  1  1  1 
[HOST]  1  1  1  1  1  1  1  1  1  1  1  1  1  1  1  1  1  1  1  1 
[HOST]  1  1  1  1  1  1  1  1  1  1  1  1  1  1  1  1  1  1  1  1 
[HOST]  1  1  1  1 -1  1  1  1  1  1  1  1  1  1  1  1  1  1  1  1 
[HOST]  1  1  1  1 -1 -1  1  1  1  1  1  1  1  1  1  1  1  1  1  1 
[HOST]  1  1  1  1  1  1  1  1  1  1  1  1  1  1  1  1  1  1  1  1 
[HOST]  1  1  1  1  1  1  1  1  1  1  1  1  1  1  1  1  1  1  1  1 
[HOST]  1  1  1  1  1  1  1  1  1  1  1  1  1  1  1  1  1  1  1  1 
[HOST]  1  1  1  1  1  1  1  1  1  1  1  1  1  1  1  1  1  1  1  1 
[HOST]  1  1  1  1  1  1  1  1  1  1  1  1  1  1  1  1  1  1  1  1 
[HOST]  1  1  1  1  1  1  1  1  1  1  1  1  1  1  1  1  1  1  1  1 
[HOST]  1  1  1  1  1  1  1  1  1  1  1  1  1  1  1  1  1  1  1  1 
[HOST]  1  1  1  1  1  1  1  1  1  1  1  1  1  1  1  1  1  1  1  1 
[HOST]  1  1  1  1  1  1  1  1  1  1  1  1  1  1  1  1  1  1  1  1 
[HOST]  1  1  1  1  1  1  1  1  1  1  1  1  1  1  1  1  1  1  1  1 
[HOST]  1  1  1  1  1  1  1  1  1  1  1  1  1  1 -1 -1  1  1  1  1 
[HOST]  1  1  1  1  1  1  1  1  1  1  1  1  1  1  1 -1 -1 -1 -1  1 
[HOST]  1  1  1  1  1  1  1  1  1  1  1  1  1  1  1  1 -1 -1  1  1 
[HOST]  1  1  1  1  1  1  1  1  1  1  1  1  1  1  1  1 -1 -1 -1 -1 
[HOST]  1  1  1  1  1  1  1  1  1  1  1  1  1  1  1  1  1  1  1  1 
[HOST] 
[HOST] [存活单位]
[HOST] ├─ Piece #0
[HOST] │  所属: 玩家2 位置: (0,0)
[HOST] │  生命: 50/50 行动点: 1
[HOST] └─ 法术位: 3/3
[HOST] ├─ Piece #1
[HOST] │  所属: 玩家1 位置: (0,1)
[HOST] │  生命: 50/50 行动点: 1
[HOST] └─ 法术位: 3/3
[HOST] 
[HOST] [游戏状态] 进行中
[HOST] [INFO] 发送回合 7: listen=[1]
[TEST] 转发 client 1 的行动
[C1] [INFO] 回合 7: 已发送行动
[HOST] Now begin moving
[HOST] [Move] movement: 25
[HOST] [Move] Success
[HOST] Now begin attacking
[HOST] [Attack] Action Points: 0, Attack: True
[HOST] [Spell] 当前无延时法术。
[HOST] Piece 1 action points: 1
[HOST] Piece 0 action points: 1
[HOST] 
[HOST] ===== 回合 8 日志 =====
[HOST] 
[HOST] [当前行动棋子id]: 1
[HOST] 
[HOST] [行动队列] 剩余单位: 2存活 / 0阵亡
[HOST] 
[TEST] 收到 host 消息: target=-1, state=None, keys=['watch', '_target']
[TEST] 跳过观战消息
[HOST] [地图]:
[TEST] 收到 host 消息: target=0, state=8, keys=['state', 'listen', 'player', 'content', '_target'][HOST] 

[TEST] 回合 8: listen=[0][HOST]  1  1  1  1  1  1  1  1  1  1  1  1  1  1  1  1  1  1  1  1 

[HOST]  1  1  1  1  1  1  1  1  1  1  1  1  1  1  1  1  1  1  1  1 
[HOST]  1  1  1  1  0  1  1  1  1  1  1  1  1  1  1  1  1  1  1  1 
[HOST]  1  1  1  1 -1  1  1  1  1  1  1  1  1  1  1  1  1  1  1  1 
[HOST]  1  1  1  1 -1 -1  1  1  1  1  1  1  1  1  1  1  1  1  1  1 
[HOST]  1  1  1  1  1  1  1  1  1  1  1  1  1  1  1  1  1  1  1  1 
[HOST]  1  1  1  1  1  1  1  1  1  1  1  1  1  1  1  1  1  1  1  1 
[HOST]  1  1  1  1  1  1  1  1  1  1  1  1  1  1  1  1  1  1  1  1 
[HOST]  1  1  1  1  1  1  1  1  1  1  1  1  1  1  1  1  1  1  1  1 
[HOST]  1  1  1  1  1  1  1  1  1  1  1  1  1  1  1  1  1  1  1  1 
[HOST]  1  1  1  1  1  1  1  1  1  1  1  1  1  1  1  1  1  1  1  1 
[HOST]  1  1  1  1  1  1  1  1  1  1  1  1  1  1  1  1  1  1  1  1 
[HOST]  1  1  1  1  1  1  1  1  1  1  1  1  1  1  1  1  1  1  1  1 
[HOST]  1  1  1  1  1  1  1  1  1  1  1  1  1  1  1  1  1  1  1  1 
[HOST]  1  1  1  1  1  1  1  1  1  1  1  1  1  1  1  1  1  1  1  1 
[HOST]  1  1  1  1  1  1  1  1  1  1  1  1  1  1 -1 -1  1  1  1  1 
[HOST]  1  1  1  1  1  1  1  1  1  1  1  1  1  1  1 -1 -1 -1 -1  1 
[HOST]  1  1  1  1  1  1  1  1  1  1  1  1  1  1  1  1 -1 -1  1  1 
[HOST]  1  1  1  1  1  1  1  1  1  1  1  1  1  1  1  1 -1 -1 -1 -1 
[HOST]  1  1  1  1  1  1  1  1  1  1  1  1  1  1  1  1  1  1  1  1 
[HOST] 
[HOST] [存活单位]
[HOST] ├─ Piece #1
[HOST] │  所属: 玩家1 位置: (0,1)
[HOST] │  生命: 50/50 行动点: 1
[HOST] └─ 法术位: 3/3
[HOST] ├─ Piece #0
[HOST] │  所属: 玩家2 位置: (2,4)
[HOST] │  生命: 50/50 行动点: 1
[HOST] └─ 法术位: 3/3
[HOST] 
[HOST] [游戏状态] 进行中
[HOST] [INFO] 发送回合 8: listen=[0]
[TEST] 转发 client 0 的行动[C0] [INFO] 回合 8: 已发送行动

[HOST] Now begin moving
[HOST] [Move] movement: 25
[HOST] [Move] Success
[HOST] Now begin attacking
[HOST] [Attack] Action Points: 0, Attack: True
[HOST] [Spell] 当前无延时法术。
[TEST] 收到 host 消息: target=-1, state=None, keys=['watch', '_target'][HOST] Piece 0 action points: 1

[TEST] 跳过观战消息[HOST] Piece 1 action points: 1

[HOST] 
[TEST] 收到 host 消息: target=0, state=9, keys=['state', 'listen', 'player', 'content', '_target']
[TEST] 回合 9: listen=[1][HOST] ===== 回合 9 日志 =====

[HOST] 
[HOST] [当前行动棋子id]: 0
[HOST] 
[HOST] [行动队列] 剩余单位: 2存活 / 0阵亡
[HOST] 
[HOST] [地图]:
[HOST] 
[HOST]  1  1  1  1  1  1  1  1  1  1  1  1  1  1  1  1  1  1  1  1 
[HOST]  1  1  1  1  1  1  1  1  1  1  1  1  1  1  1  1  1  1  1  1 
[HOST]  1  1  1  1  0  1  1  1  1  1  1  1  1  1  1  1  1  1  1  1 
[HOST]  1  1  1  1 -1  1  1  1  1  1  1  1  1  1  1  1  1  1  1  1 
[HOST]  1  1  1  1 -1 -1  1  1  1  1  1  1  1  1  1  1  1  1  1  1 
[HOST]  1  1  1  1  1  1  1  1  1  1  1  1  1  1  1  1  1  1  1  1 
[HOST]  1  1  1  1  1  1  1  1  1  1  1  1  1  1  1  1  1  1  1  1 
[HOST]  1  1  1  1  1  1  1  1  1  1  1  1  1  1  1  1  1  1  1  1 
[HOST]  1  1  1  1  1  1  1  1  1  1  1  1  1  1  1  1  1  1  1  1 
[HOST]  1  1  1  1  1  1  1  1  1  1  1  1  1  1  1  1  1  1  1  1 
[HOST]  1  1  1  1  1  1  1  1  1  1  1  1  1  1  1  1  1  1  1  1 
[HOST]  1  1  1  1  1  1  1  1  1  1  1  1  1  1  1  1  1  1  1  1 
[HOST]  1  1  1  1  1  1  1  1  1  1  1  1  1  1  1  1  1  1  1  1 
[HOST]  1  1  1  1  1  1  1  1  1  1  1  1  1  1  1  1  1  1  1  1 
[HOST]  1  1  1  1  1  1  1  1  1  1  1  1  1  1  1  1  1  1  1  1 
[HOST]  1  1  1  1  1  1  1  1  1  1  1  1  1  1 -1 -1  1  1  1  1 
[HOST]  1  1  1  1  1  1  1  1  1  1  1  1  1  1  1 -1 -1 -1 -1  1 
[HOST]  1  1  1  1  1  1  1  1  1  1  1  1  1  1  1  1 -1 -1  1  1 
[HOST]  1  1  1  1  1  1  1  1  1  1  1  1  1  1  1  1 -1 -1 -1 -1 
[HOST]  1  1  1  1  1  1  1  1  1  1  1  1  1  1  1  1  1  1  1  1 
[HOST] 
[HOST] [存活单位]
[HOST] ├─ Piece #0
[HOST] │  所属: 玩家2 位置: (2,4)
[HOST] │  生命: 50/50 行动点: 1
[HOST] └─ 法术位: 3/3
[HOST] ├─ Piece #1
[HOST] │  所属: 玩家1 位置: (1,4)
[HOST] │  生命: 50/50 行动点: 1
[HOST] └─ 法术位: 3/3
[HOST] 
[HOST] [游戏状态] 进行中
[HOST] [INFO] 发送回合 9: listen=[1]
[TEST] 转发 client 1 的行动
[C1] [INFO] 回合 9: 已发送行动
[HOST] Now begin moving
[HOST] [Move] movement: 25
[HOST] [Move] Success
[HOST] Now begin attacking
[HOST] [Attack] Action Points: 0, Attack: True
[HOST] [Spell] 当前无延时法术。
[HOST] Piece 1 action points: 1
[HOST] Piece 0 action points: 1
[HOST] 
[HOST] ===== 回合 10 日志 =====
[TEST] 收到 host 消息: target=-1, state=None, keys=['watch', '_target']
[TEST] 跳过观战消息[HOST] 

[HOST] [当前行动棋子id]: 1
[TEST] 收到 host 消息: target=0, state=10, keys=['state', 'listen', 'player', 'content', '_target'][HOST] 

[TEST] 回合 10: listen=[0]
[HOST] [行动队列] 剩余单位: 2存活 / 0阵亡
[HOST] 
[HOST] [地图]:
[HOST] 
[HOST]  1  1  1  1  1  1  1  1  1  1  1  1  1  1  1  1  1  1  1  1 
[HOST]  1  1  1  1  1  1  1  1  1  1  1  1  1  1  1  1  1  1  1  1 
[HOST]  1  1  1  1  1  1  1  1  1  1  1  1  1  1  1  1  1  1  1  1 
[HOST]  1  0  1  1 -1  1  1  1  1  1  1  1  1  1  1  1  1  1  1  1 
[HOST]  1  1  1  1 -1 -1  1  1  1  1  1  1  1  1  1  1  1  1  1  1 
[HOST]  1  1  1  1  1  1  1  1  1  1  1  1  1  1  1  1  1  1  1  1 
[HOST]  1  1  1  1  1  1  1  1  1  1  1  1  1  1  1  1  1  1  1  1 
[HOST]  1  1  1  1  1  1  1  1  1  1  1  1  1  1  1  1  1  1  1  1 
[HOST]  1  1  1  1  1  1  1  1  1  1  1  1  1  1  1  1  1  1  1  1 
[HOST]  1  1  1  1  1  1  1  1  1  1  1  1  1  1  1  1  1  1  1  1 
[HOST]  1  1  1  1  1  1  1  1  1  1  1  1  1  1  1  1  1  1  1  1 
[HOST]  1  1  1  1  1  1  1  1  1  1  1  1  1  1  1  1  1  1  1  1 
[HOST]  1  1  1  1  1  1  1  1  1  1  1  1  1  1  1  1  1  1  1  1 
[HOST]  1  1  1  1  1  1  1  1  1  1  1  1  1  1  1  1  1  1  1  1 
[HOST]  1  1  1  1  1  1  1  1  1  1  1  1  1  1  1  1  1  1  1  1 
[HOST]  1  1  1  1  1  1  1  1  1  1  1  1  1  1 -1 -1  1  1  1  1 
[HOST]  1  1  1  1  1  1  1  1  1  1  1  1  1  1  1 -1 -1 -1 -1  1 
[HOST]  1  1  1  1  1  1  1  1  1  1  1  1  1  1  1  1 -1 -1  1  1 
[HOST]  1  1  1  1  1  1  1  1  1  1  1  1  1  1  1  1 -1 -1 -1 -1 
[HOST]  1  1  1  1  1  1  1  1  1  1  1  1  1  1  1  1  1  1  1  1 
[HOST] 
[HOST] [存活单位]
[HOST] ├─ Piece #1
[HOST] │  所属: 玩家1 位置: (1,4)
[HOST] │  生命: 50/50 行动点: 1
[HOST] └─ 法术位: 3/3
[HOST] ├─ Piece #0
[HOST] │  所属: 玩家2 位置: (3,1)
[HOST] │  生命: 50/50 行动点: 1
[HOST] └─ 法术位: 3/3
[HOST] 
[HOST] [游戏状态] 进行中
[HOST] [INFO] 发送回合 10: listen=[0]
[C0] [INFO] 回合 10: 已发送行动
[TEST] 转发 client 0 的行动
[HOST] Now begin moving
[HOST] [Move] movement: 25
[HOST] [Move] Success
[HOST] Now begin attacking
[HOST] [Attack] Action Points: 0, Attack: True
[HOST] [Spell] 当前无延时法术。
[HOST] Piece 0 action points: 1
[HOST] Piece 1 action points: 1
[HOST] 
[HOST] ===== 回合 11 日志 =====
[HOST] 
[HOST] [当前行动棋子id]: 0
[HOST] 
[HOST] [行动队列] 剩余单位: 2存活 / 0阵亡
[HOST] 
[HOST] [地图]:
[HOST] 
[HOST]  1  1  1  1  1  1  1  1  1  1  1  1  1  1  1  1  1  1  1  1 
[HOST]  1  1  1  1  1  1  1  1  1  1  1  1  1  1  1  1  1  1  1  1 
[HOST]  1  1  1  1  1  1  1  1  1  1  1  1  1  1  1  1  1  1  1  1 
[TEST] 收到 host 消息: target=-1, state=None, keys=['watch', '_target']
[TEST] 跳过观战消息
[HOST]  1  0  1  1 -1  1  1  1  1  1  1  1  1  1  1  1  1  1  1  1 
[TEST] 收到 host 消息: target=0, state=11, keys=['state', 'listen', 'player', 'content', '_target'][HOST]  1  1  1  1 -1 -1  1  1  1  1  1  1  1  1  1  1  1  1  1  1 

[TEST] 回合 11: listen=[1][HOST]  1  1  1  1  1  1  1  1  1  1  1  1  1  1  1  1  1  1  1  1 

[HOST]  1  1  1  1  1  1  1  1  1  1  1  1  1  1  1  1  1  1  1  1 
[HOST]  1  1  1  1  1  1  1  1  1  1  1  1  1  1  1  1  1  1  1  1 
[HOST]  1  1  1  1  1  1  1  1  1  1  1  1  1  1  1  1  1  1  1  1 
[HOST]  1  1  1  1  1  1  1  1  1  1  1  1  1  1  1  1  1  1  1  1 
[HOST]  1  1  1  1  1  1  1  1  1  1  1  1  1  1  1  1  1  1  1  1 
[HOST]  1  1  1  1  1  1  1  1  1  1  1  1  1  1  1  1  1  1  1  1 
[HOST]  1  1  1  1  1  1  1  1  1  1  1  1  1  1  1  1  1  1  1  1 
[HOST]  1  1  1  1  1  1  1  1  1  1  1  1  1  1  1  1  1  1  1  1 
[HOST]  1  1  1  1  1  1  1  1  1  1  1  1  1  1  1  1  1  1  1  1 
[HOST]  1  1  1  1  1  1  1  1  1  1  1  1  1  1 -1 -1  1  1  1  1 
[HOST]  1  1  1  1  1  1  1  1  1  1  1  1  1  1  1 -1 -1 -1 -1  1 
[HOST]  1  1  1  1  1  1  1  1  1  1  1  1  1  1  1  1 -1 -1  1  1 
[HOST]  1  1  1  1  1  1  1  1  1  1  1  1  1  1  1  1 -1 -1 -1 -1 
[HOST]  1  1  1  1  1  1  1  1  1  1  1  1  1  1  1  1  1  1  1  1 
[HOST] 
[HOST] [存活单位]
[HOST] ├─ Piece #0
[HOST] │  所属: 玩家2 位置: (3,1)
[HOST] │  生命: 50/50 行动点: 1
[HOST] └─ 法术位: 3/3
[HOST] ├─ Piece #1
[HOST] │  所属: 玩家1 位置: (2,1)
[HOST] │  生命: 50/50 行动点: 1
[HOST] └─ 法术位: 3/3
[HOST] 
[HOST] [游戏状态] 进行中
[HOST] [INFO] 发送回合 11: listen=[1]
[TEST] 转发 client 1 的行动
[C1] [INFO] 回合 11: 已发送行动
[HOST] Now begin moving
[HOST] [Move] movement: 25
[HOST] [Move] Success
[HOST] Now begin attacking
[HOST] [Attack] Action Points: 0, Attack: True
[HOST] [Spell] 当前无延时法术。
[HOST] Piece 1 action points: 1
[HOST] Piece 0 action points: 1
[HOST] 
[HOST] ===== 回合 12 日志 =====
[HOST] 
[HOST] [当前行动棋子id]: 1
[HOST] 
[HOST] [行动队列] 剩余单位: 2存活 / 0阵亡
[HOST] 
[HOST] [地图]:
[HOST] 
[HOST]  1  1  1  1  0  1  1  1  1  1  1  1  1  1  1  1  1  1  1  1 
[HOST]  1  1  1  1  1  1  1  1  1  1  1  1  1  1  1  1  1  1  1  1 
[HOST]  1  1  1  1  1  1  1  1  1  1  1  1  1  1  1  1  1  1  1  1 
[HOST]  1  1  1  1 -1  1  1  1  1  1  1  1  1  1  1  1  1  1  1  1 
[HOST]  1  1  1  1 -1 -1  1  1  1  1  1  1  1  1  1  1  1  1  1  1 
[HOST]  1  1  1  1  1  1  1  1  1  1  1  1  1  1  1  1  1  1  1  1 
[TEST] 收到 host 消息: target=-1, state=None, keys=['watch', '_target'][HOST]  1  1  1  1  1  1  1  1  1  1  1  1  1  1  1  1  1  1  1  1 

[TEST] 跳过观战消息
[HOST]  1  1  1  1  1  1  1  1  1  1  1  1  1  1  1  1  1  1  1  1 
[TEST] 收到 host 消息: target=0, state=12, keys=['state', 'listen', 'player', 'content', '_target'][HOST]  1  1  1  1  1  1  1  1  1  1  1  1  1  1  1  1  1  1  1  1 

[TEST] 回合 12: listen=[0]
[HOST]  1  1  1  1  1  1  1  1  1  1  1  1  1  1  1  1  1  1  1  1 
[HOST]  1  1  1  1  1  1  1  1  1  1  1  1  1  1  1  1  1  1  1  1 
[HOST]  1  1  1  1  1  1  1  1  1  1  1  1  1  1  1  1  1  1  1  1 
[HOST]  1  1  1  1  1  1  1  1  1  1  1  1  1  1  1  1  1  1  1  1 
[HOST]  1  1  1  1  1  1  1  1  1  1  1  1  1  1  1  1  1  1  1  1 
[HOST]  1  1  1  1  1  1  1  1  1  1  1  1  1  1  1  1  1  1  1  1 
[HOST]  1  1  1  1  1  1  1  1  1  1  1  1  1  1 -1 -1  1  1  1  1 
[HOST]  1  1  1  1  1  1  1  1  1  1  1  1  1  1  1 -1 -1 -1 -1  1 
[HOST]  1  1  1  1  1  1  1  1  1  1  1  1  1  1  1  1 -1 -1  1  1 
[HOST]  1  1  1  1  1  1  1  1  1  1  1  1  1  1  1  1 -1 -1 -1 -1 
[HOST]  1  1  1  1  1  1  1  1  1  1  1  1  1  1  1  1  1  1  1  1 
[HOST] 
[HOST] [存活单位]
[HOST] ├─ Piece #1
[HOST] │  所属: 玩家1 位置: (2,1)
[HOST] │  生命: 50/50 行动点: 1
[HOST] └─ 法术位: 3/3
[HOST] ├─ Piece #0
[HOST] │  所属: 玩家2 位置: (0,4)
[HOST] │  生命: 50/50 行动点: 1
[HOST] └─ 法术位: 3/3
[HOST] 
[HOST] [游戏状态] 进行中
[HOST] [INFO] 发送回合 12: listen=[0]
[TEST] 转发 client 0 的行动
[C0] [INFO] 回合 12: 已发送行动
[HOST] Now begin moving
[HOST] [Move] movement: 25
[HOST] [Move] Success
[HOST] Now begin attacking
[HOST] [Attack] Action Points: 0, Attack: True
[HOST] [Spell] 当前无延时法术。
[HOST] Piece 0 action points: 1
[HOST] Piece 1 action points: 1
[HOST] 
[HOST] ===== 回合 13 日志 =====
[HOST] 
[HOST] [当前行动棋子id]: 0
[HOST] 
[HOST] [行动队列] 剩余单位: 2存活 / 0阵亡
[TEST] 收到 host 消息: target=-1, state=None, keys=['watch', '_target']
[TEST] 跳过观战消息[HOST] 

[TEST] 收到 host 消息: target=0, state=13, keys=['state', 'listen', 'player', 'content', '_target'][HOST] [地图]:

[TEST] 回合 13: listen=[1][HOST] 

[HOST]  1  1  1  1  0  1  1  1  1  1  1  1  1  1  1  1  1  1  1  1 
[HOST]  1  1  1  1  1  1  1  1  1  1  1  1  1  1  1  1  1  1  1  1 
[HOST]  1  1  1  1  1  1  1  1  1  1  1  1  1  1  1  1  1  1  1  1 
[HOST]  1  1  1  1 -1  1  1  1  1  1  1  1  1  1  1  1  1  1  1  1 
[HOST]  1  1  1  1 -1 -1  1  1  1  1  1  1  1  1  1  1  1  1  1  1 
[HOST]  1  1  1  1  1  1  1  1  1  1  1  1  1  1  1  1  1  1  1  1 
[HOST]  1  1  1  1  1  1  1  1  1  1  1  1  1  1  1  1  1  1  1  1 
[HOST]  1  1  1  1  1  1  1  1  1  1  1  1  1  1  1  1  1  1  1  1 
[HOST]  1  1  1  1  1  1  1  1  1  1  1  1  1  1  1  1  1  1  1  1 
[HOST]  1  1  1  1  1  1  1  1  1  1  1  1  1  1  1  1  1  1  1  1 
[HOST]  1  1  1  1  1  1  1  1  1  1  1  1  1  1  1  1  1  1  1  1 
[HOST]  1  1  1  1  1  1  1  1  1  1  1  1  1  1  1  1  1  1  1  1 
[HOST]  1  1  1  1  1  1  1  1  1  1  1  1  1  1  1  1  1  1  1  1 
[HOST]  1  1  1  1  1  1  1  1  1  1  1  1  1  1  1  1  1  1  1  1 
[HOST]  1  1  1  1  1  1  1  1  1  1  1  1  1  1  1  1  1  1  1  1 
[HOST]  1  1  1  1  1  1  1  1  1  1  1  1  1  1 -1 -1  1  1  1  1 
[HOST]  1  1  1  1  1  1  1  1  1  1  1  1  1  1  1 -1 -1 -1 -1  1 
[HOST]  1  1  1  1  1  1  1  1  1  1  1  1  1  1  1  1 -1 -1  1  1 
[HOST]  1  1  1  1  1  1  1  1  1  1  1  1  1  1  1  1 -1 -1 -1 -1 
[HOST]  1  1  1  1  1  1  1  1  1  1  1  1  1  1  1  1  1  1  1  1 
[HOST] 
[HOST] [存活单位]
[HOST] ├─ Piece #0
[HOST] │  所属: 玩家2 位置: (0,4)
[HOST] │  生命: 50/50 行动点: 1
[HOST] └─ 法术位: 3/3
[HOST] ├─ Piece #1
[HOST] │  所属: 玩家1 位置: (0,3)
[HOST] │  生命: 50/50 行动点: 1
[HOST] └─ 法术位: 3/3
[HOST] 
[HOST] [游戏状态] 进行中
[HOST] [INFO] 发送回合 13: listen=[1]
[TEST] 转发 client 1 的行动[C1] [INFO] 回合 13: 已发送行动

[HOST] Now begin moving
[HOST] [Move] movement: 25
[HOST] [Move] Success
[HOST] Now begin attacking
[HOST] [Attack] Action Points: 0, Attack: True
[HOST] [Spell] 当前无延时法术。
[HOST] Piece 1 action points: 1
[HOST] Piece 0 action points: 1
[HOST] 
[HOST] ===== 回合 14 日志 =====
[HOST] 
[HOST] [当前行动棋子id]: 1
[HOST] 
[HOST] [行动队列] 剩余单位: 2存活 / 0阵亡
[HOST] 
[HOST] [地图]:
[HOST] 
[HOST]  1  1  1  1  1  1  1  1  1  1  1  1  1  1  1  1  1  1  1  1 
[HOST]  1  1  1  1  1  1  1  1  1  1  1  1  1  1  1  1  1  1  1  1 
[HOST]  0  1  1  1  1  1  1  1  1  1  1  1  1  1  1  1  1  1  1  1 
[HOST]  1  1  1  1 -1  1  1  1  1  1  1  1  1  1  1  1  1  1  1  1 
[TEST] 收到 host 消息: target=-1, state=None, keys=['watch', '_target'][HOST]  1  1  1  1 -1 -1  1  1  1  1  1  1  1  1  1  1  1  1  1  1 

[TEST] 跳过观战消息
[HOST]  1  1  1  1  1  1  1  1  1  1  1  1  1  1  1  1  1  1  1  1 
[TEST] 收到 host 消息: target=0, state=14, keys=['state', 'listen', 'player', 'content', '_target']
[TEST] 回合 14: listen=[0][HOST]  1  1  1  1  1  1  1  1  1  1  1  1  1  1  1  1  1  1  1  1 

[HOST]  1  1  1  1  1  1  1  1  1  1  1  1  1  1  1  1  1  1  1  1 
[HOST]  1  1  1  1  1  1  1  1  1  1  1  1  1  1  1  1  1  1  1  1 
[HOST]  1  1  1  1  1  1  1  1  1  1  1  1  1  1  1  1  1  1  1  1 
[HOST]  1  1  1  1  1  1  1  1  1  1  1  1  1  1  1  1  1  1  1  1 
[HOST]  1  1  1  1  1  1  1  1  1  1  1  1  1  1  1  1  1  1  1  1 
[HOST]  1  1  1  1  1  1  1  1  1  1  1  1  1  1  1  1  1  1  1  1 
[HOST]  1  1  1  1  1  1  1  1  1  1  1  1  1  1  1  1  1  1  1  1 
[HOST]  1  1  1  1  1  1  1  1  1  1  1  1  1  1  1  1  1  1  1  1 
[HOST]  1  1  1  1  1  1  1  1  1  1  1  1  1  1 -1 -1  1  1  1  1 
[HOST]  1  1  1  1  1  1  1  1  1  1  1  1  1  1  1 -1 -1 -1 -1  1 
[HOST]  1  1  1  1  1  1  1  1  1  1  1  1  1  1  1  1 -1 -1  1  1 
[HOST]  1  1  1  1  1  1  1  1  1  1  1  1  1  1  1  1 -1 -1 -1 -1 
[HOST]  1  1  1  1  1  1  1  1  1  1  1  1  1  1  1  1  1  1  1  1 
[HOST] 
[HOST] [存活单位]
[HOST] ├─ Piece #1
[HOST] │  所属: 玩家1 位置: (0,3)
[HOST] │  生命: 50/50 行动点: 1
[HOST] └─ 法术位: 3/3
[HOST] ├─ Piece #0
[HOST] │  所属: 玩家2 位置: (2,0)
[HOST] │  生命: 50/50 行动点: 1
[HOST] └─ 法术位: 3/3
[HOST] 
[HOST] [游戏状态] 进行中
[HOST] [INFO] 发送回合 14: listen=[0]
[C0] [INFO] 回合 14: 已发送行动
[TEST] 转发 client 0 的行动
[HOST] Now begin moving
[HOST] [Move] movement: 25
[HOST] [Move] Success
[HOST] Now begin attacking
[HOST] [Attack] Action Points: 0, Attack: True
[HOST] [Spell] 当前无延时法术。
[HOST] Piece 0 action points: 1
[HOST] Piece 1 action points: 1
[HOST] 
[HOST] ===== 回合 15 日志 =====
[TEST] 收到 host 消息: target=-1, state=None, keys=['watch', '_target'][HOST] 

[TEST] 跳过观战消息
[TEST] 收到 host 消息: target=0, state=15, keys=['state', 'listen', 'player', 'content', '_target'][HOST] [当前行动棋子id]: 0

[TEST] 回合 15: listen=[1][HOST] 

[HOST] [行动队列] 剩余单位: 2存活 / 0阵亡
[HOST] 
[HOST] [地图]:
[HOST] 
[HOST]  1  1  1  1  1  1  1  1  1  1  1  1  1  1  1  1  1  1  1  1 
[HOST]  1  1  1  1  1  1  1  1  1  1  1  1  1  1  1  1  1  1  1  1 
[HOST]  0  1  1  1  1  1  1  1  1  1  1  1  1  1  1  1  1  1  1  1 
[HOST]  1  1  1  1 -1  1  1  1  1  1  1  1  1  1  1  1  1  1  1  1 
[HOST]  1  1  1  1 -1 -1  1  1  1  1  1  1  1  1  1  1  1  1  1  1 
[HOST]  1  1  1  1  1  1  1  1  1  1  1  1  1  1  1  1  1  1  1  1 
[HOST]  1  1  1  1  1  1  1  1  1  1  1  1  1  1  1  1  1  1  1  1 
[HOST]  1  1  1  1  1  1  1  1  1  1  1  1  1  1  1  1  1  1  1  1 
[HOST]  1  1  1  1  1  1  1  1  1  1  1  1  1  1  1  1  1  1  1  1 
[HOST]  1  1  1  1  1  1  1  1  1  1  1  1  1  1  1  1  1  1  1  1 
[HOST]  1  1  1  1  1  1  1  1  1  1  1  1  1  1  1  1  1  1  1  1 
[HOST]  1  1  1  1  1  1  1  1  1  1  1  1  1  1  1  1  1  1  1  1 
[HOST]  1  1  1  1  1  1  1  1  1  1  1  1  1  1  1  1  1  1  1  1 
[HOST]  1  1  1  1  1  1  1  1  1  1  1  1  1  1  1  1  1  1  1  1 
[HOST]  1  1  1  1  1  1  1  1  1  1  1  1  1  1  1  1  1  1  1  1 
[HOST]  1  1  1  1  1  1  1  1  1  1  1  1  1  1 -1 -1  1  1  1  1 
[HOST]  1  1  1  1  1  1  1  1  1  1  1  1  1  1  1 -1 -1 -1 -1  1 
[HOST]  1  1  1  1  1  1  1  1  1  1  1  1  1  1  1  1 -1 -1  1  1 
[HOST]  1  1  1  1  1  1  1  1  1  1  1  1  1  1  1  1 -1 -1 -1 -1 
[HOST]  1  1  1  1  1  1  1  1  1  1  1  1  1  1  1  1  1  1  1  1 
[HOST] 
[HOST] [存活单位]
[HOST] ├─ Piece #0
[HOST] │  所属: 玩家2 位置: (2,0)
[HOST] │  生命: 50/50 行动点: 1
[HOST] └─ 法术位: 3/3
[HOST] ├─ Piece #1
[HOST] │  所属: 玩家1 位置: (1,0)
[HOST] │  生命: 50/50 行动点: 1
[HOST] └─ 法术位: 3/3
[HOST] 
[HOST] [游戏状态] 进行中
[HOST] [INFO] 发送回合 15: listen=[1]
[TEST] 转发 client 1 的行动
[C1] [INFO] 回合 15: 已发送行动
[HOST] Now begin moving
[HOST] [Move] movement: 25
[HOST] [Move] Success
[HOST] Now begin attacking
[HOST] [Attack] Action Points: 0, Attack: True
[HOST] [Spell] 当前无延时法术。
[HOST] Piece 1 action points: 1
[HOST] Piece 0 action points: 1
[HOST] 
[HOST] ===== 回合 16 日志 =====
[HOST] 
[HOST] [当前行动棋子id]: 1
[HOST] 
[HOST] [行动队列] 剩余单位: 2存活 / 0阵亡
[HOST] 
[TEST] 收到 host 消息: target=-1, state=None, keys=['watch', '_target'][HOST] [地图]:

[TEST] 跳过观战消息
[HOST] 
[TEST] 收到 host 消息: target=0, state=16, keys=['state', 'listen', 'player', 'content', '_target'][HOST]  1  1  1  1  1  1  1  1  1  1  1  1  1  1  1  1  1  1  1  1 

[TEST] 回合 16: listen=[0][HOST]  1  1  1  1  1  1  1  1  1  1  1  1  1  1  1  1  1  1  1  1 

[HOST]  1  1  1  1  1  1  1  1  1  1  1  1  1  1  1  1  1  1  1  1 
[HOST]  1  1  1  0 -1  1  1  1  1  1  1  1  1  1  1  1  1  1  1  1 
[HOST]  1  1  1  1 -1 -1  1  1  1  1  1  1  1  1  1  1  1  1  1  1 
[HOST]  1  1  1  1  1  1  1  1  1  1  1  1  1  1  1  1  1  1  1  1 
[HOST]  1  1  1  1  1  1  1  1  1  1  1  1  1  1  1  1  1  1  1  1 
[HOST]  1  1  1  1  1  1  1  1  1  1  1  1  1  1  1  1  1  1  1  1 
[HOST]  1  1  1  1  1  1  1  1  1  1  1  1  1  1  1  1  1  1  1  1 
[HOST]  1  1  1  1  1  1  1  1  1  1  1  1  1  1  1  1  1  1  1  1 
[HOST]  1  1  1  1  1  1  1  1  1  1  1  1  1  1  1  1  1  1  1  1 
[HOST]  1  1  1  1  1  1  1  1  1  1  1  1  1  1  1  1  1  1  1  1 
[HOST]  1  1  1  1  1  1  1  1  1  1  1  1  1  1  1  1  1  1  1  1 
[HOST]  1  1  1  1  1  1  1  1  1  1  1  1  1  1  1  1  1  1  1  1 
[HOST]  1  1  1  1  1  1  1  1  1  1  1  1  1  1  1  1  1  1  1  1 
[HOST]  1  1  1  1  1  1  1  1  1  1  1  1  1  1 -1 -1  1  1  1  1 
[HOST]  1  1  1  1  1  1  1  1  1  1  1  1  1  1  1 -1 -1 -1 -1  1 
[HOST]  1  1  1  1  1  1  1  1  1  1  1  1  1  1  1  1 -1 -1  1  1 
[HOST]  1  1  1  1  1  1  1  1  1  1  1  1  1  1  1  1 -1 -1 -1 -1 
[HOST]  1  1  1  1  1  1  1  1  1  1  1  1  1  1  1  1  1  1  1  1 
[HOST] 
[HOST] [存活单位]
[HOST] ├─ Piece #1
[HOST] │  所属: 玩家1 位置: (1,0)
[HOST] │  生命: 50/50 行动点: 1
[HOST] └─ 法术位: 3/3
[HOST] ├─ Piece #0
[HOST] │  所属: 玩家2 位置: (3,3)
[HOST] │  生命: 50/50 行动点: 1
[HOST] └─ 法术位: 3/3
[HOST] 
[HOST] [游戏状态] 进行中
[HOST] [INFO] 发送回合 16: listen=[0]
[C0] [INFO] 回合 16: 已发送行动
[TEST] 转发 client 0 的行动
[HOST] Now begin moving
[HOST] [Move] movement: 25
[HOST] [Move] Success
[HOST] Now begin attacking
[HOST] [Attack] Action Points: 0, Attack: True
[HOST] [Spell] 当前无延时法术。
[HOST] Piece 0 action points: 1
[HOST] Piece 1 action points: 1
[HOST] 
[HOST] ===== 回合 17 日志 =====
[HOST] 
[HOST] [当前行动棋子id]: 0
[HOST] 
[HOST] [行动队列] 剩余单位: 2存活 / 0阵亡
[HOST] 
[HOST] [地图]:
[HOST] 
[HOST]  1  1  1  1  1  1  1  1  1  1  1  1  1  1  1  1  1  1  1  1 
[HOST]  1  1  1  1  1  1  1  1  1  1  1  1  1  1  1  1  1  1  1  1 
[HOST]  1  1  1  1  1  1  1  1  1  1  1  1  1  1  1  1  1  1  1  1 
[HOST]  1  1  1  0 -1  1  1  1  1  1  1  1  1  1  1  1  1  1  1  1 
[HOST]  1  1  1  1 -1 -1  1  1  1  1  1  1  1  1  1  1  1  1  1  1 
[TEST] 收到 host 消息: target=-1, state=None, keys=['watch', '_target']
[TEST] 跳过观战消息[HOST]  1  1  1  1  1  1  1  1  1  1  1  1  1  1  1  1  1  1  1  1 

[HOST]  1  1  1  1  1  1  1  1  1  1  1  1  1  1  1  1  1  1  1  1 
[TEST] 收到 host 消息: target=0, state=17, keys=['state', 'listen', 'player', 'content', '_target']
[TEST] 回合 17: listen=[1][HOST]  1  1  1  1  1  1  1  1  1  1  1  1  1  1  1  1  1  1  1  1 

[HOST]  1  1  1  1  1  1  1  1  1  1  1  1  1  1  1  1  1  1  1  1 
[HOST]  1  1  1  1  1  1  1  1  1  1  1  1  1  1  1  1  1  1  1  1 
[HOST]  1  1  1  1  1  1  1  1  1  1  1  1  1  1  1  1  1  1  1  1 
[HOST]  1  1  1  1  1  1  1  1  1  1  1  1  1  1  1  1  1  1  1  1 
[HOST]  1  1  1  1  1  1  1  1  1  1  1  1  1  1  1  1  1  1  1  1 
[HOST]  1  1  1  1  1  1  1  1  1  1  1  1  1  1  1  1  1  1  1  1 
[HOST]  1  1  1  1  1  1  1  1  1  1  1  1  1  1  1  1  1  1  1  1 
[HOST]  1  1  1  1  1  1  1  1  1  1  1  1  1  1 -1 -1  1  1  1  1 
[HOST]  1  1  1  1  1  1  1  1  1  1  1  1  1  1  1 -1 -1 -1 -1  1 
[HOST]  1  1  1  1  1  1  1  1  1  1  1  1  1  1  1  1 -1 -1  1  1 
[HOST]  1  1  1  1  1  1  1  1  1  1  1  1  1  1  1  1 -1 -1 -1 -1 
[HOST]  1  1  1  1  1  1  1  1  1  1  1  1  1  1  1  1  1  1  1  1 
[HOST] 
[HOST] [存活单位]
[HOST] ├─ Piece #0
[HOST] │  所属: 玩家2 位置: (3,3)
[HOST] │  生命: 50/50 行动点: 1
[HOST] └─ 法术位: 3/3
[HOST] ├─ Piece #1
[HOST] │  所属: 玩家1 位置: (2,3)
[HOST] │  生命: 50/50 行动点: 1
[HOST] └─ 法术位: 3/3
[HOST] 
[HOST] [游戏状态] 进行中
[HOST] [INFO] 发送回合 17: listen=[1]
[C1] [INFO] 回合 17: 已发送行动
[TEST] 转发 client 1 的行动
[HOST] Now begin moving
[HOST] [Move] movement: 25
[HOST] [Move] Success
[HOST] Now begin attacking
[HOST] [Attack] Action Points: 0, Attack: True
[HOST] [Spell] 当前无延时法术。
[HOST] Piece 1 action points: 1
[HOST] Piece 0 action points: 1
[HOST] 
[HOST] ===== 回合 18 日志 =====
[HOST] 
[HOST] [当前行动棋子id]: 1
[HOST] 
[HOST] [行动队列] 剩余单位: 2存活 / 0阵亡
[HOST] 
[HOST] [地图]:
[HOST] 
[HOST]  0  1  1  1  1  1  1  1  1  1  1  1  1  1  1  1  1  1  1  1 
[HOST]  1  1  1  1  1  1  1  1  1  1  1  1  1  1  1  1  1  1  1  1 
[HOST]  1  1  1  1  1  1  1  1  1  1  1  1  1  1  1  1  1  1  1  1 
[TEST] 收到 host 消息: target=-1, state=None, keys=['watch', '_target']
[TEST] 跳过观战消息[HOST]  1  1  1  1 -1  1  1  1  1  1  1  1  1  1  1  1  1  1  1  1 

[TEST] 收到 host 消息: target=0, state=18, keys=['state', 'listen', 'player', 'content', '_target'][HOST]  1  1  1  1 -1 -1  1  1  1  1  1  1  1  1  1  1  1  1  1  1 

[TEST] 回合 18: listen=[0][HOST]  1  1  1  1  1  1  1  1  1  1  1  1  1  1  1  1  1  1  1  1 

[HOST]  1  1  1  1  1  1  1  1  1  1  1  1  1  1  1  1  1  1  1  1 
[HOST]  1  1  1  1  1  1  1  1  1  1  1  1  1  1  1  1  1  1  1  1 
[HOST]  1  1  1  1  1  1  1  1  1  1  1  1  1  1  1  1  1  1  1  1 
[HOST]  1  1  1  1  1  1  1  1  1  1  1  1  1  1  1  1  1  1  1  1 
[HOST]  1  1  1  1  1  1  1  1  1  1  1  1  1  1  1  1  1  1  1  1 
[HOST]  1  1  1  1  1  1  1  1  1  1  1  1  1  1  1  1  1  1  1  1 
[HOST]  1  1  1  1  1  1  1  1  1  1  1  1  1  1  1  1  1  1  1  1 
[HOST]  1  1  1  1  1  1  1  1  1  1  1  1  1  1  1  1  1  1  1  1 
[HOST]  1  1  1  1  1  1  1  1  1  1  1  1  1  1  1  1  1  1  1  1 
[HOST]  1  1  1  1  1  1  1  1  1  1  1  1  1  1 -1 -1  1  1  1  1 
[HOST]  1  1  1  1  1  1  1  1  1  1  1  1  1  1  1 -1 -1 -1 -1  1 
[HOST]  1  1  1  1  1  1  1  1  1  1  1  1  1  1  1  1 -1 -1  1  1 
[HOST]  1  1  1  1  1  1  1  1  1  1  1  1  1  1  1  1 -1 -1 -1 -1 
[HOST]  1  1  1  1  1  1  1  1  1  1  1  1  1  1  1  1  1  1  1  1 
[HOST] 
[HOST] [存活单位]
[HOST] ├─ Piece #1
[HOST] │  所属: 玩家1 位置: (2,3)
[HOST] │  生命: 50/50 行动点: 1
[HOST] └─ 法术位: 3/3
[HOST] ├─ Piece #0
[HOST] │  所属: 玩家2 位置: (0,0)
[HOST] │  生命: 50/50 行动点: 1
[HOST] └─ 法术位: 3/3
[HOST] 
[HOST] [游戏状态] 进行中
[HOST] [INFO] 发送回合 18: listen=[0]
[TEST] 转发 client 0 的行动[C0] [INFO] 回合 18: 已发送行动

[HOST] Now begin moving
[HOST] [Move] movement: 25
[HOST] [Move] Success
[HOST] Now begin attacking
[HOST] [Attack] Action Points: 0, Attack: True
[HOST] [Spell] 当前无延时法术。
[HOST] Piece 0 action points: 1
[HOST] Piece 1 action points: 1
[HOST] 
[HOST] ===== 回合 19 日志 =====
[HOST] 
[HOST] [当前行动棋子id]: 0
[HOST] 
[HOST] [行动队列] 剩余单位: 2存活 / 0阵亡
[HOST] 
[HOST] [地图]:
[HOST] 
[HOST]  0  1  1  1  1  1  1  1  1  1  1  1  1  1  1  1  1  1  1  1 
[TEST] 收到 host 消息: target=-1, state=None, keys=['watch', '_target']
[TEST] 跳过观战消息[HOST]  1  1  1  1  1  1  1  1  1  1  1  1  1  1  1  1  1  1  1  1 

[TEST] 收到 host 消息: target=0, state=19, keys=['state', 'listen', 'player', 'content', '_target'][HOST]  1  1  1  1  1  1  1  1  1  1  1  1  1  1  1  1  1  1  1  1 

[TEST] 回合 19: listen=[1]
[HOST]  1  1  1  1 -1  1  1  1  1  1  1  1  1  1  1  1  1  1  1  1 
[HOST]  1  1  1  1 -1 -1  1  1  1  1  1  1  1  1  1  1  1  1  1  1 
[HOST]  1  1  1  1  1  1  1  1  1  1  1  1  1  1  1  1  1  1  1  1 
[HOST]  1  1  1  1  1  1  1  1  1  1  1  1  1  1  1  1  1  1  1  1 
[HOST]  1  1  1  1  1  1  1  1  1  1  1  1  1  1  1  1  1  1  1  1 
[HOST]  1  1  1  1  1  1  1  1  1  1  1  1  1  1  1  1  1  1  1  1 
[HOST]  1  1  1  1  1  1  1  1  1  1  1  1  1  1  1  1  1  1  1  1 
[HOST]  1  1  1  1  1  1  1  1  1  1  1  1  1  1  1  1  1  1  1  1 
[HOST]  1  1  1  1  1  1  1  1  1  1  1  1  1  1  1  1  1  1  1  1 
[HOST]  1  1  1  1  1  1  1  1  1  1  1  1  1  1  1  1  1  1  1  1 
[HOST]  1  1  1  1  1  1  1  1  1  1  1  1  1  1  1  1  1  1  1  1 
[HOST]  1  1  1  1  1  1  1  1  1  1  1  1  1  1  1  1  1  1  1  1 
[HOST]  1  1  1  1  1  1  1  1  1  1  1  1  1  1 -1 -1  1  1  1  1 
[HOST]  1  1  1  1  1  1  1  1  1  1  1  1  1  1  1 -1 -1 -1 -1  1 
[HOST]  1  1  1  1  1  1  1  1  1  1  1  1  1  1  1  1 -1 -1  1  1 
[HOST]  1  1  1  1  1  1  1  1  1  1  1  1  1  1  1  1 -1 -1 -1 -1 
[HOST]  1  1  1  1  1  1  1  1  1  1  1  1  1  1  1  1  1  1  1  1 
[HOST] 
[HOST] [存活单位]
[HOST] ├─ Piece #0
[HOST] │  所属: 玩家2 位置: (0,0)
[HOST] │  生命: 50/50 行动点: 1
[HOST] └─ 法术位: 3/3
[HOST] ├─ Piece #1
[HOST] │  所属: 玩家1 位置: (0,1)
[HOST] │  生命: 50/50 行动点: 1
[HOST] └─ 法术位: 3/3
[HOST] 
[HOST] [游戏状态] 进行中
[HOST] [INFO] 发送回合 19: listen=[1]
[TEST] 转发 client 1 的行动[C1] [INFO] 回合 19: 已发送行动

[HOST] Now begin moving
[HOST] [Move] movement: 25
[HOST] [Move] Success
[HOST] Now begin attacking
[HOST] [Attack] Action Points: 0, Attack: True
[HOST] [Spell] 当前无延时法术。
[HOST] Piece 1 action points: 1
[HOST] Piece 0 action points: 1
[HOST] 
[HOST] ===== 回合 20 日志 =====
[HOST] 
[HOST] [当前行动棋子id]: 1
[HOST] 
[HOST] [行动队列] 剩余单位: 2存活 / 0阵亡
[HOST] 
[TEST] 收到 host 消息: target=-1, state=None, keys=['watch', '_target']
[TEST] 跳过观战消息
[TEST] 收到 host 消息: target=0, state=20, keys=['state', 'listen', 'player', 'content', '_target'][HOST] [地图]:

[TEST] 回合 20: listen=[0][HOST] 

[HOST]  1  1  1  1  1  1  1  1  1  1  1  1  1  1  1  1  1  1  1  1 
[HOST]  1  1  1  1  1  1  1  1  1  1  1  1  1  1  1  1  1  1  1  1 
[HOST]  1  1  1  1  0  1  1  1  1  1  1  1  1  1  1  1  1  1  1  1 
[HOST]  1  1  1  1 -1  1  1  1  1  1  1  1  1  1  1  1  1  1  1  1 
[HOST]  1  1  1  1 -1 -1  1  1  1  1  1  1  1  1  1  1  1  1  1  1 
[HOST]  1  1  1  1  1  1  1  1  1  1  1  1  1  1  1  1  1  1  1  1 
[HOST]  1  1  1  1  1  1  1  1  1  1  1  1  1  1  1  1  1  1  1  1 
[HOST]  1  1  1  1  1  1  1  1  1  1  1  1  1  1  1  1  1  1  1  1 
[HOST]  1  1  1  1  1  1  1  1  1  1  1  1  1  1  1  1  1  1  1  1 
[HOST]  1  1  1  1  1  1  1  1  1  1  1  1  1  1  1  1  1  1  1  1 
[HOST]  1  1  1  1  1  1  1  1  1  1  1  1  1  1  1  1  1  1  1  1 
[HOST]  1  1  1  1  1  1  1  1  1  1  1  1  1  1  1  1  1  1  1  1 
[HOST]  1  1  1  1  1  1  1  1  1  1  1  1  1  1  1  1  1  1  1  1 
[HOST]  1  1  1  1  1  1  1  1  1  1  1  1  1  1  1  1  1  1  1  1 
[HOST]  1  1  1  1  1  1  1  1  1  1  1  1  1  1  1  1  1  1  1  1 
[HOST]  1  1  1  1  1  1  1  1  1  1  1  1  1  1 -1 -1  1  1  1  1 
[HOST]  1  1  1  1  1  1  1  1  1  1  1  1  1  1  1 -1 -1 -1 -1  1 
[HOST]  1  1  1  1  1  1  1  1  1  1  1  1  1  1  1  1 -1 -1  1  1 
[HOST]  1  1  1  1  1  1  1  1  1  1  1  1  1  1  1  1 -1 -1 -1 -1 
[HOST]  1  1  1  1  1  1  1  1  1  1  1  1  1  1  1  1  1  1  1  1 
[HOST] 
[HOST] [存活单位]
[HOST] ├─ Piece #1
[HOST] │  所属: 玩家1 位置: (0,1)
[HOST] │  生命: 50/50 行动点: 1
[HOST] └─ 法术位: 3/3
[HOST] ├─ Piece #0
[HOST] │  所属: 玩家2 位置: (2,4)
[HOST] │  生命: 50/50 行动点: 1
[HOST] └─ 法术位: 3/3
[HOST] 
[HOST] [游戏状态] 进行中
[HOST] [INFO] 发送回合 20: listen=[0]
[TEST] 转发 client 0 的行动
[C0] [INFO] 回合 20: 已发送行动
[HOST] Now begin moving
[HOST] [Move] movement: 25
[HOST] [Move] Success
[HOST] Now begin attacking
[HOST] [Attack] Action Points: 0, Attack: True
[HOST] [Spell] 当前无延时法术。
[HOST] Piece 0 action points: 1
[HOST] Piece 1 action points: 1
[HOST] 
[HOST] ===== 回合 21 日志 =====
[HOST] 
[HOST] [当前行动棋子id]: 0
[HOST] 
[TEST] 收到 host 消息: target=-1, state=None, keys=['watch', '_target']
[TEST] 跳过观战消息
[HOST] [行动队列] 剩余单位: 2存活 / 0阵亡
[TEST] 收到 host 消息: target=0, state=21, keys=['state', 'listen', 'player', 'content', '_target']
[TEST] 回合 21: listen=[1][HOST] 

[HOST] [地图]:
[HOST] 
[HOST]  1  1  1  1  1  1  1  1  1  1  1  1  1  1  1  1  1  1  1  1 
[HOST]  1  1  1  1  1  1  1  1  1  1  1  1  1  1  1  1  1  1  1  1 
[HOST]  1  1  1  1  0  1  1  1  1  1  1  1  1  1  1  1  1  1  1  1 
[HOST]  1  1  1  1 -1  1  1  1  1  1  1  1  1  1  1  1  1  1  1  1 
[HOST]  1  1  1  1 -1 -1  1  1  1  1  1  1  1  1  1  1  1  1  1  1 
[HOST]  1  1  1  1  1  1  1  1  1  1  1  1  1  1  1  1  1  1  1  1 
[HOST]  1  1  1  1  1  1  1  1  1  1  1  1  1  1  1  1  1  1  1  1 
[HOST]  1  1  1  1  1  1  1  1  1  1  1  1  1  1  1  1  1  1  1  1 
[HOST]  1  1  1  1  1  1  1  1  1  1  1  1  1  1  1  1  1  1  1  1 
[HOST]  1  1  1  1  1  1  1  1  1  1  1  1  1  1  1  1  1  1  1  1 
[HOST]  1  1  1  1  1  1  1  1  1  1  1  1  1  1  1  1  1  1  1  1 
[HOST]  1  1  1  1  1  1  1  1  1  1  1  1  1  1  1  1  1  1  1  1 
[HOST]  1  1  1  1  1  1  1  1  1  1  1  1  1  1  1  1  1  1  1  1 
[HOST]  1  1  1  1  1  1  1  1  1  1  1  1  1  1  1  1  1  1  1  1 
[HOST]  1  1  1  1  1  1  1  1  1  1  1  1  1  1  1  1  1  1  1  1 
[HOST]  1  1  1  1  1  1  1  1  1  1  1  1  1  1 -1 -1  1  1  1  1 
[HOST]  1  1  1  1  1  1  1  1  1  1  1  1  1  1  1 -1 -1 -1 -1  1 
[HOST]  1  1  1  1  1  1  1  1  1  1  1  1  1  1  1  1 -1 -1  1  1 
[HOST]  1  1  1  1  1  1  1  1  1  1  1  1  1  1  1  1 -1 -1 -1 -1 
[HOST]  1  1  1  1  1  1  1  1  1  1  1  1  1  1  1  1  1  1  1  1 
[HOST] 
[HOST] [存活单位]
[HOST] ├─ Piece #0
[HOST] │  所属: 玩家2 位置: (2,4)
[HOST] │  生命: 50/50 行动点: 1
[HOST] └─ 法术位: 3/3
[HOST] ├─ Piece #1
[HOST] │  所属: 玩家1 位置: (1,4)
[HOST] │  生命: 50/50 行动点: 1
[HOST] └─ 法术位: 3/3
[HOST] 
[HOST] [游戏状态] 进行中
[HOST] [INFO] 发送回合 21: listen=[1]
[TEST] 转发 client 1 的行动
[C1] [INFO] 回合 21: 已发送行动
[HOST] Now begin moving
[HOST] [Move] movement: 25
[HOST] [Move] Success
[HOST] Now begin attacking
[HOST] [Attack] Action Points: 0, Attack: True
[HOST] [Spell] 当前无延时法术。
[HOST] Piece 1 action points: 1
[HOST] Piece 0 action points: 1
[HOST] 
[HOST] ===== 回合 22 日志 =====
[HOST] 
[HOST] [当前行动棋子id]: 1
[HOST] 
[HOST] [行动队列] 剩余单位: 2存活 / 0阵亡
[HOST] 
[HOST] [地图]:
[HOST] 
[HOST]  1  1  1  1  1  1  1  1  1  1  1  1  1  1  1  1  1  1  1  1 
[HOST]  1  1  1  1  1  1  1  1  1  1  1  1  1  1  1  1  1  1  1  1 
[HOST]  1  1  1  1  1  1  1  1  1  1  1  1  1  1  1  1  1  1  1  1 
[TEST] 收到 host 消息: target=-1, state=None, keys=['watch', '_target']
[TEST] 跳过观战消息[HOST]  1  0  1  1 -1  1  1  1  1  1  1  1  1  1  1  1  1  1  1  1 

[TEST] 收到 host 消息: target=0, state=22, keys=['state', 'listen', 'player', 'content', '_target'][HOST]  1  1  1  1 -1 -1  1  1  1  1  1  1  1  1  1  1  1  1  1  1 

[TEST] 回合 22: listen=[0]
[HOST]  1  1  1  1  1  1  1  1  1  1  1  1  1  1  1  1  1  1  1  1 
[HOST]  1  1  1  1  1  1  1  1  1  1  1  1  1  1  1  1  1  1  1  1 
[HOST]  1  1  1  1  1  1  1  1  1  1  1  1  1  1  1  1  1  1  1  1 
[HOST]  1  1  1  1  1  1  1  1  1  1  1  1  1  1  1  1  1  1  1  1 
[HOST]  1  1  1  1  1  1  1  1  1  1  1  1  1  1  1  1  1  1  1  1 
[HOST]  1  1  1  1  1  1  1  1  1  1  1  1  1  1  1  1  1  1  1  1 
[HOST]  1  1  1  1  1  1  1  1  1  1  1  1  1  1  1  1  1  1  1  1 
[HOST]  1  1  1  1  1  1  1  1  1  1  1  1  1  1  1  1  1  1  1  1 
[HOST]  1  1  1  1  1  1  1  1  1  1  1  1  1  1  1  1  1  1  1  1 
[HOST]  1  1  1  1  1  1  1  1  1  1  1  1  1  1  1  1  1  1  1  1 
[HOST]  1  1  1  1  1  1  1  1  1  1  1  1  1  1 -1 -1  1  1  1  1 
[HOST]  1  1  1  1  1  1  1  1  1  1  1  1  1  1  1 -1 -1 -1 -1  1 
[HOST]  1  1  1  1  1  1  1  1  1  1  1  1  1  1  1  1 -1 -1  1  1 
[HOST]  1  1  1  1  1  1  1  1  1  1  1  1  1  1  1  1 -1 -1 -1 -1 
[HOST]  1  1  1  1  1  1  1  1  1  1  1  1  1  1  1  1  1  1  1  1 
[HOST] 
[HOST] [存活单位]
[HOST] ├─ Piece #1
[HOST] │  所属: 玩家1 位置: (1,4)
[HOST] │  生命: 50/50 行动点: 1
[HOST] └─ 法术位: 3/3
[HOST] ├─ Piece #0
[HOST] │  所属: 玩家2 位置: (3,1)
[HOST] │  生命: 50/50 行动点: 1
[HOST] └─ 法术位: 3/3
[HOST] 
[HOST] [游戏状态] 进行中
[HOST] [INFO] 发送回合 22: listen=[0]
[TEST] 转发 client 0 的行动
[C0] [INFO] 回合 22: 已发送行动
[HOST] Now begin moving
[HOST] [Move] movement: 25
[HOST] [Move] Success
[HOST] Now begin attacking
[HOST] [Attack] Action Points: 0, Attack: True
[HOST] [Spell] 当前无延时法术。
[HOST] Piece 0 action points: 1
[HOST] Piece 1 action points: 1
[HOST] 
[HOST] ===== 回合 23 日志 =====
[HOST] 
[HOST] [当前行动棋子id]: 0
[HOST] 
[HOST] [行动队列] 剩余单位: 2存活 / 0阵亡
[HOST] 
[HOST] [地图]:
[HOST] 
[HOST]  1  1  1  1  1  1  1  1  1  1  1  1  1  1  1  1  1  1  1  1 
[HOST]  1  1  1  1  1  1  1  1  1  1  1  1  1  1  1  1  1  1  1  1 
[HOST]  1  1  1  1  1  1  1  1  1  1  1  1  1  1  1  1  1  1  1  1 
[TEST] 收到 host 消息: target=-1, state=None, keys=['watch', '_target']
[TEST] 跳过观战消息
[TEST] 收到 host 消息: target=0, state=23, keys=['state', 'listen', 'player', 'content', '_target'][HOST]  1  0  1  1 -1  1  1  1  1  1  1  1  1  1  1  1  1  1  1  1 

[TEST] 回合 23: listen=[1]
[HOST]  1  1  1  1 -1 -1  1  1  1  1  1  1  1  1  1  1  1  1  1  1 
[HOST]  1  1  1  1  1  1  1  1  1  1  1  1  1  1  1  1  1  1  1  1 
[HOST]  1  1  1  1  1  1  1  1  1  1  1  1  1  1  1  1  1  1  1  1 
[HOST]  1  1  1  1  1  1  1  1  1  1  1  1  1  1  1  1  1  1  1  1 
[HOST]  1  1  1  1  1  1  1  1  1  1  1  1  1  1  1  1  1  1  1  1 
[HOST]  1  1  1  1  1  1  1  1  1  1  1  1  1  1  1  1  1  1  1  1 
[HOST]  1  1  1  1  1  1  1  1  1  1  1  1  1  1  1  1  1  1  1  1 
[HOST]  1  1  1  1  1  1  1  1  1  1  1  1  1  1  1  1  1  1  1  1 
[HOST]  1  1  1  1  1  1  1  1  1  1  1  1  1  1  1  1  1  1  1  1 
[HOST]  1  1  1  1  1  1  1  1  1  1  1  1  1  1  1  1  1  1  1  1 
[HOST]  1  1  1  1  1  1  1  1  1  1  1  1  1  1  1  1  1  1  1  1 
[HOST]  1  1  1  1  1  1  1  1  1  1  1  1  1  1 -1 -1  1  1  1  1 
[HOST]  1  1  1  1  1  1  1  1  1  1  1  1  1  1  1 -1 -1 -1 -1  1 
[HOST]  1  1  1  1  1  1  1  1  1  1  1  1  1  1  1  1 -1 -1  1  1 
[HOST]  1  1  1  1  1  1  1  1  1  1  1  1  1  1  1  1 -1 -1 -1 -1 
[HOST]  1  1  1  1  1  1  1  1  1  1  1  1  1  1  1  1  1  1  1  1 
[HOST] 
[HOST] [存活单位]
[HOST] ├─ Piece #0
[HOST] │  所属: 玩家2 位置: (3,1)
[HOST] │  生命: 50/50 行动点: 1
[HOST] └─ 法术位: 3/3
[HOST] ├─ Piece #1
[HOST] │  所属: 玩家1 位置: (2,1)
[HOST] │  生命: 50/50 行动点: 1
[HOST] └─ 法术位: 3/3
[HOST] 
[HOST] [游戏状态] 进行中
[HOST] [INFO] 发送回合 23: listen=[1]
[TEST] 转发 client 1 的行动[C1] [INFO] 回合 23: 已发送行动

[HOST] Now begin moving
[HOST] [Move] movement: 25
[HOST] [Move] Success
[HOST] Now begin attacking
[HOST] [Attack] Action Points: 0, Attack: True
[HOST] [Spell] 当前无延时法术。
[HOST] Piece 1 action points: 1
[HOST] Piece 0 action points: 1
[HOST] 
[HOST] ===== 回合 24 日志 =====
[HOST] 
[HOST] [当前行动棋子id]: 1
[HOST] 
[HOST] [行动队列] 剩余单位: 2存活 / 0阵亡
[HOST] 
[HOST] [地图]:
[TEST] 收到 host 消息: target=-1, state=None, keys=['watch', '_target'][HOST] 

[TEST] 跳过观战消息[HOST]  1  1  1  1  0  1  1  1  1  1  1  1  1  1  1  1  1  1  1  1 

[HOST]  1  1  1  1  1  1  1  1  1  1  1  1  1  1  1  1  1  1  1  1 
[HOST]  1  1  1  1  1  1  1  1  1  1  1  1  1  1  1  1  1  1  1  1 
[TEST] 收到 host 消息: target=0, state=24, keys=['state', 'listen', 'player', 'content', '_target']
[TEST] 回合 24: listen=[0][HOST]  1  1  1  1 -1  1  1  1  1  1  1  1  1  1  1  1  1  1  1  1 

[HOST]  1  1  1  1 -1 -1  1  1  1  1  1  1  1  1  1  1  1  1  1  1 
[HOST]  1  1  1  1  1  1  1  1  1  1  1  1  1  1  1  1  1  1  1  1 
[HOST]  1  1  1  1  1  1  1  1  1  1  1  1  1  1  1  1  1  1  1  1 
[HOST]  1  1  1  1  1  1  1  1  1  1  1  1  1  1  1  1  1  1  1  1 
[HOST]  1  1  1  1  1  1  1  1  1  1  1  1  1  1  1  1  1  1  1  1 
[HOST]  1  1  1  1  1  1  1  1  1  1  1  1  1  1  1  1  1  1  1  1 
[HOST]  1  1  1  1  1  1  1  1  1  1  1  1  1  1  1  1  1  1  1  1 
[HOST]  1  1  1  1  1  1  1  1  1  1  1  1  1  1  1  1  1  1  1  1 
[HOST]  1  1  1  1  1  1  1  1  1  1  1  1  1  1  1  1  1  1  1  1 
[HOST]  1  1  1  1  1  1  1  1  1  1  1  1  1  1  1  1  1  1  1  1 
[HOST]  1  1  1  1  1  1  1  1  1  1  1  1  1  1  1  1  1  1  1  1 
[HOST]  1  1  1  1  1  1  1  1  1  1  1  1  1  1 -1 -1  1  1  1  1 
[HOST]  1  1  1  1  1  1  1  1  1  1  1  1  1  1  1 -1 -1 -1 -1  1 
[HOST]  1  1  1  1  1  1  1  1  1  1  1  1  1  1  1  1 -1 -1  1  1 
[HOST]  1  1  1  1  1  1  1  1  1  1  1  1  1  1  1  1 -1 -1 -1 -1 
[HOST]  1  1  1  1  1  1  1  1  1  1  1  1  1  1  1  1  1  1  1  1 
[HOST] 
[HOST] [存活单位]
[HOST] ├─ Piece #1
[HOST] │  所属: 玩家1 位置: (2,1)
[HOST] │  生命: 50/50 行动点: 1
[HOST] └─ 法术位: 3/3
[HOST] ├─ Piece #0
[HOST] │  所属: 玩家2 位置: (0,4)
[HOST] │  生命: 50/50 行动点: 1
[HOST] └─ 法术位: 3/3
[HOST] 
[HOST] [游戏状态] 进行中
[HOST] [INFO] 发送回合 24: listen=[0]
[TEST] 转发 client 0 的行动
[C0] [INFO] 回合 24: 已发送行动
[HOST] Now begin moving
[HOST] [Move] movement: 25
[HOST] [Move] Success
[HOST] Now begin attacking
[HOST] [Attack] Action Points: 0, Attack: True
[HOST] [Spell] 当前无延时法术。
[HOST] Piece 0 action points: 1
[HOST] Piece 1 action points: 1
[HOST] 
[HOST] ===== 回合 25 日志 =====
[HOST] 
[HOST] [当前行动棋子id]: 0
[HOST] 
[HOST] [行动队列] 剩余单位: 2存活 / 0阵亡
[HOST] 
[HOST] [地图]:
[HOST] 
[HOST]  1  1  1  1  0  1  1  1  1  1  1  1  1  1  1  1  1  1  1  1 
[HOST]  1  1  1  1  1  1  1  1  1  1  1  1  1  1  1  1  1  1  1  1 
[HOST]  1  1  1  1  1  1  1  1  1  1  1  1  1  1  1  1  1  1  1  1 
[HOST]  1  1  1  1 -1  1  1  1  1  1  1  1  1  1  1  1  1  1  1  1 
[HOST]  1  1  1  1 -1 -1  1  1  1  1  1  1  1  1  1  1  1  1  1  1 
[HOST]  1  1  1  1  1  1  1  1  1  1  1  1  1  1  1  1  1  1  1  1 
[HOST]  1  1  1  1  1  1  1  1  1  1  1  1  1  1  1  1  1  1  1  1 
[HOST]  1  1  1  1  1  1  1  1  1  1  1  1  1  1  1  1  1  1  1  1 
[HOST]  1  1  1  1  1  1  1  1  1  1  1  1  1  1  1  1  1  1  1  1 
[HOST]  1  1  1  1  1  1  1  1  1  1  1  1  1  1  1  1  1  1  1  1 
[HOST]  1  1  1  1  1  1  1  1  1  1  1  1  1  1  1  1  1  1  1  1 
[HOST]  1  1  1  1  1  1  1  1  1  1  1  1  1  1  1  1  1  1  1  1 
[HOST]  1  1  1  1  1  1  1  1  1  1  1  1  1  1  1  1  1  1  1  1 
[HOST]  1  1  1  1  1  1  1  1  1  1  1  1  1  1  1  1  1  1  1  1 
[HOST]  1  1  1  1  1  1  1  1  1  1  1  1  1  1  1  1  1  1  1  1 
[HOST]  1  1  1  1  1  1  1  1  1  1  1  1  1  1 -1 -1  1  1  1  1 
[HOST]  1  1  1  1  1  1  1  1  1  1  1  1  1  1  1 -1 -1 -1 -1  1 
[TEST] 收到 host 消息: target=-1, state=None, keys=['watch', '_target']
[TEST] 跳过观战消息[HOST]  1  1  1  1  1  1  1  1  1  1  1  1  1  1  1  1 -1 -1  1  1 

[TEST] 收到 host 消息: target=0, state=25, keys=['state', 'listen', 'player', 'content', '_target'][HOST]  1  1  1  1  1  1  1  1  1  1  1  1  1  1  1  1 -1 -1 -1 -1 

[TEST] 回合 25: listen=[1]
[HOST]  1  1  1  1  1  1  1  1  1  1  1  1  1  1  1  1  1  1  1  1 
[HOST] 
[HOST] [存活单位]
[HOST] ├─ Piece #0
[HOST] │  所属: 玩家2 位置: (0,4)
[HOST] │  生命: 50/50 行动点: 1
[HOST] └─ 法术位: 3/3
[HOST] ├─ Piece #1
[HOST] │  所属: 玩家1 位置: (0,3)
[HOST] │  生命: 50/50 行动点: 1
[HOST] └─ 法术位: 3/3
[HOST] 
[HOST] [游戏状态] 进行中
[HOST] [INFO] 发送回合 25: listen=[1]
[TEST] 转发 client 1 的行动[C1] [INFO] 回合 25: 已发送行动

[HOST] Now begin moving
[HOST] [Move] movement: 25
[HOST] [Move] Success
[HOST] Now begin attacking
[HOST] [Attack] Action Points: 0, Attack: True
[HOST] [Spell] 当前无延时法术。
[HOST] Piece 1 action points: 1
[HOST] Piece 0 action points: 1
[HOST] 
[HOST] ===== 回合 26 日志 =====
[HOST] 
[HOST] [当前行动棋子id]: 1
[HOST] 
[HOST] [行动队列] 剩余单位: 2存活 / 0阵亡
[HOST] 
[HOST] [地图]:
[HOST] 
[HOST]  1  1  1  1  1  1  1  1  1  1  1  1  1  1  1  1  1  1  1  1 
[HOST]  1  1  1  1  1  1  1  1  1  1  1  1  1  1  1  1  1  1  1  1 
[TEST] 收到 host 消息: target=-1, state=None, keys=['watch', '_target'][HOST]  0  1  1  1  1  1  1  1  1  1  1  1  1  1  1  1  1  1  1  1 

[TEST] 跳过观战消息[HOST]  1  1  1  1 -1  1  1  1  1  1  1  1  1  1  1  1  1  1  1  1 

[HOST]  1  1  1  1 -1 -1  1  1  1  1  1  1  1  1  1  1  1  1  1  1 
[TEST] 收到 host 消息: target=0, state=26, keys=['state', 'listen', 'player', 'content', '_target'][HOST]  1  1  1  1  1  1  1  1  1  1  1  1  1  1  1  1  1  1  1  1 

[TEST] 回合 26: listen=[0][HOST]  1  1  1  1  1  1  1  1  1  1  1  1  1  1  1  1  1  1  1  1 

[HOST]  1  1  1  1  1  1  1  1  1  1  1  1  1  1  1  1  1  1  1  1 
[HOST]  1  1  1  1  1  1  1  1  1  1  1  1  1  1  1  1  1  1  1  1 
[HOST]  1  1  1  1  1  1  1  1  1  1  1  1  1  1  1  1  1  1  1  1 
[HOST]  1  1  1  1  1  1  1  1  1  1  1  1  1  1  1  1  1  1  1  1 
[HOST]  1  1  1  1  1  1  1  1  1  1  1  1  1  1  1  1  1  1  1  1 
[HOST]  1  1  1  1  1  1  1  1  1  1  1  1  1  1  1  1  1  1  1  1 
[HOST]  1  1  1  1  1  1  1  1  1  1  1  1  1  1  1  1  1  1  1  1 
[HOST]  1  1  1  1  1  1  1  1  1  1  1  1  1  1  1  1  1  1  1  1 
[HOST]  1  1  1  1  1  1  1  1  1  1  1  1  1  1 -1 -1  1  1  1  1 
[HOST]  1  1  1  1  1  1  1  1  1  1  1  1  1  1  1 -1 -1 -1 -1  1 
[HOST]  1  1  1  1  1  1  1  1  1  1  1  1  1  1  1  1 -1 -1  1  1 
[HOST]  1  1  1  1  1  1  1  1  1  1  1  1  1  1  1  1 -1 -1 -1 -1 
[HOST]  1  1  1  1  1  1  1  1  1  1  1  1  1  1  1  1  1  1  1  1 
[HOST] 
[HOST] [存活单位]
[HOST] ├─ Piece #1
[HOST] │  所属: 玩家1 位置: (0,3)
[HOST] │  生命: 50/50 行动点: 1
[HOST] └─ 法术位: 3/3
[HOST] ├─ Piece #0
[HOST] │  所属: 玩家2 位置: (2,0)
[HOST] │  生命: 50/50 行动点: 1
[HOST] └─ 法术位: 3/3
[HOST] 
[HOST] [游戏状态] 进行中
[HOST] [INFO] 发送回合 26: listen=[0]
[C0] [INFO] 回合 26: 已发送行动
[TEST] 转发 client 0 的行动
[HOST] Now begin moving
[HOST] [Move] movement: 25
[HOST] [Move] Success
[HOST] Now begin attacking
[HOST] [Attack] Action Points: 0, Attack: True
[HOST] [Spell] 当前无延时法术。
[HOST] Piece 0 action points: 1
[HOST] Piece 1 action points: 1
[HOST] 
[HOST] ===== 回合 27 日志 =====
[HOST] 
[HOST] [当前行动棋子id]: 0
[HOST] 
[HOST] [行动队列] 剩余单位: 2存活 / 0阵亡
[HOST] 
[HOST] [地图]:
[HOST] 
[HOST]  1  1  1  1  1  1  1  1  1  1  1  1  1  1  1  1  1  1  1  1 
[HOST]  1  1  1  1  1  1  1  1  1  1  1  1  1  1  1  1  1  1  1  1 
[HOST]  0  1  1  1  1  1  1  1  1  1  1  1  1  1  1  1  1  1  1  1 
[HOST]  1  1  1  1 -1  1  1  1  1  1  1  1  1  1  1  1  1  1  1  1 
[TEST] 收到 host 消息: target=-1, state=None, keys=['watch', '_target'][HOST]  1  1  1  1 -1 -1  1  1  1  1  1  1  1  1  1  1  1  1  1  1 

[TEST] 跳过观战消息[HOST]  1  1  1  1  1  1  1  1  1  1  1  1  1  1  1  1  1  1  1  1 

[HOST]  1  1  1  1  1  1  1  1  1  1  1  1  1  1  1  1  1  1  1  1 
[TEST] 收到 host 消息: target=0, state=27, keys=['state', 'listen', 'player', 'content', '_target'][HOST]  1  1  1  1  1  1  1  1  1  1  1  1  1  1  1  1  1  1  1  1 

[TEST] 回合 27: listen=[1]
[HOST]  1  1  1  1  1  1  1  1  1  1  1  1  1  1  1  1  1  1  1  1 
[HOST]  1  1  1  1  1  1  1  1  1  1  1  1  1  1  1  1  1  1  1  1 
[HOST]  1  1  1  1  1  1  1  1  1  1  1  1  1  1  1  1  1  1  1  1 
[HOST]  1  1  1  1  1  1  1  1  1  1  1  1  1  1  1  1  1  1  1  1 
[HOST]  1  1  1  1  1  1  1  1  1  1  1  1  1  1  1  1  1  1  1  1 
[HOST]  1  1  1  1  1  1  1  1  1  1  1  1  1  1  1  1  1  1  1  1 
[HOST]  1  1  1  1  1  1  1  1  1  1  1  1  1  1  1  1  1  1  1  1 
[HOST]  1  1  1  1  1  1  1  1  1  1  1  1  1  1 -1 -1  1  1  1  1 
[HOST]  1  1  1  1  1  1  1  1  1  1  1  1  1  1  1 -1 -1 -1 -1  1 
[HOST]  1  1  1  1  1  1  1  1  1  1  1  1  1  1  1  1 -1 -1  1  1 
[HOST]  1  1  1  1  1  1  1  1  1  1  1  1  1  1  1  1 -1 -1 -1 -1 
[HOST]  1  1  1  1  1  1  1  1  1  1  1  1  1  1  1  1  1  1  1  1 
[HOST] 
[HOST] [存活单位]
[HOST] ├─ Piece #0
[HOST] │  所属: 玩家2 位置: (2,0)
[HOST] │  生命: 50/50 行动点: 1
[HOST] └─ 法术位: 3/3
[HOST] ├─ Piece #1
[HOST] │  所属: 玩家1 位置: (1,0)
[HOST] │  生命: 50/50 行动点: 1
[HOST] └─ 法术位: 3/3
[HOST] 
[HOST] [游戏状态] 进行中
[HOST] [INFO] 发送回合 27: listen=[1]
[TEST] 转发 client 1 的行动[C1] [INFO] 回合 27: 已发送行动

[HOST] Now begin moving
[HOST] [Move] movement: 25
[HOST] [Move] Success
[HOST] Now begin attacking
[HOST] [Attack] Action Points: 0, Attack: True
[HOST] [Spell] 当前无延时法术。
[HOST] Piece 1 action points: 1
[HOST] Piece 0 action points: 1
[HOST] 
[HOST] ===== 回合 28 日志 =====
[HOST] 
[HOST] [当前行动棋子id]: 1
[HOST] 
[HOST] [行动队列] 剩余单位: 2存活 / 0阵亡
[HOST] 
[HOST] [地图]:
[HOST] 
[HOST]  1  1  1  1  1  1  1  1  1  1  1  1  1  1  1  1  1  1  1  1 
[HOST]  1  1  1  1  1  1  1  1  1  1  1  1  1  1  1  1  1  1  1  1 
[TEST] 收到 host 消息: target=-1, state=None, keys=['watch', '_target'][HOST]  1  1  1  1  1  1  1  1  1  1  1  1  1  1  1  1  1  1  1  1 

[TEST] 跳过观战消息
[HOST]  1  1  1  0 -1  1  1  1  1  1  1  1  1  1  1  1  1  1  1  1 
[TEST] 收到 host 消息: target=0, state=28, keys=['state', 'listen', 'player', 'content', '_target']
[TEST] 回合 28: listen=[0][HOST]  1  1  1  1 -1 -1  1  1  1  1  1  1  1  1  1  1  1  1  1  1 

[HOST]  1  1  1  1  1  1  1  1  1  1  1  1  1  1  1  1  1  1  1  1 
[HOST]  1  1  1  1  1  1  1  1  1  1  1  1  1  1  1  1  1  1  1  1 
[HOST]  1  1  1  1  1  1  1  1  1  1  1  1  1  1  1  1  1  1  1  1 
[HOST]  1  1  1  1  1  1  1  1  1  1  1  1  1  1  1  1  1  1  1  1 
[HOST]  1  1  1  1  1  1  1  1  1  1  1  1  1  1  1  1  1  1  1  1 
[HOST]  1  1  1  1  1  1  1  1  1  1  1  1  1  1  1  1  1  1  1  1 
[HOST]  1  1  1  1  1  1  1  1  1  1  1  1  1  1  1  1  1  1  1  1 
[HOST]  1  1  1  1  1  1  1  1  1  1  1  1  1  1  1  1  1  1  1  1 
[HOST]  1  1  1  1  1  1  1  1  1  1  1  1  1  1  1  1  1  1  1  1 
[HOST]  1  1  1  1  1  1  1  1  1  1  1  1  1  1  1  1  1  1  1  1 
[HOST]  1  1  1  1  1  1  1  1  1  1  1  1  1  1 -1 -1  1  1  1  1 
[HOST]  1  1  1  1  1  1  1  1  1  1  1  1  1  1  1 -1 -1 -1 -1  1 
[HOST]  1  1  1  1  1  1  1  1  1  1  1  1  1  1  1  1 -1 -1  1  1 
[HOST]  1  1  1  1  1  1  1  1  1  1  1  1  1  1  1  1 -1 -1 -1 -1 
[HOST]  1  1  1  1  1  1  1  1  1  1  1  1  1  1  1  1  1  1  1  1 
[HOST] 
[HOST] [存活单位]
[HOST] ├─ Piece #1
[HOST] │  所属: 玩家1 位置: (1,0)
[HOST] │  生命: 50/50 行动点: 1
[HOST] └─ 法术位: 3/3
[HOST] ├─ Piece #0
[HOST] │  所属: 玩家2 位置: (3,3)
[HOST] │  生命: 50/50 行动点: 1
[HOST] └─ 法术位: 3/3
[HOST] 
[HOST] [游戏状态] 进行中
[HOST] [INFO] 发送回合 28: listen=[0]
[TEST] 转发 client 0 的行动[C0] [INFO] 回合 28: 已发送行动

[HOST] Now begin moving
[HOST] [Move] movement: 25
[HOST] [Move] Success
[HOST] Now begin attacking
[HOST] [Attack] Action Points: 0, Attack: True
[HOST] [Spell] 当前无延时法术。
[HOST] Piece 0 action points: 1
[HOST] Piece 1 action points: 1
[HOST] 
[HOST] ===== 回合 29 日志 =====
[HOST] 
[HOST] [当前行动棋子id]: 0
[HOST] 
[HOST] [行动队列] 剩余单位: 2存活 / 0阵亡
[TEST] 收到 host 消息: target=-1, state=None, keys=['watch', '_target'][HOST] 

[TEST] 跳过观战消息[HOST] [地图]:

[HOST] 
[TEST] 收到 host 消息: target=0, state=29, keys=['state', 'listen', 'player', 'content', '_target']
[TEST] 回合 29: listen=[1][HOST]  1  1  1  1  1  1  1  1  1  1  1  1  1  1  1  1  1  1  1  1 

[HOST]  1  1  1  1  1  1  1  1  1  1  1  1  1  1  1  1  1  1  1  1 
[HOST]  1  1  1  1  1  1  1  1  1  1  1  1  1  1  1  1  1  1  1  1 
[HOST]  1  1  1  0 -1  1  1  1  1  1  1  1  1  1  1  1  1  1  1  1 
[HOST]  1  1  1  1 -1 -1  1  1  1  1  1  1  1  1  1  1  1  1  1  1 
[HOST]  1  1  1  1  1  1  1  1  1  1  1  1  1  1  1  1  1  1  1  1 
[HOST]  1  1  1  1  1  1  1  1  1  1  1  1  1  1  1  1  1  1  1  1 
[HOST]  1  1  1  1  1  1  1  1  1  1  1  1  1  1  1  1  1  1  1  1 
[HOST]  1  1  1  1  1  1  1  1  1  1  1  1  1  1  1  1  1  1  1  1 
[HOST]  1  1  1  1  1  1  1  1  1  1  1  1  1  1  1  1  1  1  1  1 
[HOST]  1  1  1  1  1  1  1  1  1  1  1  1  1  1  1  1  1  1  1  1 
[HOST]  1  1  1  1  1  1  1  1  1  1  1  1  1  1  1  1  1  1  1  1 
[HOST]  1  1  1  1  1  1  1  1  1  1  1  1  1  1  1  1  1  1  1  1 
[HOST]  1  1  1  1  1  1  1  1  1  1  1  1  1  1  1  1  1  1  1  1 
[HOST]  1  1  1  1  1  1  1  1  1  1  1  1  1  1  1  1  1  1  1  1 
[HOST]  1  1  1  1  1  1  1  1  1  1  1  1  1  1 -1 -1  1  1  1  1 
[HOST]  1  1  1  1  1  1  1  1  1  1  1  1  1  1  1 -1 -1 -1 -1  1 
[HOST]  1  1  1  1  1  1  1  1  1  1  1  1  1  1  1  1 -1 -1  1  1 
[HOST]  1  1  1  1  1  1  1  1  1  1  1  1  1  1  1  1 -1 -1 -1 -1 
[HOST]  1  1  1  1  1  1  1  1  1  1  1  1  1  1  1  1  1  1  1  1 
[HOST] 
[HOST] [存活单位]
[HOST] ├─ Piece #0
[HOST] │  所属: 玩家2 位置: (3,3)
[HOST] │  生命: 50/50 行动点: 1
[HOST] └─ 法术位: 3/3
[HOST] ├─ Piece #1
[HOST] │  所属: 玩家1 位置: (2,3)
[HOST] │  生命: 50/50 行动点: 1
[HOST] └─ 法术位: 3/3
[HOST] 
[HOST] [游戏状态] 进行中
[HOST] [INFO] 发送回合 29: listen=[1]
[TEST] 转发 client 1 的行动[C1] [INFO] 回合 29: 已发送行动

[HOST] Now begin moving
[HOST] [Move] movement: 25
[HOST] [Move] Success
[HOST] Now begin attacking
[HOST] [Attack] Action Points: 0, Attack: True
[HOST] [Spell] 当前无延时法术。
[HOST] Piece 1 action points: 1
[HOST] Piece 0 action points: 1
[HOST] 
[HOST] ===== 回合 30 日志 =====
[HOST] 
[HOST] [当前行动棋子id]: 1
[HOST] 
[HOST] [行动队列] 剩余单位: 2存活 / 0阵亡
[HOST] 
[HOST] [地图]:
[HOST] 
[TEST] 收到 host 消息: target=-1, state=None, keys=['watch', '_target'][HOST]  0  1  1  1  1  1  1  1  1  1  1  1  1  1  1  1  1  1  1  1 

[TEST] 跳过观战消息
[TEST] 收到 host 消息: target=0, state=30, keys=['state', 'listen', 'player', 'content', '_target'][HOST]  1  1  1  1  1  1  1  1  1  1  1  1  1  1  1  1  1  1  1  1 

[TEST] 回合 30: listen=[0][HOST]  1  1  1  1  1  1  1  1  1  1  1  1  1  1  1  1  1  1  1  1 

[HOST]  1  1  1  1 -1  1  1  1  1  1  1  1  1  1  1  1  1  1  1  1 
[HOST]  1  1  1  1 -1 -1  1  1  1  1  1  1  1  1  1  1  1  1  1  1 
[HOST]  1  1  1  1  1  1  1  1  1  1  1  1  1  1  1  1  1  1  1  1 
[HOST]  1  1  1  1  1  1  1  1  1  1  1  1  1  1  1  1  1  1  1  1 
[HOST]  1  1  1  1  1  1  1  1  1  1  1  1  1  1  1  1  1  1  1  1 
[HOST]  1  1  1  1  1  1  1  1  1  1  1  1  1  1  1  1  1  1  1  1 
[HOST]  1  1  1  1  1  1  1  1  1  1  1  1  1  1  1  1  1  1  1  1 
[HOST]  1  1  1  1  1  1  1  1  1  1  1  1  1  1  1  1  1  1  1  1 
[HOST]  1  1  1  1  1  1  1  1  1  1  1  1  1  1  1  1  1  1  1  1 
[HOST]  1  1  1  1  1  1  1  1  1  1  1  1  1  1  1  1  1  1  1  1 
[HOST]  1  1  1  1  1  1  1  1  1  1  1  1  1  1  1  1  1  1  1  1 
[HOST]  1  1  1  1  1  1  1  1  1  1  1  1  1  1  1  1  1  1  1  1 
[HOST]  1  1  1  1  1  1  1  1  1  1  1  1  1  1 -1 -1  1  1  1  1 
[HOST]  1  1  1  1  1  1  1  1  1  1  1  1  1  1  1 -1 -1 -1 -1  1 
[HOST]  1  1  1  1  1  1  1  1  1  1  1  1  1  1  1  1 -1 -1  1  1 
[HOST]  1  1  1  1  1  1  1  1  1  1  1  1  1  1  1  1 -1 -1 -1 -1 
[HOST]  1  1  1  1  1  1  1  1  1  1  1  1  1  1  1  1  1  1  1  1 
[HOST] 
[HOST] [存活单位]
[HOST] ├─ Piece #1
[HOST] │  所属: 玩家1 位置: (2,3)
[HOST] │  生命: 50/50 行动点: 1
[HOST] └─ 法术位: 3/3
[HOST] ├─ Piece #0
[HOST] │  所属: 玩家2 位置: (0,0)
[HOST] │  生命: 50/50 行动点: 1
[HOST] └─ 法术位: 3/3
[HOST] 
[HOST] [游戏状态] 进行中
[HOST] [INFO] 发送回合 30: listen=[0]
[C0] [INFO] 回合 30: 已发送行动
[TEST] 转发 client 0 的行动
[HOST] Now begin moving
[HOST] [Move] movement: 25
[HOST] [Move] Success
[HOST] Now begin attacking
[HOST] [Attack] Action Points: 0, Attack: True
[HOST] [Spell] 当前无延时法术。
[HOST] Piece 0 action points: 1
[HOST] Piece 1 action points: 1
[HOST] 
[HOST] ===== 回合 31 日志 =====
[HOST] 
[HOST] [当前行动棋子id]: 0
[HOST] 
[HOST] [行动队列] 剩余单位: 2存活 / 0阵亡
[HOST] 
[HOST] [地图]:
[HOST] 
[HOST]  0  1  1  1  1  1  1  1  1  1  1  1  1  1  1  1  1  1  1  1 
[HOST]  1  1  1  1  1  1  1  1  1  1  1  1  1  1  1  1  1  1  1  1 
[HOST]  1  1  1  1  1  1  1  1  1  1  1  1  1  1  1  1  1  1  1  1 
[TEST] 收到 host 消息: target=-1, state=None, keys=['watch', '_target'][HOST]  1  1  1  1 -1  1  1  1  1  1  1  1  1  1  1  1  1  1  1  1 

[TEST] 跳过观战消息
[HOST]  1  1  1  1 -1 -1  1  1  1  1  1  1  1  1  1  1  1  1  1  1 
[TEST] 收到 host 消息: target=0, state=31, keys=['state', 'listen', 'player', 'content', '_target'][HOST]  1  1  1  1  1  1  1  1  1  1  1  1  1  1  1  1  1  1  1  1 

[TEST] 回合 31: listen=[1][HOST]  1  1  1  1  1  1  1  1  1  1  1  1  1  1  1  1  1  1  1  1 

[HOST]  1  1  1  1  1  1  1  1  1  1  1  1  1  1  1  1  1  1  1  1 
[HOST]  1  1  1  1  1  1  1  1  1  1  1  1  1  1  1  1  1  1  1  1 
[HOST]  1  1  1  1  1  1  1  1  1  1  1  1  1  1  1  1  1  1  1  1 
[HOST]  1  1  1  1  1  1  1  1  1  1  1  1  1  1  1  1  1  1  1  1 
[HOST]  1  1  1  1  1  1  1  1  1  1  1  1  1  1  1  1  1  1  1  1 
[HOST]  1  1  1  1  1  1  1  1  1  1  1  1  1  1  1  1  1  1  1  1 
[HOST]  1  1  1  1  1  1  1  1  1  1  1  1  1  1  1  1  1  1  1  1 
[HOST]  1  1  1  1  1  1  1  1  1  1  1  1  1  1  1  1  1  1  1  1 
[HOST]  1  1  1  1  1  1  1  1  1  1  1  1  1  1 -1 -1  1  1  1  1 
[HOST]  1  1  1  1  1  1  1  1  1  1  1  1  1  1  1 -1 -1 -1 -1  1 
[HOST]  1  1  1  1  1  1  1  1  1  1  1  1  1  1  1  1 -1 -1  1  1 
[HOST]  1  1  1  1  1  1  1  1  1  1  1  1  1  1  1  1 -1 -1 -1 -1 
[HOST]  1  1  1  1  1  1  1  1  1  1  1  1  1  1  1  1  1  1  1  1 
[HOST] 
[HOST] [存活单位]
[HOST] ├─ Piece #0
[HOST] │  所属: 玩家2 位置: (0,0)
[HOST] │  生命: 50/50 行动点: 1
[HOST] └─ 法术位: 3/3
[HOST] ├─ Piece #1
[HOST] │  所属: 玩家1 位置: (0,1)
[HOST] │  生命: 50/50 行动点: 1
[HOST] └─ 法术位: 3/3
[HOST] 
[HOST] [游戏状态] 进行中
[HOST] [INFO] 发送回合 31: listen=[1]
[TEST] 转发 client 1 的行动
[C1] [INFO] 回合 31: 已发送行动
[HOST] Now begin moving
[HOST] [Move] movement: 25
[HOST] [Move] Success
[HOST] Now begin attacking
[HOST] [Attack] Action Points: 0, Attack: True
[HOST] [Spell] 当前无延时法术。
[HOST] Piece 1 action points: 1
[HOST] Piece 0 action points: 1
[HOST] 
[HOST] ===== 回合 32 日志 =====
[HOST] 
[HOST] [当前行动棋子id]: 1
[HOST] 
[HOST] [行动队列] 剩余单位: 2存活 / 0阵亡
[HOST] 
[HOST] [地图]:
[HOST] 
[HOST]  1  1  1  1  1  1  1  1  1  1  1  1  1  1  1  1  1  1  1  1 
[TEST] 收到 host 消息: target=-1, state=None, keys=['watch', '_target']
[TEST] 跳过观战消息[HOST]  1  1  1  1  1  1  1  1  1  1  1  1  1  1  1  1  1  1  1  1 

[HOST]  1  1  1  1  0  1  1  1  1  1  1  1  1  1  1  1  1  1  1  1 
[TEST] 收到 host 消息: target=0, state=32, keys=['state', 'listen', 'player', 'content', '_target']
[TEST] 回合 32: listen=[0][HOST]  1  1  1  1 -1  1  1  1  1  1  1  1  1  1  1  1  1  1  1  1 

[HOST]  1  1  1  1 -1 -1  1  1  1  1  1  1  1  1  1  1  1  1  1  1 
[HOST]  1  1  1  1  1  1  1  1  1  1  1  1  1  1  1  1  1  1  1  1 
[HOST]  1  1  1  1  1  1  1  1  1  1  1  1  1  1  1  1  1  1  1  1 
[HOST]  1  1  1  1  1  1  1  1  1  1  1  1  1  1  1  1  1  1  1  1 
[HOST]  1  1  1  1  1  1  1  1  1  1  1  1  1  1  1  1  1  1  1  1 
[HOST]  1  1  1  1  1  1  1  1  1  1  1  1  1  1  1  1  1  1  1  1 
[HOST]  1  1  1  1  1  1  1  1  1  1  1  1  1  1  1  1  1  1  1  1 
[HOST]  1  1  1  1  1  1  1  1  1  1  1  1  1  1  1  1  1  1  1  1 
[HOST]  1  1  1  1  1  1  1  1  1  1  1  1  1  1  1  1  1  1  1  1 
[HOST]  1  1  1  1  1  1  1  1  1  1  1  1  1  1  1  1  1  1  1  1 
[HOST]  1  1  1  1  1  1  1  1  1  1  1  1  1  1  1  1  1  1  1  1 
[HOST]  1  1  1  1  1  1  1  1  1  1  1  1  1  1 -1 -1  1  1  1  1 
[HOST]  1  1  1  1  1  1  1  1  1  1  1  1  1  1  1 -1 -1 -1 -1  1 
[HOST]  1  1  1  1  1  1  1  1  1  1  1  1  1  1  1  1 -1 -1  1  1 
[HOST]  1  1  1  1  1  1  1  1  1  1  1  1  1  1  1  1 -1 -1 -1 -1 
[HOST]  1  1  1  1  1  1  1  1  1  1  1  1  1  1  1  1  1  1  1  1 
[HOST] 
[HOST] [存活单位]
[HOST] ├─ Piece #1
[HOST] │  所属: 玩家1 位置: (0,1)
[HOST] │  生命: 50/50 行动点: 1
[HOST] └─ 法术位: 3/3
[HOST] ├─ Piece #0
[HOST] │  所属: 玩家2 位置: (2,4)
[HOST] │  生命: 50/50 行动点: 1
[HOST] └─ 法术位: 3/3
[HOST] 
[HOST] [游戏状态] 进行中
[HOST] [INFO] 发送回合 32: listen=[0]
[TEST] 转发 client 0 的行动[C0] [INFO] 回合 32: 已发送行动

[HOST] Now begin moving
[HOST] [Move] movement: 25
[HOST] [Move] Success
[HOST] Now begin attacking
[HOST] [Attack] Action Points: 0, Attack: True
[HOST] [Spell] 当前无延时法术。
[HOST] Piece 0 action points: 1
[HOST] Piece 1 action points: 1
[HOST] 
[HOST] ===== 回合 33 日志 =====
[HOST] 
[HOST] [当前行动棋子id]: 0
[HOST] 
[HOST] [行动队列] 剩余单位: 2存活 / 0阵亡
[HOST] 
[HOST] [地图]:
[HOST] 
[HOST]  1  1  1  1  1  1  1  1  1  1  1  1  1  1  1  1  1  1  1  1 
[HOST]  1  1  1  1  1  1  1  1  1  1  1  1  1  1  1  1  1  1  1  1 
[HOST]  1  1  1  1  0  1  1  1  1  1  1  1  1  1  1  1  1  1  1  1 
[HOST]  1  1  1  1 -1  1  1  1  1  1  1  1  1  1  1  1  1  1  1  1 
[TEST] 收到 host 消息: target=-1, state=None, keys=['watch', '_target']
[TEST] 跳过观战消息[HOST]  1  1  1  1 -1 -1  1  1  1  1  1  1  1  1  1  1  1  1  1  1 

[TEST] 收到 host 消息: target=0, state=33, keys=['state', 'listen', 'player', 'content', '_target'][HOST]  1  1  1  1  1  1  1  1  1  1  1  1  1  1  1  1  1  1  1  1 

[TEST] 回合 33: listen=[1][HOST]  1  1  1  1  1  1  1  1  1  1  1  1  1  1  1  1  1  1  1  1 

[HOST]  1  1  1  1  1  1  1  1  1  1  1  1  1  1  1  1  1  1  1  1 
[HOST]  1  1  1  1  1  1  1  1  1  1  1  1  1  1  1  1  1  1  1  1 
[HOST]  1  1  1  1  1  1  1  1  1  1  1  1  1  1  1  1  1  1  1  1 
[HOST]  1  1  1  1  1  1  1  1  1  1  1  1  1  1  1  1  1  1  1  1 
[HOST]  1  1  1  1  1  1  1  1  1  1  1  1  1  1  1  1  1  1  1  1 
[HOST]  1  1  1  1  1  1  1  1  1  1  1  1  1  1  1  1  1  1  1  1 
[HOST]  1  1  1  1  1  1  1  1  1  1  1  1  1  1  1  1  1  1  1  1 
[HOST]  1  1  1  1  1  1  1  1  1  1  1  1  1  1  1  1  1  1  1  1 
[HOST]  1  1  1  1  1  1  1  1  1  1  1  1  1  1 -1 -1  1  1  1  1 
[HOST]  1  1  1  1  1  1  1  1  1  1  1  1  1  1  1 -1 -1 -1 -1  1 
[HOST]  1  1  1  1  1  1  1  1  1  1  1  1  1  1  1  1 -1 -1  1  1 
[HOST]  1  1  1  1  1  1  1  1  1  1  1  1  1  1  1  1 -1 -1 -1 -1 
[HOST]  1  1  1  1  1  1  1  1  1  1  1  1  1  1  1  1  1  1  1  1 
[HOST] 
[HOST] [存活单位]
[HOST] ├─ Piece #0
[HOST] │  所属: 玩家2 位置: (2,4)
[HOST] │  生命: 50/50 行动点: 1
[HOST] └─ 法术位: 3/3
[HOST] ├─ Piece #1
[HOST] │  所属: 玩家1 位置: (1,4)
[HOST] │  生命: 50/50 行动点: 1
[HOST] └─ 法术位: 3/3
[HOST] 
[HOST] [游戏状态] 进行中
[HOST] [INFO] 发送回合 33: listen=[1]
[TEST] 转发 client 1 的行动
[C1] [INFO] 回合 33: 已发送行动
[HOST] Now begin moving
[HOST] [Move] movement: 25
[HOST] [Move] Success
[HOST] Now begin attacking
[HOST] [Attack] Action Points: 0, Attack: True
[HOST] [Spell] 当前无延时法术。
[HOST] Piece 1 action points: 1
[HOST] Piece 0 action points: 1
[HOST] 
[HOST] ===== 回合 34 日志 =====
[HOST] 
[HOST] [当前行动棋子id]: 1
[HOST] 
[HOST] [行动队列] 剩余单位: 2存活 / 0阵亡
[HOST] 
[HOST] [地图]:
[HOST] 
[HOST]  1  1  1  1  1  1  1  1  1  1  1  1  1  1  1  1  1  1  1  1 
[HOST]  1  1  1  1  1  1  1  1  1  1  1  1  1  1  1  1  1  1  1  1 
[HOST]  1  1  1  1  1  1  1  1  1  1  1  1  1  1  1  1  1  1  1  1 
[TEST] 收到 host 消息: target=-1, state=None, keys=['watch', '_target'][HOST]  1  0  1  1 -1  1  1  1  1  1  1  1  1  1  1  1  1  1  1  1 

[TEST] 跳过观战消息
[TEST] 收到 host 消息: target=0, state=34, keys=['state', 'listen', 'player', 'content', '_target'][HOST]  1  1  1  1 -1 -1  1  1  1  1  1  1  1  1  1  1  1  1  1  1 

[TEST] 回合 34: listen=[0][HOST]  1  1  1  1  1  1  1  1  1  1  1  1  1  1  1  1  1  1  1  1 

[HOST]  1  1  1  1  1  1  1  1  1  1  1  1  1  1  1  1  1  1  1  1 
[HOST]  1  1  1  1  1  1  1  1  1  1  1  1  1  1  1  1  1  1  1  1 
[HOST]  1  1  1  1  1  1  1  1  1  1  1  1  1  1  1  1  1  1  1  1 
[HOST]  1  1  1  1  1  1  1  1  1  1  1  1  1  1  1  1  1  1  1  1 
[HOST]  1  1  1  1  1  1  1  1  1  1  1  1  1  1  1  1  1  1  1  1 
[HOST]  1  1  1  1  1  1  1  1  1  1  1  1  1  1  1  1  1  1  1  1 
[HOST]  1  1  1  1  1  1  1  1  1  1  1  1  1  1  1  1  1  1  1  1 
[HOST]  1  1  1  1  1  1  1  1  1  1  1  1  1  1  1  1  1  1  1  1 
[HOST]  1  1  1  1  1  1  1  1  1  1  1  1  1  1  1  1  1  1  1  1 
[HOST]  1  1  1  1  1  1  1  1  1  1  1  1  1  1 -1 -1  1  1  1  1 
[HOST]  1  1  1  1  1  1  1  1  1  1  1  1  1  1  1 -1 -1 -1 -1  1 
[HOST]  1  1  1  1  1  1  1  1  1  1  1  1  1  1  1  1 -1 -1  1  1 
[HOST]  1  1  1  1  1  1  1  1  1  1  1  1  1  1  1  1 -1 -1 -1 -1 
[HOST]  1  1  1  1  1  1  1  1  1  1  1  1  1  1  1  1  1  1  1  1 
[HOST] 
[HOST] [存活单位]
[HOST] ├─ Piece #1
[HOST] │  所属: 玩家1 位置: (1,4)
[HOST] │  生命: 50/50 行动点: 1
[HOST] └─ 法术位: 3/3
[HOST] ├─ Piece #0
[HOST] │  所属: 玩家2 位置: (3,1)
[HOST] │  生命: 50/50 行动点: 1
[HOST] └─ 法术位: 3/3
[HOST] 
[HOST] [游戏状态] 进行中
[HOST] [INFO] 发送回合 34: listen=[0]
[TEST] 转发 client 0 的行动[C0] [INFO] 回合 34: 已发送行动

[HOST] Now begin moving
[HOST] [Move] movement: 25
[HOST] [Move] Success
[HOST] Now begin attacking
[HOST] [Attack] Action Points: 0, Attack: True
[HOST] [Spell] 当前无延时法术。
[HOST] Piece 0 action points: 1
[HOST] Piece 1 action points: 1
[HOST] 
[HOST] ===== 回合 35 日志 =====
[HOST] 
[HOST] [当前行动棋子id]: 0
[HOST] 
[HOST] [行动队列] 剩余单位: 2存活 / 0阵亡
[HOST] 
[HOST] [地图]:
[TEST] 收到 host 消息: target=-1, state=None, keys=['watch', '_target'][HOST] 

[TEST] 跳过观战消息[HOST]  1  1  1  1  1  1  1  1  1  1  1  1  1  1  1  1  1  1  1  1 

[HOST]  1  1  1  1  1  1  1  1  1  1  1  1  1  1  1  1  1  1  1  1 
[TEST] 收到 host 消息: target=0, state=35, keys=['state', 'listen', 'player', 'content', '_target']
[TEST] 回合 35: listen=[1][HOST]  1  1  1  1  1  1  1  1  1  1  1  1  1  1  1  1  1  1  1  1 

[HOST]  1  0  1  1 -1  1  1  1  1  1  1  1  1  1  1  1  1  1  1  1 
[HOST]  1  1  1  1 -1 -1  1  1  1  1  1  1  1  1  1  1  1  1  1  1 
[HOST]  1  1  1  1  1  1  1  1  1  1  1  1  1  1  1  1  1  1  1  1 
[HOST]  1  1  1  1  1  1  1  1  1  1  1  1  1  1  1  1  1  1  1  1 
[HOST]  1  1  1  1  1  1  1  1  1  1  1  1  1  1  1  1  1  1  1  1 
[HOST]  1  1  1  1  1  1  1  1  1  1  1  1  1  1  1  1  1  1  1  1 
[HOST]  1  1  1  1  1  1  1  1  1  1  1  1  1  1  1  1  1  1  1  1 
[HOST]  1  1  1  1  1  1  1  1  1  1  1  1  1  1  1  1  1  1  1  1 
[HOST]  1  1  1  1  1  1  1  1  1  1  1  1  1  1  1  1  1  1  1  1 
[HOST]  1  1  1  1  1  1  1  1  1  1  1  1  1  1  1  1  1  1  1  1 
[HOST]  1  1  1  1  1  1  1  1  1  1  1  1  1  1  1  1  1  1  1  1 
[HOST]  1  1  1  1  1  1  1  1  1  1  1  1  1  1  1  1  1  1  1  1 
[HOST]  1  1  1  1  1  1  1  1  1  1  1  1  1  1 -1 -1  1  1  1  1 
[HOST]  1  1  1  1  1  1  1  1  1  1  1  1  1  1  1 -1 -1 -1 -1  1 
[HOST]  1  1  1  1  1  1  1  1  1  1  1  1  1  1  1  1 -1 -1  1  1 
[HOST]  1  1  1  1  1  1  1  1  1  1  1  1  1  1  1  1 -1 -1 -1 -1 
[HOST]  1  1  1  1  1  1  1  1  1  1  1  1  1  1  1  1  1  1  1  1 
[HOST] 
[HOST] [存活单位]
[HOST] ├─ Piece #0
[HOST] │  所属: 玩家2 位置: (3,1)
[HOST] │  生命: 50/50 行动点: 1
[HOST] └─ 法术位: 3/3
[HOST] ├─ Piece #1
[HOST] │  所属: 玩家1 位置: (2,1)
[HOST] │  生命: 50/50 行动点: 1
[HOST] └─ 法术位: 3/3
[HOST] 
[HOST] [游戏状态] 进行中
[HOST] [INFO] 发送回合 35: listen=[1]
[TEST] 转发 client 1 的行动[C1] [INFO] 回合 35: 已发送行动

[HOST] Now begin moving
[HOST] [Move] movement: 25
[HOST] [Move] Success
[HOST] Now begin attacking
[HOST] [Attack] Action Points: 0, Attack: True
[HOST] [Spell] 当前无延时法术。
[HOST] Piece 1 action points: 1
[HOST] Piece 0 action points: 1
[HOST] 
[HOST] ===== 回合 36 日志 =====
[HOST] 
[HOST] [当前行动棋子id]: 1
[HOST] 
[HOST] [行动队列] 剩余单位: 2存活 / 0阵亡
[HOST] 
[HOST] [地图]:
[TEST] 收到 host 消息: target=-1, state=None, keys=['watch', '_target']
[TEST] 跳过观战消息[HOST] 

[TEST] 收到 host 消息: target=0, state=36, keys=['state', 'listen', 'player', 'content', '_target'][HOST]  1  1  1  1  0  1  1  1  1  1  1  1  1  1  1  1  1  1  1  1 

[TEST] 回合 36: listen=[0]
[HOST]  1  1  1  1  1  1  1  1  1  1  1  1  1  1  1  1  1  1  1  1 
[HOST]  1  1  1  1  1  1  1  1  1  1  1  1  1  1  1  1  1  1  1  1 
[HOST]  1  1  1  1 -1  1  1  1  1  1  1  1  1  1  1  1  1  1  1  1 
[HOST]  1  1  1  1 -1 -1  1  1  1  1  1  1  1  1  1  1  1  1  1  1 
[HOST]  1  1  1  1  1  1  1  1  1  1  1  1  1  1  1  1  1  1  1  1 
[HOST]  1  1  1  1  1  1  1  1  1  1  1  1  1  1  1  1  1  1  1  1 
[HOST]  1  1  1  1  1  1  1  1  1  1  1  1  1  1  1  1  1  1  1  1 
[HOST]  1  1  1  1  1  1  1  1  1  1  1  1  1  1  1  1  1  1  1  1 
[HOST]  1  1  1  1  1  1  1  1  1  1  1  1  1  1  1  1  1  1  1  1 
[HOST]  1  1  1  1  1  1  1  1  1  1  1  1  1  1  1  1  1  1  1  1 
[HOST]  1  1  1  1  1  1  1  1  1  1  1  1  1  1  1  1  1  1  1  1 
[HOST]  1  1  1  1  1  1  1  1  1  1  1  1  1  1  1  1  1  1  1  1 
[HOST]  1  1  1  1  1  1  1  1  1  1  1  1  1  1  1  1  1  1  1  1 
[HOST]  1  1  1  1  1  1  1  1  1  1  1  1  1  1  1  1  1  1  1  1 
[HOST]  1  1  1  1  1  1  1  1  1  1  1  1  1  1 -1 -1  1  1  1  1 
[HOST]  1  1  1  1  1  1  1  1  1  1  1  1  1  1  1 -1 -1 -1 -1  1 
[HOST]  1  1  1  1  1  1  1  1  1  1  1  1  1  1  1  1 -1 -1  1  1 
[HOST]  1  1  1  1  1  1  1  1  1  1  1  1  1  1  1  1 -1 -1 -1 -1 
[HOST]  1  1  1  1  1  1  1  1  1  1  1  1  1  1  1  1  1  1  1  1 
[HOST] 
[HOST] [存活单位]
[HOST] ├─ Piece #1
[HOST] │  所属: 玩家1 位置: (2,1)
[HOST] │  生命: 50/50 行动点: 1
[HOST] └─ 法术位: 3/3
[HOST] ├─ Piece #0
[HOST] │  所属: 玩家2 位置: (0,4)
[HOST] │  生命: 50/50 行动点: 1
[HOST] └─ 法术位: 3/3
[HOST] 
[HOST] [游戏状态] 进行中
[HOST] [INFO] 发送回合 36: listen=[0]
[TEST] 转发 client 0 的行动[C0] [INFO] 回合 36: 已发送行动

[HOST] Now begin moving
[HOST] [Move] movement: 25
[HOST] [Move] Success
[HOST] Now begin attacking
[HOST] [Attack] Action Points: 0, Attack: True
[HOST] [Spell] 当前无延时法术。
[HOST] Piece 0 action points: 1
[HOST] Piece 1 action points: 1
[HOST] 
[HOST] ===== 回合 37 日志 =====
[HOST] 
[HOST] [当前行动棋子id]: 0
[HOST] 
[HOST] [行动队列] 剩余单位: 2存活 / 0阵亡
[HOST] 
[HOST] [地图]:
[HOST] 
[HOST]  1  1  1  1  0  1  1  1  1  1  1  1  1  1  1  1  1  1  1  1 
[HOST]  1  1  1  1  1  1  1  1  1  1  1  1  1  1  1  1  1  1  1  1 
[HOST]  1  1  1  1  1  1  1  1  1  1  1  1  1  1  1  1  1  1  1  1 
[HOST]  1  1  1  1 -1  1  1  1  1  1  1  1  1  1  1  1  1  1  1  1 
[HOST]  1  1  1  1 -1 -1  1  1  1  1  1  1  1  1  1  1  1  1  1  1 
[HOST]  1  1  1  1  1  1  1  1  1  1  1  1  1  1  1  1  1  1  1  1 
[HOST]  1  1  1  1  1  1  1  1  1  1  1  1  1  1  1  1  1  1  1  1 
[HOST]  1  1  1  1  1  1  1  1  1  1  1  1  1  1  1  1  1  1  1  1 
[HOST]  1  1  1  1  1  1  1  1  1  1  1  1  1  1  1  1  1  1  1  1 
[HOST]  1  1  1  1  1  1  1  1  1  1  1  1  1  1  1  1  1  1  1  1 
[HOST]  1  1  1  1  1  1  1  1  1  1  1  1  1  1  1  1  1  1  1  1 
[HOST]  1  1  1  1  1  1  1  1  1  1  1  1  1  1  1  1  1  1  1  1 
[HOST]  1  1  1  1  1  1  1  1  1  1  1  1  1  1  1  1  1  1  1  1 
[TEST] 收到 host 消息: target=-1, state=None, keys=['watch', '_target']
[TEST] 跳过观战消息[HOST]  1  1  1  1  1  1  1  1  1  1  1  1  1  1  1  1  1  1  1  1 

[HOST]  1  1  1  1  1  1  1  1  1  1  1  1  1  1  1  1  1  1  1  1 
[TEST] 收到 host 消息: target=0, state=37, keys=['state', 'listen', 'player', 'content', '_target']
[TEST] 回合 37: listen=[1][HOST]  1  1  1  1  1  1  1  1  1  1  1  1  1  1 -1 -1  1  1  1  1 

[HOST]  1  1  1  1  1  1  1  1  1  1  1  1  1  1  1 -1 -1 -1 -1  1 
[HOST]  1  1  1  1  1  1  1  1  1  1  1  1  1  1  1  1 -1 -1  1  1 
[HOST]  1  1  1  1  1  1  1  1  1  1  1  1  1  1  1  1 -1 -1 -1 -1 
[HOST]  1  1  1  1  1  1  1  1  1  1  1  1  1  1  1  1  1  1  1  1 
[HOST] 
[HOST] [存活单位]
[HOST] ├─ Piece #0
[HOST] │  所属: 玩家2 位置: (0,4)
[HOST] │  生命: 50/50 行动点: 1
[HOST] └─ 法术位: 3/3
[HOST] ├─ Piece #1
[HOST] │  所属: 玩家1 位置: (0,3)
[HOST] │  生命: 50/50 行动点: 1
[HOST] └─ 法术位: 3/3
[HOST] 
[HOST] [游戏状态] 进行中
[HOST] [INFO] 发送回合 37: listen=[1]
[TEST] 转发 client 1 的行动[C1] [INFO] 回合 37: 已发送行动

[HOST] Now begin moving
[HOST] [Move] movement: 25
[HOST] [Move] Success
[HOST] Now begin attacking
[HOST] [Attack] Action Points: 0, Attack: True
[HOST] [Spell] 当前无延时法术。
[HOST] Piece 1 action points: 1
[HOST] Piece 0 action points: 1
[HOST] 
[HOST] ===== 回合 38 日志 =====
[HOST] 
[HOST] [当前行动棋子id]: 1
[HOST] 
[HOST] [行动队列] 剩余单位: 2存活 / 0阵亡
[HOST] 
[HOST] [地图]:
[HOST] 
[HOST]  1  1  1  1  1  1  1  1  1  1  1  1  1  1  1  1  1  1  1  1 
[HOST]  1  1  1  1  1  1  1  1  1  1  1  1  1  1  1  1  1  1  1  1 
[HOST]  0  1  1  1  1  1  1  1  1  1  1  1  1  1  1  1  1  1  1  1 
[HOST]  1  1  1  1 -1  1  1  1  1  1  1  1  1  1  1  1  1  1  1  1 
[HOST]  1  1  1  1 -1 -1  1  1  1  1  1  1  1  1  1  1  1  1  1  1 
[HOST]  1  1  1  1  1  1  1  1  1  1  1  1  1  1  1  1  1  1  1  1 
[TEST] 收到 host 消息: target=-1, state=None, keys=['watch', '_target']
[TEST] 跳过观战消息[HOST]  1  1  1  1  1  1  1  1  1  1  1  1  1  1  1  1  1  1  1  1 

[HOST]  1  1  1  1  1  1  1  1  1  1  1  1  1  1  1  1  1  1  1  1 
[TEST] 收到 host 消息: target=0, state=38, keys=['state', 'listen', 'player', 'content', '_target']
[TEST] 回合 38: listen=[0][HOST]  1  1  1  1  1  1  1  1  1  1  1  1  1  1  1  1  1  1  1  1 

[HOST]  1  1  1  1  1  1  1  1  1  1  1  1  1  1  1  1  1  1  1  1 
[HOST]  1  1  1  1  1  1  1  1  1  1  1  1  1  1  1  1  1  1  1  1 
[HOST]  1  1  1  1  1  1  1  1  1  1  1  1  1  1  1  1  1  1  1  1 
[HOST]  1  1  1  1  1  1  1  1  1  1  1  1  1  1  1  1  1  1  1  1 
[HOST]  1  1  1  1  1  1  1  1  1  1  1  1  1  1  1  1  1  1  1  1 
[HOST]  1  1  1  1  1  1  1  1  1  1  1  1  1  1  1  1  1  1  1  1 
[HOST]  1  1  1  1  1  1  1  1  1  1  1  1  1  1 -1 -1  1  1  1  1 
[HOST]  1  1  1  1  1  1  1  1  1  1  1  1  1  1  1 -1 -1 -1 -1  1 
[HOST]  1  1  1  1  1  1  1  1  1  1  1  1  1  1  1  1 -1 -1  1  1 
[HOST]  1  1  1  1  1  1  1  1  1  1  1  1  1  1  1  1 -1 -1 -1 -1 
[HOST]  1  1  1  1  1  1  1  1  1  1  1  1  1  1  1  1  1  1  1  1 
[HOST] 
[HOST] [存活单位]
[HOST] ├─ Piece #1
[HOST] │  所属: 玩家1 位置: (0,3)
[HOST] │  生命: 50/50 行动点: 1
[HOST] └─ 法术位: 3/3
[HOST] ├─ Piece #0
[HOST] │  所属: 玩家2 位置: (2,0)
[HOST] │  生命: 50/50 行动点: 1
[HOST] └─ 法术位: 3/3
[HOST] 
[HOST] [游戏状态] 进行中
[HOST] [INFO] 发送回合 38: listen=[0]
[TEST] 转发 client 0 的行动[C0] [INFO] 回合 38: 已发送行动

[HOST] Now begin moving
[HOST] [Move] movement: 25
[HOST] [Move] Success
[HOST] Now begin attacking
[HOST] [Attack] Action Points: 0, Attack: True
[HOST] [Spell] 当前无延时法术。
[HOST] Piece 0 action points: 1
[HOST] Piece 1 action points: 1
[HOST] 
[HOST] ===== 回合 39 日志 =====
[HOST] 
[HOST] [当前行动棋子id]: 0
[HOST] 
[HOST] [行动队列] 剩余单位: 2存活 / 0阵亡
[HOST] 
[HOST] [地图]:
[HOST] 
[HOST]  1  1  1  1  1  1  1  1  1  1  1  1  1  1  1  1  1  1  1  1 
[HOST]  1  1  1  1  1  1  1  1  1  1  1  1  1  1  1  1  1  1  1  1 
[TEST] 收到 host 消息: target=-1, state=None, keys=['watch', '_target'][HOST]  0  1  1  1  1  1  1  1  1  1  1  1  1  1  1  1  1  1  1  1 

[TEST] 跳过观战消息
[HOST]  1  1  1  1 -1  1  1  1  1  1  1  1  1  1  1  1  1  1  1  1 
[TEST] 收到 host 消息: target=0, state=39, keys=['state', 'listen', 'player', 'content', '_target'][HOST]  1  1  1  1 -1 -1  1  1  1  1  1  1  1  1  1  1  1  1  1  1 

[TEST] 回合 39: listen=[1]
[HOST]  1  1  1  1  1  1  1  1  1  1  1  1  1  1  1  1  1  1  1  1 
[HOST]  1  1  1  1  1  1  1  1  1  1  1  1  1  1  1  1  1  1  1  1 
[HOST]  1  1  1  1  1  1  1  1  1  1  1  1  1  1  1  1  1  1  1  1 
[HOST]  1  1  1  1  1  1  1  1  1  1  1  1  1  1  1  1  1  1  1  1 
[HOST]  1  1  1  1  1  1  1  1  1  1  1  1  1  1  1  1  1  1  1  1 
[HOST]  1  1  1  1  1  1  1  1  1  1  1  1  1  1  1  1  1  1  1  1 
[HOST]  1  1  1  1  1  1  1  1  1  1  1  1  1  1  1  1  1  1  1  1 
[HOST]  1  1  1  1  1  1  1  1  1  1  1  1  1  1  1  1  1  1  1  1 
[HOST]  1  1  1  1  1  1  1  1  1  1  1  1  1  1  1  1  1  1  1  1 
[HOST]  1  1  1  1  1  1  1  1  1  1  1  1  1  1  1  1  1  1  1  1 
[HOST]  1  1  1  1  1  1  1  1  1  1  1  1  1  1 -1 -1  1  1  1  1 
[HOST]  1  1  1  1  1  1  1  1  1  1  1  1  1  1  1 -1 -1 -1 -1  1 
[HOST]  1  1  1  1  1  1  1  1  1  1  1  1  1  1  1  1 -1 -1  1  1 
[HOST]  1  1  1  1  1  1  1  1  1  1  1  1  1  1  1  1 -1 -1 -1 -1 
[HOST]  1  1  1  1  1  1  1  1  1  1  1  1  1  1  1  1  1  1  1  1 
[HOST] 
[HOST] [存活单位]
[HOST] ├─ Piece #0
[HOST] │  所属: 玩家2 位置: (2,0)
[HOST] │  生命: 50/50 行动点: 1
[HOST] └─ 法术位: 3/3
[HOST] ├─ Piece #1
[HOST] │  所属: 玩家1 位置: (1,0)
[HOST] │  生命: 50/50 行动点: 1
[HOST] └─ 法术位: 3/3
[HOST] 
[HOST] [游戏状态] 进行中
[HOST] [INFO] 发送回合 39: listen=[1]
[TEST] 转发 client 1 的行动[C1] [INFO] 回合 39: 已发送行动

[HOST] Now begin moving
[HOST] [Move] movement: 25
[HOST] [Move] Success
[HOST] Now begin attacking
[HOST] [Attack] Action Points: 0, Attack: True
[HOST] [Spell] 当前无延时法术。
[HOST] Piece 1 action points: 1
[HOST] Piece 0 action points: 1
[HOST] 
[TEST] 收到 host 消息: target=-1, state=None, keys=['watch', '_target']
[TEST] 跳过观战消息[HOST] ===== 回合 40 日志 =====

[HOST] 
[TEST] 收到 host 消息: target=0, state=40, keys=['state', 'listen', 'player', 'content', '_target'][HOST] [当前行动棋子id]: 1

[TEST] 回合 40: listen=[0]
[HOST] 
[HOST] [行动队列] 剩余单位: 2存活 / 0阵亡
[HOST] 
[HOST] [地图]:
[HOST] 
[HOST]  1  1  1  1  1  1  1  1  1  1  1  1  1  1  1  1  1  1  1  1 
[HOST]  1  1  1  1  1  1  1  1  1  1  1  1  1  1  1  1  1  1  1  1 
[HOST]  1  1  1  1  1  1  1  1  1  1  1  1  1  1  1  1  1  1  1  1 
[HOST]  1  1  1  0 -1  1  1  1  1  1  1  1  1  1  1  1  1  1  1  1 
[HOST]  1  1  1  1 -1 -1  1  1  1  1  1  1  1  1  1  1  1  1  1  1 
[HOST]  1  1  1  1  1  1  1  1  1  1  1  1  1  1  1  1  1  1  1  1 
[HOST]  1  1  1  1  1  1  1  1  1  1  1  1  1  1  1  1  1  1  1  1 
[HOST]  1  1  1  1  1  1  1  1  1  1  1  1  1  1  1  1  1  1  1  1 
[HOST]  1  1  1  1  1  1  1  1  1  1  1  1  1  1  1  1  1  1  1  1 
[HOST]  1  1  1  1  1  1  1  1  1  1  1  1  1  1  1  1  1  1  1  1 
[HOST]  1  1  1  1  1  1  1  1  1  1  1  1  1  1  1  1  1  1  1  1 
[HOST]  1  1  1  1  1  1  1  1  1  1  1  1  1  1  1  1  1  1  1  1 
[HOST]  1  1  1  1  1  1  1  1  1  1  1  1  1  1  1  1  1  1  1  1 
[HOST]  1  1  1  1  1  1  1  1  1  1  1  1  1  1  1  1  1  1  1  1 
[HOST]  1  1  1  1  1  1  1  1  1  1  1  1  1  1  1  1  1  1  1  1 
[HOST]  1  1  1  1  1  1  1  1  1  1  1  1  1  1 -1 -1  1  1  1  1 
[HOST]  1  1  1  1  1  1  1  1  1  1  1  1  1  1  1 -1 -1 -1 -1  1 
[HOST]  1  1  1  1  1  1  1  1  1  1  1  1  1  1  1  1 -1 -1  1  1 
[HOST]  1  1  1  1  1  1  1  1  1  1  1  1  1  1  1  1 -1 -1 -1 -1 
[HOST]  1  1  1  1  1  1  1  1  1  1  1  1  1  1  1  1  1  1  1  1 
[HOST] 
[HOST] [存活单位]
[HOST] ├─ Piece #1
[HOST] │  所属: 玩家1 位置: (1,0)
[HOST] │  生命: 50/50 行动点: 1
[HOST] └─ 法术位: 3/3
[HOST] ├─ Piece #0
[HOST] │  所属: 玩家2 位置: (3,3)
[HOST] │  生命: 50/50 行动点: 1
[HOST] └─ 法术位: 3/3
[HOST] 
[HOST] [游戏状态] 进行中
[HOST] [INFO] 发送回合 40: listen=[0]
[TEST] 转发 client 0 的行动
[C0] [INFO] 回合 40: 已发送行动
[HOST] Now begin moving
[HOST] [Move] movement: 25
[HOST] [Move] Success
[HOST] Now begin attacking
[HOST] [Attack] Action Points: 0, Attack: True
[HOST] [Spell] 当前无延时法术。
[HOST] Piece 0 action points: 1
[HOST] Piece 1 action points: 1
[HOST] 
[HOST] ===== 回合 41 日志 =====
[HOST] 
[HOST] [当前行动棋子id]: 0
[HOST] 
[HOST] [行动队列] 剩余单位: 2存活 / 0阵亡
[TEST] 收到 host 消息: target=-1, state=None, keys=['watch', '_target'][HOST] 

[TEST] 跳过观战消息
[HOST] [地图]:
[TEST] 收到 host 消息: target=0, state=41, keys=['state', 'listen', 'player', 'content', '_target'][HOST] 

[TEST] 回合 41: listen=[1][HOST]  1  1  1  1  1  1  1  1  1  1  1  1  1  1  1  1  1  1  1  1 

[HOST]  1  1  1  1  1  1  1  1  1  1  1  1  1  1  1  1  1  1  1  1 
[HOST]  1  1  1  1  1  1  1  1  1  1  1  1  1  1  1  1  1  1  1  1 
[HOST]  1  1  1  0 -1  1  1  1  1  1  1  1  1  1  1  1  1  1  1  1 
[HOST]  1  1  1  1 -1 -1  1  1  1  1  1  1  1  1  1  1  1  1  1  1 
[HOST]  1  1  1  1  1  1  1  1  1  1  1  1  1  1  1  1  1  1  1  1 
[HOST]  1  1  1  1  1  1  1  1  1  1  1  1  1  1  1  1  1  1  1  1 
[HOST]  1  1  1  1  1  1  1  1  1  1  1  1  1  1  1  1  1  1  1  1 
[HOST]  1  1  1  1  1  1  1  1  1  1  1  1  1  1  1  1  1  1  1  1 
[HOST]  1  1  1  1  1  1  1  1  1  1  1  1  1  1  1  1  1  1  1  1 
[HOST]  1  1  1  1  1  1  1  1  1  1  1  1  1  1  1  1  1  1  1  1 
[HOST]  1  1  1  1  1  1  1  1  1  1  1  1  1  1  1  1  1  1  1  1 
[HOST]  1  1  1  1  1  1  1  1  1  1  1  1  1  1  1  1  1  1  1  1 
[HOST]  1  1  1  1  1  1  1  1  1  1  1  1  1  1  1  1  1  1  1  1 
[HOST]  1  1  1  1  1  1  1  1  1  1  1  1  1  1  1  1  1  1  1  1 
[HOST]  1  1  1  1  1  1  1  1  1  1  1  1  1  1 -1 -1  1  1  1  1 
[HOST]  1  1  1  1  1  1  1  1  1  1  1  1  1  1  1 -1 -1 -1 -1  1 
[HOST]  1  1  1  1  1  1  1  1  1  1  1  1  1  1  1  1 -1 -1  1  1 
[HOST]  1  1  1  1  1  1  1  1  1  1  1  1  1  1  1  1 -1 -1 -1 -1 
[HOST]  1  1  1  1  1  1  1  1  1  1  1  1  1  1  1  1  1  1  1  1 
[HOST] 
[HOST] [存活单位]
[HOST] ├─ Piece #0
[HOST] │  所属: 玩家2 位置: (3,3)
[HOST] │  生命: 50/50 行动点: 1
[HOST] └─ 法术位: 3/3
[HOST] ├─ Piece #1
[HOST] │  所属: 玩家1 位置: (2,3)
[HOST] │  生命: 50/50 行动点: 1
[HOST] └─ 法术位: 3/3
[HOST] 
[HOST] [游戏状态] 进行中
[HOST] [INFO] 发送回合 41: listen=[1]
[TEST] 转发 client 1 的行动
[C1] [INFO] 回合 41: 已发送行动
[HOST] Now begin moving
[HOST] [Move] movement: 25
[HOST] [Move] Success
[HOST] Now begin attacking
[HOST] [Attack] Action Points: 0, Attack: True
[HOST] [Spell] 当前无延时法术。
[HOST] Piece 1 action points: 1
[HOST] Piece 0 action points: 1
[HOST] 
[HOST] ===== 回合 42 日志 =====
[HOST] 
[HOST] [当前行动棋子id]: 1
[HOST] 
[HOST] [行动队列] 剩余单位: 2存活 / 0阵亡
[HOST] 
[HOST] [地图]:
[HOST] 
[TEST] 收到 host 消息: target=-1, state=None, keys=['watch', '_target'][HOST]  0  1  1  1  1  1  1  1  1  1  1  1  1  1  1  1  1  1  1  1 

[TEST] 跳过观战消息
[HOST]  1  1  1  1  1  1  1  1  1  1  1  1  1  1  1  1  1  1  1  1 
[TEST] 收到 host 消息: target=0, state=42, keys=['state', 'listen', 'player', 'content', '_target'][HOST]  1  1  1  1  1  1  1  1  1  1  1  1  1  1  1  1  1  1  1  1 

[TEST] 回合 42: listen=[0][HOST]  1  1  1  1 -1  1  1  1  1  1  1  1  1  1  1  1  1  1  1  1 

[HOST]  1  1  1  1 -1 -1  1  1  1  1  1  1  1  1  1  1  1  1  1  1 
[HOST]  1  1  1  1  1  1  1  1  1  1  1  1  1  1  1  1  1  1  1  1 
[HOST]  1  1  1  1  1  1  1  1  1  1  1  1  1  1  1  1  1  1  1  1 
[HOST]  1  1  1  1  1  1  1  1  1  1  1  1  1  1  1  1  1  1  1  1 
[HOST]  1  1  1  1  1  1  1  1  1  1  1  1  1  1  1  1  1  1  1  1 
[HOST]  1  1  1  1  1  1  1  1  1  1  1  1  1  1  1  1  1  1  1  1 
[HOST]  1  1  1  1  1  1  1  1  1  1  1  1  1  1  1  1  1  1  1  1 
[HOST]  1  1  1  1  1  1  1  1  1  1  1  1  1  1  1  1  1  1  1  1 
[HOST]  1  1  1  1  1  1  1  1  1  1  1  1  1  1  1  1  1  1  1  1 
[HOST]  1  1  1  1  1  1  1  1  1  1  1  1  1  1  1  1  1  1  1  1 
[HOST]  1  1  1  1  1  1  1  1  1  1  1  1  1  1  1  1  1  1  1  1 
[HOST]  1  1  1  1  1  1  1  1  1  1  1  1  1  1 -1 -1  1  1  1  1 
[HOST]  1  1  1  1  1  1  1  1  1  1  1  1  1  1  1 -1 -1 -1 -1  1 
[HOST]  1  1  1  1  1  1  1  1  1  1  1  1  1  1  1  1 -1 -1  1  1 
[HOST]  1  1  1  1  1  1  1  1  1  1  1  1  1  1  1  1 -1 -1 -1 -1 
[HOST]  1  1  1  1  1  1  1  1  1  1  1  1  1  1  1  1  1  1  1  1 
[HOST] 
[HOST] [存活单位]
[HOST] ├─ Piece #1
[HOST] │  所属: 玩家1 位置: (2,3)
[HOST] │  生命: 50/50 行动点: 1
[HOST] └─ 法术位: 3/3
[HOST] ├─ Piece #0
[HOST] │  所属: 玩家2 位置: (0,0)
[HOST] │  生命: 50/50 行动点: 1
[HOST] └─ 法术位: 3/3
[HOST] 
[HOST] [游戏状态] 进行中
[HOST] [INFO] 发送回合 42: listen=[0]
[TEST] 转发 client 0 的行动[C0] [INFO] 回合 42: 已发送行动

[HOST] Now begin moving
[HOST] [Move] movement: 25
[HOST] [Move] Success
[HOST] Now begin attacking
[HOST] [Attack] Action Points: 0, Attack: True
[HOST] [Spell] 当前无延时法术。
[HOST] Piece 0 action points: 1
[HOST] Piece 1 action points: 1
[HOST] 
[HOST] ===== 回合 43 日志 =====
[HOST] 
[HOST] [当前行动棋子id]: 0
[HOST] 
[TEST] 收到 host 消息: target=-1, state=None, keys=['watch', '_target'][HOST] [行动队列] 剩余单位: 2存活 / 0阵亡

[TEST] 跳过观战消息
[TEST] 收到 host 消息: target=0, state=43, keys=['state', 'listen', 'player', 'content', '_target'][HOST] 

[TEST] 回合 43: listen=[1][HOST] [地图]:

[HOST] 
[HOST]  0  1  1  1  1  1  1  1  1  1  1  1  1  1  1  1  1  1  1  1 
[HOST]  1  1  1  1  1  1  1  1  1  1  1  1  1  1  1  1  1  1  1  1 
[HOST]  1  1  1  1  1  1  1  1  1  1  1  1  1  1  1  1  1  1  1  1 
[HOST]  1  1  1  1 -1  1  1  1  1  1  1  1  1  1  1  1  1  1  1  1 
[HOST]  1  1  1  1 -1 -1  1  1  1  1  1  1  1  1  1  1  1  1  1  1 
[HOST]  1  1  1  1  1  1  1  1  1  1  1  1  1  1  1  1  1  1  1  1 
[HOST]  1  1  1  1  1  1  1  1  1  1  1  1  1  1  1  1  1  1  1  1 
[HOST]  1  1  1  1  1  1  1  1  1  1  1  1  1  1  1  1  1  1  1  1 
[HOST]  1  1  1  1  1  1  1  1  1  1  1  1  1  1  1  1  1  1  1  1 
[HOST]  1  1  1  1  1  1  1  1  1  1  1  1  1  1  1  1  1  1  1  1 
[HOST]  1  1  1  1  1  1  1  1  1  1  1  1  1  1  1  1  1  1  1  1 
[HOST]  1  1  1  1  1  1  1  1  1  1  1  1  1  1  1  1  1  1  1  1 
[HOST]  1  1  1  1  1  1  1  1  1  1  1  1  1  1  1  1  1  1  1  1 
[HOST]  1  1  1  1  1  1  1  1  1  1  1  1  1  1  1  1  1  1  1  1 
[HOST]  1  1  1  1  1  1  1  1  1  1  1  1  1  1  1  1  1  1  1  1 
[HOST]  1  1  1  1  1  1  1  1  1  1  1  1  1  1 -1 -1  1  1  1  1 
[HOST]  1  1  1  1  1  1  1  1  1  1  1  1  1  1  1 -1 -1 -1 -1  1 
[HOST]  1  1  1  1  1  1  1  1  1  1  1  1  1  1  1  1 -1 -1  1  1 
[HOST]  1  1  1  1  1  1  1  1  1  1  1  1  1  1  1  1 -1 -1 -1 -1 
[HOST]  1  1  1  1  1  1  1  1  1  1  1  1  1  1  1  1  1  1  1  1 
[HOST] 
[HOST] [存活单位]
[HOST] ├─ Piece #0
[HOST] │  所属: 玩家2 位置: (0,0)
[HOST] │  生命: 50/50 行动点: 1
[HOST] └─ 法术位: 3/3
[HOST] ├─ Piece #1
[HOST] │  所属: 玩家1 位置: (0,1)
[HOST] │  生命: 50/50 行动点: 1
[HOST] └─ 法术位: 3/3
[HOST] 
[HOST] [游戏状态] 进行中
[HOST] [INFO] 发送回合 43: listen=[1]
[TEST] 转发 client 1 的行动[C1] [INFO] 回合 43: 已发送行动

[HOST] Now begin moving
[HOST] [Move] movement: 25
[HOST] [Move] Success
[HOST] Now begin attacking
[HOST] [Attack] Action Points: 0, Attack: True
[HOST] [Spell] 当前无延时法术。
[HOST] Piece 1 action points: 1
[HOST] Piece 0 action points: 1
[HOST] 
[HOST] ===== 回合 44 日志 =====
[HOST] 
[HOST] [当前行动棋子id]: 1
[HOST] 
[HOST] [行动队列] 剩余单位: 2存活 / 0阵亡
[HOST] 
[HOST] [地图]:
[HOST] 
[TEST] 收到 host 消息: target=-1, state=None, keys=['watch', '_target']
[TEST] 跳过观战消息[HOST]  1  1  1  1  1  1  1  1  1  1  1  1  1  1  1  1  1  1  1  1 

[TEST] 收到 host 消息: target=0, state=44, keys=['state', 'listen', 'player', 'content', '_target'][HOST]  1  1  1  1  1  1  1  1  1  1  1  1  1  1  1  1  1  1  1  1 

[TEST] 回合 44: listen=[0][HOST]  1  1  1  1  0  1  1  1  1  1  1  1  1  1  1  1  1  1  1  1 

[HOST]  1  1  1  1 -1  1  1  1  1  1  1  1  1  1  1  1  1  1  1  1 
[HOST]  1  1  1  1 -1 -1  1  1  1  1  1  1  1  1  1  1  1  1  1  1 
[HOST]  1  1  1  1  1  1  1  1  1  1  1  1  1  1  1  1  1  1  1  1 
[HOST]  1  1  1  1  1  1  1  1  1  1  1  1  1  1  1  1  1  1  1  1 
[HOST]  1  1  1  1  1  1  1  1  1  1  1  1  1  1  1  1  1  1  1  1 
[HOST]  1  1  1  1  1  1  1  1  1  1  1  1  1  1  1  1  1  1  1  1 
[HOST]  1  1  1  1  1  1  1  1  1  1  1  1  1  1  1  1  1  1  1  1 
[HOST]  1  1  1  1  1  1  1  1  1  1  1  1  1  1  1  1  1  1  1  1 
[HOST]  1  1  1  1  1  1  1  1  1  1  1  1  1  1  1  1  1  1  1  1 
[HOST]  1  1  1  1  1  1  1  1  1  1  1  1  1  1  1  1  1  1  1  1 
[HOST]  1  1  1  1  1  1  1  1  1  1  1  1  1  1  1  1  1  1  1  1 
[HOST]  1  1  1  1  1  1  1  1  1  1  1  1  1  1  1  1  1  1  1  1 
[HOST]  1  1  1  1  1  1  1  1  1  1  1  1  1  1 -1 -1  1  1  1  1 
[HOST]  1  1  1  1  1  1  1  1  1  1  1  1  1  1  1 -1 -1 -1 -1  1 
[HOST]  1  1  1  1  1  1  1  1  1  1  1  1  1  1  1  1 -1 -1  1  1 
[HOST]  1  1  1  1  1  1  1  1  1  1  1  1  1  1  1  1 -1 -1 -1 -1 
[HOST]  1  1  1  1  1  1  1  1  1  1  1  1  1  1  1  1  1  1  1  1 
[HOST] 
[HOST] [存活单位]
[HOST] ├─ Piece #1
[HOST] │  所属: 玩家1 位置: (0,1)
[HOST] │  生命: 50/50 行动点: 1
[HOST] └─ 法术位: 3/3
[HOST] ├─ Piece #0
[HOST] │  所属: 玩家2 位置: (2,4)
[HOST] │  生命: 50/50 行动点: 1
[HOST] └─ 法术位: 3/3
[HOST] 
[HOST] [游戏状态] 进行中
[HOST] [INFO] 发送回合 44: listen=[0]
[TEST] 转发 client 0 的行动
[C0] [INFO] 回合 44: 已发送行动
[HOST] Now begin moving
[HOST] [Move] movement: 25
[HOST] [Move] Success
[HOST] Now begin attacking
[HOST] [Attack] Action Points: 0, Attack: True
[HOST] [Spell] 当前无延时法术。
[HOST] Piece 0 action points: 1
[HOST] Piece 1 action points: 1
[HOST] 
[HOST] ===== 回合 45 日志 =====
[HOST] 
[HOST] [当前行动棋子id]: 0
[HOST] 
[HOST] [行动队列] 剩余单位: 2存活 / 0阵亡
[HOST] 
[HOST] [地图]:
[TEST] 收到 host 消息: target=-1, state=None, keys=['watch', '_target'][HOST] 

[TEST] 跳过观战消息[HOST]  1  1  1  1  1  1  1  1  1  1  1  1  1  1  1  1  1  1  1  1 

[HOST]  1  1  1  1  1  1  1  1  1  1  1  1  1  1  1  1  1  1  1  1 
[TEST] 收到 host 消息: target=0, state=45, keys=['state', 'listen', 'player', 'content', '_target'][HOST]  1  1  1  1  0  1  1  1  1  1  1  1  1  1  1  1  1  1  1  1 

[TEST] 回合 45: listen=[1][HOST]  1  1  1  1 -1  1  1  1  1  1  1  1  1  1  1  1  1  1  1  1 

[HOST]  1  1  1  1 -1 -1  1  1  1  1  1  1  1  1  1  1  1  1  1  1 
[HOST]  1  1  1  1  1  1  1  1  1  1  1  1  1  1  1  1  1  1  1  1 
[HOST]  1  1  1  1  1  1  1  1  1  1  1  1  1  1  1  1  1  1  1  1 
[HOST]  1  1  1  1  1  1  1  1  1  1  1  1  1  1  1  1  1  1  1  1 
[HOST]  1  1  1  1  1  1  1  1  1  1  1  1  1  1  1  1  1  1  1  1 
[HOST]  1  1  1  1  1  1  1  1  1  1  1  1  1  1  1  1  1  1  1  1 
[HOST]  1  1  1  1  1  1  1  1  1  1  1  1  1  1  1  1  1  1  1  1 
[HOST]  1  1  1  1  1  1  1  1  1  1  1  1  1  1  1  1  1  1  1  1 
[HOST]  1  1  1  1  1  1  1  1  1  1  1  1  1  1  1  1  1  1  1  1 
[HOST]  1  1  1  1  1  1  1  1  1  1  1  1  1  1  1  1  1  1  1  1 
[HOST]  1  1  1  1  1  1  1  1  1  1  1  1  1  1  1  1  1  1  1  1 
[HOST]  1  1  1  1  1  1  1  1  1  1  1  1  1  1 -1 -1  1  1  1  1 
[HOST]  1  1  1  1  1  1  1  1  1  1  1  1  1  1  1 -1 -1 -1 -1  1 
[HOST]  1  1  1  1  1  1  1  1  1  1  1  1  1  1  1  1 -1 -1  1  1 
[HOST]  1  1  1  1  1  1  1  1  1  1  1  1  1  1  1  1 -1 -1 -1 -1 
[HOST]  1  1  1  1  1  1  1  1  1  1  1  1  1  1  1  1  1  1  1  1 
[HOST] 
[HOST] [存活单位]
[HOST] ├─ Piece #0
[HOST] │  所属: 玩家2 位置: (2,4)
[HOST] │  生命: 50/50 行动点: 1
[HOST] └─ 法术位: 3/3
[HOST] ├─ Piece #1
[HOST] │  所属: 玩家1 位置: (1,4)
[HOST] │  生命: 50/50 行动点: 1
[HOST] └─ 法术位: 3/3
[HOST] 
[HOST] [游戏状态] 进行中
[HOST] [INFO] 发送回合 45: listen=[1]
[TEST] 转发 client 1 的行动[C1] [INFO] 回合 45: 已发送行动

[HOST] Now begin moving
[HOST] [Move] movement: 25
[HOST] [Move] Success
[HOST] Now begin attacking
[HOST] [Attack] Action Points: 0, Attack: True
[HOST] [Spell] 当前无延时法术。
[HOST] Piece 1 action points: 1
[HOST] Piece 0 action points: 1
[HOST] 
[HOST] ===== 回合 46 日志 =====
[HOST] 
[HOST] [当前行动棋子id]: 1
[HOST] 
[HOST] [行动队列] 剩余单位: 2存活 / 0阵亡
[HOST] 
[HOST] [地图]:
[HOST] 
[HOST]  1  1  1  1  1  1  1  1  1  1  1  1  1  1  1  1  1  1  1  1 
[HOST]  1  1  1  1  1  1  1  1  1  1  1  1  1  1  1  1  1  1  1  1 
[HOST]  1  1  1  1  1  1  1  1  1  1  1  1  1  1  1  1  1  1  1  1 
[HOST]  1  0  1  1 -1  1  1  1  1  1  1  1  1  1  1  1  1  1  1  1 
[HOST]  1  1  1  1 -1 -1  1  1  1  1  1  1  1  1  1  1  1  1  1  1 
[HOST]  1  1  1  1  1  1  1  1  1  1  1  1  1  1  1  1  1  1  1  1 
[HOST]  1  1  1  1  1  1  1  1  1  1  1  1  1  1  1  1  1  1  1  1 
[HOST]  1  1  1  1  1  1  1  1  1  1  1  1  1  1  1  1  1  1  1  1 
[HOST]  1  1  1  1  1  1  1  1  1  1  1  1  1  1  1  1  1  1  1  1 
[TEST] 收到 host 消息: target=-1, state=None, keys=['watch', '_target'][HOST]  1  1  1  1  1  1  1  1  1  1  1  1  1  1  1  1  1  1  1  1 

[TEST] 跳过观战消息
[HOST]  1  1  1  1  1  1  1  1  1  1  1  1  1  1  1  1  1  1  1  1 
[TEST] 收到 host 消息: target=0, state=46, keys=['state', 'listen', 'player', 'content', '_target'][HOST]  1  1  1  1  1  1  1  1  1  1  1  1  1  1  1  1  1  1  1  1 

[TEST] 回合 46: listen=[0][HOST]  1  1  1  1  1  1  1  1  1  1  1  1  1  1  1  1  1  1  1  1 

[HOST]  1  1  1  1  1  1  1  1  1  1  1  1  1  1  1  1  1  1  1  1 
[HOST]  1  1  1  1  1  1  1  1  1  1  1  1  1  1  1  1  1  1  1  1 
[HOST]  1  1  1  1  1  1  1  1  1  1  1  1  1  1 -1 -1  1  1  1  1 
[HOST]  1  1  1  1  1  1  1  1  1  1  1  1  1  1  1 -1 -1 -1 -1  1 
[HOST]  1  1  1  1  1  1  1  1  1  1  1  1  1  1  1  1 -1 -1  1  1 
[HOST]  1  1  1  1  1  1  1  1  1  1  1  1  1  1  1  1 -1 -1 -1 -1 
[HOST]  1  1  1  1  1  1  1  1  1  1  1  1  1  1  1  1  1  1  1  1 
[HOST] 
[HOST] [存活单位]
[HOST] ├─ Piece #1
[HOST] │  所属: 玩家1 位置: (1,4)
[HOST] │  生命: 50/50 行动点: 1
[HOST] └─ 法术位: 3/3
[HOST] ├─ Piece #0
[HOST] │  所属: 玩家2 位置: (3,1)
[HOST] │  生命: 50/50 行动点: 1
[HOST] └─ 法术位: 3/3
[HOST] 
[HOST] [游戏状态] 进行中
[HOST] [INFO] 发送回合 46: listen=[0]
[C0] [INFO] 回合 46: 已发送行动
[TEST] 转发 client 0 的行动
[HOST] Now begin moving
[HOST] [Move] movement: 25
[HOST] [Move] Success
[HOST] Now begin attacking
[HOST] [Attack] Action Points: 0, Attack: True
[HOST] [Spell] 当前无延时法术。
[HOST] Piece 0 action points: 1
[HOST] Piece 1 action points: 1
[HOST] 
[HOST] ===== 回合 47 日志 =====
[HOST] 
[HOST] [当前行动棋子id]: 0
[HOST] 
[HOST] [行动队列] 剩余单位: 2存活 / 0阵亡
[HOST] 
[HOST] [地图]:
[TEST] 收到 host 消息: target=-1, state=None, keys=['watch', '_target'][HOST] 

[TEST] 跳过观战消息
[TEST] 收到 host 消息: target=0, state=47, keys=['state', 'listen', 'player', 'content', '_target'][HOST]  1  1  1  1  1  1  1  1  1  1  1  1  1  1  1  1  1  1  1  1 

[TEST] 回合 47: listen=[1]
[HOST]  1  1  1  1  1  1  1  1  1  1  1  1  1  1  1  1  1  1  1  1 
[HOST]  1  1  1  1  1  1  1  1  1  1  1  1  1  1  1  1  1  1  1  1 
[HOST]  1  0  1  1 -1  1  1  1  1  1  1  1  1  1  1  1  1  1  1  1 
[HOST]  1  1  1  1 -1 -1  1  1  1  1  1  1  1  1  1  1  1  1  1  1 
[HOST]  1  1  1  1  1  1  1  1  1  1  1  1  1  1  1  1  1  1  1  1 
[HOST]  1  1  1  1  1  1  1  1  1  1  1  1  1  1  1  1  1  1  1  1 
[HOST]  1  1  1  1  1  1  1  1  1  1  1  1  1  1  1  1  1  1  1  1 
[HOST]  1  1  1  1  1  1  1  1  1  1  1  1  1  1  1  1  1  1  1  1 
[HOST]  1  1  1  1  1  1  1  1  1  1  1  1  1  1  1  1  1  1  1  1 
[HOST]  1  1  1  1  1  1  1  1  1  1  1  1  1  1  1  1  1  1  1  1 
[HOST]  1  1  1  1  1  1  1  1  1  1  1  1  1  1  1  1  1  1  1  1 
[HOST]  1  1  1  1  1  1  1  1  1  1  1  1  1  1  1  1  1  1  1  1 
[HOST]  1  1  1  1  1  1  1  1  1  1  1  1  1  1  1  1  1  1  1  1 
[HOST]  1  1  1  1  1  1  1  1  1  1  1  1  1  1  1  1  1  1  1  1 
[HOST]  1  1  1  1  1  1  1  1  1  1  1  1  1  1 -1 -1  1  1  1  1 
[HOST]  1  1  1  1  1  1  1  1  1  1  1  1  1  1  1 -1 -1 -1 -1  1 
[HOST]  1  1  1  1  1  1  1  1  1  1  1  1  1  1  1  1 -1 -1  1  1 
[HOST]  1  1  1  1  1  1  1  1  1  1  1  1  1  1  1  1 -1 -1 -1 -1 
[HOST]  1  1  1  1  1  1  1  1  1  1  1  1  1  1  1  1  1  1  1  1 
[HOST] 
[HOST] [存活单位]
[HOST] ├─ Piece #0
[HOST] │  所属: 玩家2 位置: (3,1)
[HOST] │  生命: 50/50 行动点: 1
[HOST] └─ 法术位: 3/3
[HOST] ├─ Piece #1
[HOST] │  所属: 玩家1 位置: (2,1)
[HOST] │  生命: 50/50 行动点: 1
[HOST] └─ 法术位: 3/3
[HOST] 
[HOST] [游戏状态] 进行中
[HOST] [INFO] 发送回合 47: listen=[1]
[TEST] 转发 client 1 的行动[C1] [INFO] 回合 47: 已发送行动

[HOST] Now begin moving
[HOST] [Move] movement: 25
[HOST] [Move] Success
[HOST] Now begin attacking
[HOST] [Attack] Action Points: 0, Attack: True
[HOST] [Spell] 当前无延时法术。
[HOST] Piece 1 action points: 1
[HOST] Piece 0 action points: 1
[HOST] 
[HOST] ===== 回合 48 日志 =====
[HOST] 
[HOST] [当前行动棋子id]: 1
[HOST] 
[HOST] [行动队列] 剩余单位: 2存活 / 0阵亡
[HOST] 
[HOST] [地图]:
[HOST] 
[TEST] 收到 host 消息: target=-1, state=None, keys=['watch', '_target']
[TEST] 跳过观战消息[HOST]  1  1  1  1  0  1  1  1  1  1  1  1  1  1  1  1  1  1  1  1 

[HOST]  1  1  1  1  1  1  1  1  1  1  1  1  1  1  1  1  1  1  1  1 
[TEST] 收到 host 消息: target=0, state=48, keys=['state', 'listen', 'player', 'content', '_target']
[TEST] 回合 48: listen=[0][HOST]  1  1  1  1  1  1  1  1  1  1  1  1  1  1  1  1  1  1  1  1 

[HOST]  1  1  1  1 -1  1  1  1  1  1  1  1  1  1  1  1  1  1  1  1 
[HOST]  1  1  1  1 -1 -1  1  1  1  1  1  1  1  1  1  1  1  1  1  1 
[HOST]  1  1  1  1  1  1  1  1  1  1  1  1  1  1  1  1  1  1  1  1 
[HOST]  1  1  1  1  1  1  1  1  1  1  1  1  1  1  1  1  1  1  1  1 
[HOST]  1  1  1  1  1  1  1  1  1  1  1  1  1  1  1  1  1  1  1  1 
[HOST]  1  1  1  1  1  1  1  1  1  1  1  1  1  1  1  1  1  1  1  1 
[HOST]  1  1  1  1  1  1  1  1  1  1  1  1  1  1  1  1  1  1  1  1 
[HOST]  1  1  1  1  1  1  1  1  1  1  1  1  1  1  1  1  1  1  1  1 
[HOST]  1  1  1  1  1  1  1  1  1  1  1  1  1  1  1  1  1  1  1  1 
[HOST]  1  1  1  1  1  1  1  1  1  1  1  1  1  1  1  1  1  1  1  1 
[HOST]  1  1  1  1  1  1  1  1  1  1  1  1  1  1  1  1  1  1  1  1 
[HOST]  1  1  1  1  1  1  1  1  1  1  1  1  1  1  1  1  1  1  1  1 
[HOST]  1  1  1  1  1  1  1  1  1  1  1  1  1  1 -1 -1  1  1  1  1 
[HOST]  1  1  1  1  1  1  1  1  1  1  1  1  1  1  1 -1 -1 -1 -1  1 
[HOST]  1  1  1  1  1  1  1  1  1  1  1  1  1  1  1  1 -1 -1  1  1 
[HOST]  1  1  1  1  1  1  1  1  1  1  1  1  1  1  1  1 -1 -1 -1 -1 
[HOST]  1  1  1  1  1  1  1  1  1  1  1  1  1  1  1  1  1  1  1  1 
[HOST] 
[HOST] [存活单位]
[HOST] ├─ Piece #1
[HOST] │  所属: 玩家1 位置: (2,1)
[HOST] │  生命: 50/50 行动点: 1
[HOST] └─ 法术位: 3/3
[HOST] ├─ Piece #0
[HOST] │  所属: 玩家2 位置: (0,4)
[HOST] │  生命: 50/50 行动点: 1
[HOST] └─ 法术位: 3/3
[HOST] 
[HOST] [游戏状态] 进行中
[HOST] [INFO] 发送回合 48: listen=[0]
[TEST] 转发 client 0 的行动[C0] [INFO] 回合 48: 已发送行动

[HOST] Now begin moving
[HOST] [Move] movement: 25
[HOST] [Move] Success
[HOST] Now begin attacking
[HOST] [Attack] Action Points: 0, Attack: True
[HOST] [Spell] 当前无延时法术。
[HOST] Piece 0 action points: 1
[HOST] Piece 1 action points: 1
[HOST] 
[HOST] ===== 回合 49 日志 =====
[HOST] 
[HOST] [当前行动棋子id]: 0
[HOST] 
[HOST] [行动队列] 剩余单位: 2存活 / 0阵亡
[HOST] 
[TEST] 收到 host 消息: target=-1, state=None, keys=['watch', '_target'][HOST] [地图]:

[TEST] 跳过观战消息[HOST] 

[HOST]  1  1  1  1  0  1  1  1  1  1  1  1  1  1  1  1  1  1  1  1 
[TEST] 收到 host 消息: target=0, state=49, keys=['state', 'listen', 'player', 'content', '_target']
[TEST] 回合 49: listen=[1][HOST]  1  1  1  1  1  1  1  1  1  1  1  1  1  1  1  1  1  1  1  1 

[HOST]  1  1  1  1  1  1  1  1  1  1  1  1  1  1  1  1  1  1  1  1 
[HOST]  1  1  1  1 -1  1  1  1  1  1  1  1  1  1  1  1  1  1  1  1 
[HOST]  1  1  1  1 -1 -1  1  1  1  1  1  1  1  1  1  1  1  1  1  1 
[HOST]  1  1  1  1  1  1  1  1  1  1  1  1  1  1  1  1  1  1  1  1 
[HOST]  1  1  1  1  1  1  1  1  1  1  1  1  1  1  1  1  1  1  1  1 
[HOST]  1  1  1  1  1  1  1  1  1  1  1  1  1  1  1  1  1  1  1  1 
[HOST]  1  1  1  1  1  1  1  1  1  1  1  1  1  1  1  1  1  1  1  1 
[HOST]  1  1  1  1  1  1  1  1  1  1  1  1  1  1  1  1  1  1  1  1 
[HOST]  1  1  1  1  1  1  1  1  1  1  1  1  1  1  1  1  1  1  1  1 
[HOST]  1  1  1  1  1  1  1  1  1  1  1  1  1  1  1  1  1  1  1  1 
[HOST]  1  1  1  1  1  1  1  1  1  1  1  1  1  1  1  1  1  1  1  1 
[HOST]  1  1  1  1  1  1  1  1  1  1  1  1  1  1  1  1  1  1  1  1 
[HOST]  1  1  1  1  1  1  1  1  1  1  1  1  1  1  1  1  1  1  1  1 
[HOST]  1  1  1  1  1  1  1  1  1  1  1  1  1  1 -1 -1  1  1  1  1 
[HOST]  1  1  1  1  1  1  1  1  1  1  1  1  1  1  1 -1 -1 -1 -1  1 
[HOST]  1  1  1  1  1  1  1  1  1  1  1  1  1  1  1  1 -1 -1  1  1 
[HOST]  1  1  1  1  1  1  1  1  1  1  1  1  1  1  1  1 -1 -1 -1 -1 
[HOST]  1  1  1  1  1  1  1  1  1  1  1  1  1  1  1  1  1  1  1  1 
[HOST] 
[HOST] [存活单位]
[HOST] ├─ Piece #0
[HOST] │  所属: 玩家2 位置: (0,4)
[HOST] │  生命: 50/50 行动点: 1
[HOST] └─ 法术位: 3/3
[HOST] ├─ Piece #1
[HOST] │  所属: 玩家1 位置: (0,3)
[HOST] │  生命: 50/50 行动点: 1
[HOST] └─ 法术位: 3/3
[HOST] 
[HOST] [游戏状态] 进行中
[HOST] [INFO] 发送回合 49: listen=[1]
[TEST] 转发 client 1 的行动
[C1] [INFO] 回合 49: 已发送行动
[HOST] Now begin moving
[HOST] [Move] movement: 25
[HOST] [Move] Success
[HOST] Now begin attacking
[HOST] [Attack] Action Points: 0, Attack: True
[HOST] [Spell] 当前无延时法术。
[HOST] Piece 1 action points: 1
[HOST] Piece 0 action points: 1
[HOST] 
[HOST] ===== 回合 50 日志 =====
[HOST] 
[HOST] [当前行动棋子id]: 1
[HOST] 
[HOST] [行动队列] 剩余单位: 2存活 / 0阵亡
[HOST] 
[HOST] [地图]:
[HOST] 
[HOST]  1  1  1  1  1  1  1  1  1  1  1  1  1  1  1  1  1  1  1  1 
[TEST] 收到 host 消息: target=-1, state=None, keys=['watch', '_target'][HOST]  1  1  1  1  1  1  1  1  1  1  1  1  1  1  1  1  1  1  1  1 

[TEST] 跳过观战消息[HOST]  0  1  1  1  1  1  1  1  1  1  1  1  1  1  1  1  1  1  1  1 

[HOST]  1  1  1  1 -1  1  1  1  1  1  1  1  1  1  1  1  1  1  1  1 
[TEST] 收到 host 消息: target=0, state=50, keys=['state', 'listen', 'player', 'content', '_target'][HOST]  1  1  1  1 -1 -1  1  1  1  1  1  1  1  1  1  1  1  1  1  1 

[TEST] 回合 50: listen=[0]
[HOST]  1  1  1  1  1  1  1  1  1  1  1  1  1  1  1  1  1  1  1  1 
[HOST]  1  1  1  1  1  1  1  1  1  1  1  1  1  1  1  1  1  1  1  1 
[HOST]  1  1  1  1  1  1  1  1  1  1  1  1  1  1  1  1  1  1  1  1 
[HOST]  1  1  1  1  1  1  1  1  1  1  1  1  1  1  1  1  1  1  1  1 
[HOST]  1  1  1  1  1  1  1  1  1  1  1  1  1  1  1  1  1  1  1  1 
[HOST]  1  1  1  1  1  1  1  1  1  1  1  1  1  1  1  1  1  1  1  1 
[HOST]  1  1  1  1  1  1  1  1  1  1  1  1  1  1  1  1  1  1  1  1 
[HOST]  1  1  1  1  1  1  1  1  1  1  1  1  1  1  1  1  1  1  1  1 
[HOST]  1  1  1  1  1  1  1  1  1  1  1  1  1  1  1  1  1  1  1  1 
[HOST]  1  1  1  1  1  1  1  1  1  1  1  1  1  1  1  1  1  1  1  1 
[HOST]  1  1  1  1  1  1  1  1  1  1  1  1  1  1 -1 -1  1  1  1  1 
[HOST]  1  1  1  1  1  1  1  1  1  1  1  1  1  1  1 -1 -1 -1 -1  1 
[HOST]  1  1  1  1  1  1  1  1  1  1  1  1  1  1  1  1 -1 -1  1  1 
[HOST]  1  1  1  1  1  1  1  1  1  1  1  1  1  1  1  1 -1 -1 -1 -1 
[HOST]  1  1  1  1  1  1  1  1  1  1  1  1  1  1  1  1  1  1  1  1 
[HOST] 
[HOST] [存活单位]
[HOST] ├─ Piece #1
[HOST] │  所属: 玩家1 位置: (0,3)
[HOST] │  生命: 50/50 行动点: 1
[HOST] └─ 法术位: 3/3
[HOST] ├─ Piece #0
[HOST] │  所属: 玩家2 位置: (2,0)
[HOST] │  生命: 50/50 行动点: 1
[HOST] └─ 法术位: 3/3
[HOST] 
[HOST] [游戏状态] 进行中
[HOST] [INFO] 发送回合 50: listen=[0]
[TEST] 转发 client 0 的行动[C0] [INFO] 回合 50: 已发送行动

[HOST] Now begin moving
[HOST] [Move] movement: 25
[HOST] [Move] Success
[HOST] Now begin attacking
[HOST] [Attack] Action Points: 0, Attack: True
[HOST] [Spell] 当前无延时法术。
[HOST] Piece 0 action points: 1
[HOST] Piece 1 action points: 1
[HOST] 
[HOST] ===== 回合 51 日志 =====
[HOST] 
[HOST] [当前行动棋子id]: 0
[HOST] 
[TEST] 收到 host 消息: target=-1, state=None, keys=['watch', '_target']
[TEST] 跳过观战消息[HOST] [行动队列] 剩余单位: 2存活 / 0阵亡

[HOST] 
[TEST] 收到 host 消息: target=0, state=51, keys=['state', 'listen', 'player', 'content', '_target']
[TEST] 回合 51: listen=[1][HOST] [地图]:

[HOST] 
[HOST]  1  1  1  1  1  1  1  1  1  1  1  1  1  1  1  1  1  1  1  1 
[HOST]  1  1  1  1  1  1  1  1  1  1  1  1  1  1  1  1  1  1  1  1 
[HOST]  0  1  1  1  1  1  1  1  1  1  1  1  1  1  1  1  1  1  1  1 
[HOST]  1  1  1  1 -1  1  1  1  1  1  1  1  1  1  1  1  1  1  1  1 
[HOST]  1  1  1  1 -1 -1  1  1  1  1  1  1  1  1  1  1  1  1  1  1 
[HOST]  1  1  1  1  1  1  1  1  1  1  1  1  1  1  1  1  1  1  1  1 
[HOST]  1  1  1  1  1  1  1  1  1  1  1  1  1  1  1  1  1  1  1  1 
[HOST]  1  1  1  1  1  1  1  1  1  1  1  1  1  1  1  1  1  1  1  1 
[HOST]  1  1  1  1  1  1  1  1  1  1  1  1  1  1  1  1  1  1  1  1 
[HOST]  1  1  1  1  1  1  1  1  1  1  1  1  1  1  1  1  1  1  1  1 
[HOST]  1  1  1  1  1  1  1  1  1  1  1  1  1  1  1  1  1  1  1  1 
[HOST]  1  1  1  1  1  1  1  1  1  1  1  1  1  1  1  1  1  1  1  1 
[HOST]  1  1  1  1  1  1  1  1  1  1  1  1  1  1  1  1  1  1  1  1 
[HOST]  1  1  1  1  1  1  1  1  1  1  1  1  1  1  1  1  1  1  1  1 
[HOST]  1  1  1  1  1  1  1  1  1  1  1  1  1  1  1  1  1  1  1  1 
[HOST]  1  1  1  1  1  1  1  1  1  1  1  1  1  1 -1 -1  1  1  1  1 
[HOST]  1  1  1  1  1  1  1  1  1  1  1  1  1  1  1 -1 -1 -1 -1  1 
[HOST]  1  1  1  1  1  1  1  1  1  1  1  1  1  1  1  1 -1 -1  1  1 
[HOST]  1  1  1  1  1  1  1  1  1  1  1  1  1  1  1  1 -1 -1 -1 -1 
[HOST]  1  1  1  1  1  1  1  1  1  1  1  1  1  1  1  1  1  1  1  1 
[HOST] 
[HOST] [存活单位]
[HOST] ├─ Piece #0
[HOST] │  所属: 玩家2 位置: (2,0)
[HOST] │  生命: 50/50 行动点: 1
[HOST] └─ 法术位: 3/3
[HOST] ├─ Piece #1
[HOST] │  所属: 玩家1 位置: (1,0)
[HOST] │  生命: 50/50 行动点: 1
[HOST] └─ 法术位: 3/3
[HOST] 
[HOST] [游戏状态] 进行中
[HOST] [INFO] 发送回合 51: listen=[1]
[TEST] 转发 client 1 的行动
[C1] [INFO] 回合 51: 已发送行动
[HOST] Now begin moving
[HOST] [Move] movement: 25
[HOST] [Move] Success
[HOST] Now begin attacking
[HOST] [Attack] Action Points: 0, Attack: True
[HOST] [Spell] 当前无延时法术。
[HOST] Piece 1 action points: 1
[HOST] Piece 0 action points: 1
[HOST] 
[HOST] ===== 回合 52 日志 =====
[HOST] 
[HOST] [当前行动棋子id]: 1
[HOST] 
[HOST] [行动队列] 剩余单位: 2存活 / 0阵亡
[HOST] 
[HOST] [地图]:
[HOST] 
[HOST]  1  1  1  1  1  1  1  1  1  1  1  1  1  1  1  1  1  1  1  1 
[HOST]  1  1  1  1  1  1  1  1  1  1  1  1  1  1  1  1  1  1  1  1 
[HOST]  1  1  1  1  1  1  1  1  1  1  1  1  1  1  1  1  1  1  1  1 
[HOST]  1  1  1  0 -1  1  1  1  1  1  1  1  1  1  1  1  1  1  1  1 
[TEST] 收到 host 消息: target=-1, state=None, keys=['watch', '_target'][HOST]  1  1  1  1 -1 -1  1  1  1  1  1  1  1  1  1  1  1  1  1  1 

[TEST] 跳过观战消息
[HOST]  1  1  1  1  1  1  1  1  1  1  1  1  1  1  1  1  1  1  1  1 
[TEST] 收到 host 消息: target=0, state=52, keys=['state', 'listen', 'player', 'content', '_target'][HOST]  1  1  1  1  1  1  1  1  1  1  1  1  1  1  1  1  1  1  1  1 

[TEST] 回合 52: listen=[0]
[HOST]  1  1  1  1  1  1  1  1  1  1  1  1  1  1  1  1  1  1  1  1 
[HOST]  1  1  1  1  1  1  1  1  1  1  1  1  1  1  1  1  1  1  1  1 
[HOST]  1  1  1  1  1  1  1  1  1  1  1  1  1  1  1  1  1  1  1  1 
[HOST]  1  1  1  1  1  1  1  1  1  1  1  1  1  1  1  1  1  1  1  1 
[HOST]  1  1  1  1  1  1  1  1  1  1  1  1  1  1  1  1  1  1  1  1 
[HOST]  1  1  1  1  1  1  1  1  1  1  1  1  1  1  1  1  1  1  1  1 
[HOST]  1  1  1  1  1  1  1  1  1  1  1  1  1  1  1  1  1  1  1  1 
[HOST]  1  1  1  1  1  1  1  1  1  1  1  1  1  1  1  1  1  1  1  1 
[HOST]  1  1  1  1  1  1  1  1  1  1  1  1  1  1 -1 -1  1  1  1  1 
[HOST]  1  1  1  1  1  1  1  1  1  1  1  1  1  1  1 -1 -1 -1 -1  1 
[HOST]  1  1  1  1  1  1  1  1  1  1  1  1  1  1  1  1 -1 -1  1  1 
[HOST]  1  1  1  1  1  1  1  1  1  1  1  1  1  1  1  1 -1 -1 -1 -1 
[HOST]  1  1  1  1  1  1  1  1  1  1  1  1  1  1  1  1  1  1  1  1 
[HOST] 
[HOST] [存活单位]
[HOST] ├─ Piece #1
[HOST] │  所属: 玩家1 位置: (1,0)
[HOST] │  生命: 50/50 行动点: 1
[HOST] └─ 法术位: 3/3
[HOST] ├─ Piece #0
[HOST] │  所属: 玩家2 位置: (3,3)
[HOST] │  生命: 50/50 行动点: 1
[HOST] └─ 法术位: 3/3
[HOST] 
[HOST] [游戏状态] 进行中
[HOST] [INFO] 发送回合 52: listen=[0]
[TEST] 转发 client 0 的行动[C0] [INFO] 回合 52: 已发送行动

[HOST] Now begin moving
[HOST] [Move] movement: 25
[HOST] [Move] Success
[HOST] Now begin attacking
[HOST] [Attack] Action Points: 0, Attack: True
[HOST] [Spell] 当前无延时法术。
[HOST] Piece 0 action points: 1
[HOST] Piece 1 action points: 1
[HOST] 
[HOST] ===== 回合 53 日志 =====
[HOST] 
[HOST] [当前行动棋子id]: 0
[HOST] 
[HOST] [行动队列] 剩余单位: 2存活 / 0阵亡
[HOST] 
[HOST] [地图]:
[HOST] 
[HOST]  1  1  1  1  1  1  1  1  1  1  1  1  1  1  1  1  1  1  1  1 
[HOST]  1  1  1  1  1  1  1  1  1  1  1  1  1  1  1  1  1  1  1  1 
[TEST] 收到 host 消息: target=-1, state=None, keys=['watch', '_target'][HOST]  1  1  1  1  1  1  1  1  1  1  1  1  1  1  1  1  1  1  1  1 

[TEST] 跳过观战消息[HOST]  1  1  1  0 -1  1  1  1  1  1  1  1  1  1  1  1  1  1  1  1 

[HOST]  1  1  1  1 -1 -1  1  1  1  1  1  1  1  1  1  1  1  1  1  1 
[TEST] 收到 host 消息: target=0, state=53, keys=['state', 'listen', 'player', 'content', '_target'][HOST]  1  1  1  1  1  1  1  1  1  1  1  1  1  1  1  1  1  1  1  1 

[TEST] 回合 53: listen=[1][HOST]  1  1  1  1  1  1  1  1  1  1  1  1  1  1  1  1  1  1  1  1 

[HOST]  1  1  1  1  1  1  1  1  1  1  1  1  1  1  1  1  1  1  1  1 
[HOST]  1  1  1  1  1  1  1  1  1  1  1  1  1  1  1  1  1  1  1  1 
[HOST]  1  1  1  1  1  1  1  1  1  1  1  1  1  1  1  1  1  1  1  1 
[HOST]  1  1  1  1  1  1  1  1  1  1  1  1  1  1  1  1  1  1  1  1 
[HOST]  1  1  1  1  1  1  1  1  1  1  1  1  1  1  1  1  1  1  1  1 
[HOST]  1  1  1  1  1  1  1  1  1  1  1  1  1  1  1  1  1  1  1  1 
[HOST]  1  1  1  1  1  1  1  1  1  1  1  1  1  1  1  1  1  1  1  1 
[HOST]  1  1  1  1  1  1  1  1  1  1  1  1  1  1  1  1  1  1  1  1 
[HOST]  1  1  1  1  1  1  1  1  1  1  1  1  1  1 -1 -1  1  1  1  1 
[HOST]  1  1  1  1  1  1  1  1  1  1  1  1  1  1  1 -1 -1 -1 -1  1 
[HOST]  1  1  1  1  1  1  1  1  1  1  1  1  1  1  1  1 -1 -1  1  1 
[HOST]  1  1  1  1  1  1  1  1  1  1  1  1  1  1  1  1 -1 -1 -1 -1 
[HOST]  1  1  1  1  1  1  1  1  1  1  1  1  1  1  1  1  1  1  1  1 
[HOST] 
[HOST] [存活单位]
[HOST] ├─ Piece #0
[HOST] │  所属: 玩家2 位置: (3,3)
[HOST] │  生命: 50/50 行动点: 1
[HOST] └─ 法术位: 3/3
[HOST] ├─ Piece #1
[HOST] │  所属: 玩家1 位置: (2,3)
[HOST] │  生命: 50/50 行动点: 1
[HOST] └─ 法术位: 3/3
[HOST] 
[HOST] [游戏状态] 进行中
[HOST] [INFO] 发送回合 53: listen=[1]
[TEST] 转发 client 1 的行动[C1] [INFO] 回合 53: 已发送行动

[HOST] Now begin moving
[HOST] [Move] movement: 25
[HOST] [Move] Success
[HOST] Now begin attacking
[HOST] [Attack] Action Points: 0, Attack: True
[HOST] [Spell] 当前无延时法术。
[HOST] Piece 1 action points: 1
[HOST] Piece 0 action points: 1
[HOST] 
[HOST] ===== 回合 54 日志 =====
[HOST] 
[HOST] [当前行动棋子id]: 1
[HOST] 
[HOST] [行动队列] 剩余单位: 2存活 / 0阵亡
[HOST] 
[TEST] 收到 host 消息: target=-1, state=None, keys=['watch', '_target'][HOST] [地图]:

[TEST] 跳过观战消息
[HOST] 
[TEST] 收到 host 消息: target=0, state=54, keys=['state', 'listen', 'player', 'content', '_target'][HOST]  0  1  1  1  1  1  1  1  1  1  1  1  1  1  1  1  1  1  1  1 

[TEST] 回合 54: listen=[0][HOST]  1  1  1  1  1  1  1  1  1  1  1  1  1  1  1  1  1  1  1  1 

[HOST]  1  1  1  1  1  1  1  1  1  1  1  1  1  1  1  1  1  1  1  1 
[HOST]  1  1  1  1 -1  1  1  1  1  1  1  1  1  1  1  1  1  1  1  1 
[HOST]  1  1  1  1 -1 -1  1  1  1  1  1  1  1  1  1  1  1  1  1  1 
[HOST]  1  1  1  1  1  1  1  1  1  1  1  1  1  1  1  1  1  1  1  1 
[HOST]  1  1  1  1  1  1  1  1  1  1  1  1  1  1  1  1  1  1  1  1 
[HOST]  1  1  1  1  1  1  1  1  1  1  1  1  1  1  1  1  1  1  1  1 
[HOST]  1  1  1  1  1  1  1  1  1  1  1  1  1  1  1  1  1  1  1  1 
[HOST]  1  1  1  1  1  1  1  1  1  1  1  1  1  1  1  1  1  1  1  1 
[HOST]  1  1  1  1  1  1  1  1  1  1  1  1  1  1  1  1  1  1  1  1 
[HOST]  1  1  1  1  1  1  1  1  1  1  1  1  1  1  1  1  1  1  1  1 
[HOST]  1  1  1  1  1  1  1  1  1  1  1  1  1  1  1  1  1  1  1  1 
[HOST]  1  1  1  1  1  1  1  1  1  1  1  1  1  1  1  1  1  1  1  1 
[HOST]  1  1  1  1  1  1  1  1  1  1  1  1  1  1  1  1  1  1  1  1 
[HOST]  1  1  1  1  1  1  1  1  1  1  1  1  1  1 -1 -1  1  1  1  1 
[HOST]  1  1  1  1  1  1  1  1  1  1  1  1  1  1  1 -1 -1 -1 -1  1 
[HOST]  1  1  1  1  1  1  1  1  1  1  1  1  1  1  1  1 -1 -1  1  1 
[HOST]  1  1  1  1  1  1  1  1  1  1  1  1  1  1  1  1 -1 -1 -1 -1 
[HOST]  1  1  1  1  1  1  1  1  1  1  1  1  1  1  1  1  1  1  1  1 
[HOST] 
[HOST] [存活单位]
[HOST] ├─ Piece #1
[HOST] │  所属: 玩家1 位置: (2,3)
[HOST] │  生命: 50/50 行动点: 1
[HOST] └─ 法术位: 3/3
[HOST] ├─ Piece #0
[HOST] │  所属: 玩家2 位置: (0,0)
[HOST] │  生命: 50/50 行动点: 1
[HOST] └─ 法术位: 3/3
[HOST] 
[HOST] [游戏状态] 进行中
[HOST] [INFO] 发送回合 54: listen=[0]
[TEST] 转发 client 0 的行动
[C0] [INFO] 回合 54: 已发送行动
[HOST] Now begin moving
[HOST] [Move] movement: 25
[HOST] [Move] Success
[HOST] Now begin attacking
[HOST] [Attack] Action Points: 0, Attack: True
[HOST] [Spell] 当前无延时法术。
[HOST] Piece 0 action points: 1
[HOST] Piece 1 action points: 1
[HOST] 
[HOST] ===== 回合 55 日志 =====
[HOST] 
[HOST] [当前行动棋子id]: 0
[HOST] 
[HOST] [行动队列] 剩余单位: 2存活 / 0阵亡
[HOST] 
[HOST] [地图]:
[HOST] 
[TEST] 收到 host 消息: target=-1, state=None, keys=['watch', '_target']
[TEST] 跳过观战消息
[HOST]  0  1  1  1  1  1  1  1  1  1  1  1  1  1  1  1  1  1  1  1 
[TEST] 收到 host 消息: target=0, state=55, keys=['state', 'listen', 'player', 'content', '_target'][HOST]  1  1  1  1  1  1  1  1  1  1  1  1  1  1  1  1  1  1  1  1 

[TEST] 回合 55: listen=[1][HOST]  1  1  1  1  1  1  1  1  1  1  1  1  1  1  1  1  1  1  1  1 

[HOST]  1  1  1  1 -1  1  1  1  1  1  1  1  1  1  1  1  1  1  1  1 
[HOST]  1  1  1  1 -1 -1  1  1  1  1  1  1  1  1  1  1  1  1  1  1 
[HOST]  1  1  1  1  1  1  1  1  1  1  1  1  1  1  1  1  1  1  1  1 
[HOST]  1  1  1  1  1  1  1  1  1  1  1  1  1  1  1  1  1  1  1  1 
[HOST]  1  1  1  1  1  1  1  1  1  1  1  1  1  1  1  1  1  1  1  1 
[HOST]  1  1  1  1  1  1  1  1  1  1  1  1  1  1  1  1  1  1  1  1 
[HOST]  1  1  1  1  1  1  1  1  1  1  1  1  1  1  1  1  1  1  1  1 
[HOST]  1  1  1  1  1  1  1  1  1  1  1  1  1  1  1  1  1  1  1  1 
[HOST]  1  1  1  1  1  1  1  1  1  1  1  1  1  1  1  1  1  1  1  1 
[HOST]  1  1  1  1  1  1  1  1  1  1  1  1  1  1  1  1  1  1  1  1 
[HOST]  1  1  1  1  1  1  1  1  1  1  1  1  1  1  1  1  1  1  1  1 
[HOST]  1  1  1  1  1  1  1  1  1  1  1  1  1  1  1  1  1  1  1  1 
[HOST]  1  1  1  1  1  1  1  1  1  1  1  1  1  1 -1 -1  1  1  1  1 
[HOST]  1  1  1  1  1  1  1  1  1  1  1  1  1  1  1 -1 -1 -1 -1  1 
[HOST]  1  1  1  1  1  1  1  1  1  1  1  1  1  1  1  1 -1 -1  1  1 
[HOST]  1  1  1  1  1  1  1  1  1  1  1  1  1  1  1  1 -1 -1 -1 -1 
[HOST]  1  1  1  1  1  1  1  1  1  1  1  1  1  1  1  1  1  1  1  1 
[HOST] 
[HOST] [存活单位]
[HOST] ├─ Piece #0
[HOST] │  所属: 玩家2 位置: (0,0)
[HOST] │  生命: 50/50 行动点: 1
[HOST] └─ 法术位: 3/3
[HOST] ├─ Piece #1
[HOST] │  所属: 玩家1 位置: (0,1)
[HOST] │  生命: 50/50 行动点: 1
[HOST] └─ 法术位: 3/3
[HOST] 
[HOST] [游戏状态] 进行中
[HOST] [INFO] 发送回合 55: listen=[1]
[TEST] 转发 client 1 的行动[C1] [INFO] 回合 55: 已发送行动

[HOST] Now begin moving
[HOST] [Move] movement: 25
[HOST] [Move] Success
[HOST] Now begin attacking
[HOST] [Attack] Action Points: 0, Attack: True
[HOST] [Spell] 当前无延时法术。
[HOST] Piece 1 action points: 1
[HOST] Piece 0 action points: 1
[HOST] 
[HOST] ===== 回合 56 日志 =====
[HOST] 
[HOST] [当前行动棋子id]: 1
[HOST] 
[HOST] [行动队列] 剩余单位: 2存活 / 0阵亡
[HOST] 
[HOST] [地图]:
[HOST] 
[HOST]  1  1  1  1  1  1  1  1  1  1  1  1  1  1  1  1  1  1  1  1 
[HOST]  1  1  1  1  1  1  1  1  1  1  1  1  1  1  1  1  1  1  1  1 
[HOST]  1  1  1  1  0  1  1  1  1  1  1  1  1  1  1  1  1  1  1  1 
[HOST]  1  1  1  1 -1  1  1  1  1  1  1  1  1  1  1  1  1  1  1  1 
[TEST] 收到 host 消息: target=-1, state=None, keys=['watch', '_target'][HOST]  1  1  1  1 -1 -1  1  1  1  1  1  1  1  1  1  1  1  1  1  1 

[TEST] 跳过观战消息[HOST]  1  1  1  1  1  1  1  1  1  1  1  1  1  1  1  1  1  1  1  1 

[HOST]  1  1  1  1  1  1  1  1  1  1  1  1  1  1  1  1  1  1  1  1 
[TEST] 收到 host 消息: target=0, state=56, keys=['state', 'listen', 'player', 'content', '_target'][HOST]  1  1  1  1  1  1  1  1  1  1  1  1  1  1  1  1  1  1  1  1 

[TEST] 回合 56: listen=[0][HOST]  1  1  1  1  1  1  1  1  1  1  1  1  1  1  1  1  1  1  1  1 

[HOST]  1  1  1  1  1  1  1  1  1  1  1  1  1  1  1  1  1  1  1  1 
[HOST]  1  1  1  1  1  1  1  1  1  1  1  1  1  1  1  1  1  1  1  1 
[HOST]  1  1  1  1  1  1  1  1  1  1  1  1  1  1  1  1  1  1  1  1 
[HOST]  1  1  1  1  1  1  1  1  1  1  1  1  1  1  1  1  1  1  1  1 
[HOST]  1  1  1  1  1  1  1  1  1  1  1  1  1  1  1  1  1  1  1  1 
[HOST]  1  1  1  1  1  1  1  1  1  1  1  1  1  1  1  1  1  1  1  1 
[HOST]  1  1  1  1  1  1  1  1  1  1  1  1  1  1 -1 -1  1  1  1  1 
[HOST]  1  1  1  1  1  1  1  1  1  1  1  1  1  1  1 -1 -1 -1 -1  1 
[HOST]  1  1  1  1  1  1  1  1  1  1  1  1  1  1  1  1 -1 -1  1  1 
[HOST]  1  1  1  1  1  1  1  1  1  1  1  1  1  1  1  1 -1 -1 -1 -1 
[HOST]  1  1  1  1  1  1  1  1  1  1  1  1  1  1  1  1  1  1  1  1 
[HOST] 
[HOST] [存活单位]
[HOST] ├─ Piece #1
[HOST] │  所属: 玩家1 位置: (0,1)
[HOST] │  生命: 50/50 行动点: 1
[HOST] └─ 法术位: 3/3
[HOST] ├─ Piece #0
[HOST] │  所属: 玩家2 位置: (2,4)
[HOST] │  生命: 50/50 行动点: 1
[HOST] └─ 法术位: 3/3
[HOST] 
[HOST] [游戏状态] 进行中
[HOST] [INFO] 发送回合 56: listen=[0]
[TEST] 转发 client 0 的行动[C0] [INFO] 回合 56: 已发送行动

[HOST] Now begin moving
[HOST] [Move] movement: 25
[HOST] [Move] Success
[HOST] Now begin attacking
[HOST] [Attack] Action Points: 0, Attack: True
[HOST] [Spell] 当前无延时法术。
[HOST] Piece 0 action points: 1
[HOST] Piece 1 action points: 1
[HOST] 
[HOST] ===== 回合 57 日志 =====
[TEST] 收到 host 消息: target=-1, state=None, keys=['watch', '_target'][HOST] 

[TEST] 跳过观战消息[HOST] [当前行动棋子id]: 0

[TEST] 收到 host 消息: target=0, state=57, keys=['state', 'listen', 'player', 'content', '_target'][HOST] 

[TEST] 回合 57: listen=[1][HOST] [行动队列] 剩余单位: 2存活 / 0阵亡

[HOST] 
[HOST] [地图]:
[HOST] 
[HOST]  1  1  1  1  1  1  1  1  1  1  1  1  1  1  1  1  1  1  1  1 
[HOST]  1  1  1  1  1  1  1  1  1  1  1  1  1  1  1  1  1  1  1  1 
[HOST]  1  1  1  1  0  1  1  1  1  1  1  1  1  1  1  1  1  1  1  1 
[HOST]  1  1  1  1 -1  1  1  1  1  1  1  1  1  1  1  1  1  1  1  1 
[HOST]  1  1  1  1 -1 -1  1  1  1  1  1  1  1  1  1  1  1  1  1  1 
[HOST]  1  1  1  1  1  1  1  1  1  1  1  1  1  1  1  1  1  1  1  1 
[HOST]  1  1  1  1  1  1  1  1  1  1  1  1  1  1  1  1  1  1  1  1 
[HOST]  1  1  1  1  1  1  1  1  1  1  1  1  1  1  1  1  1  1  1  1 
[HOST]  1  1  1  1  1  1  1  1  1  1  1  1  1  1  1  1  1  1  1  1 
[HOST]  1  1  1  1  1  1  1  1  1  1  1  1  1  1  1  1  1  1  1  1 
[HOST]  1  1  1  1  1  1  1  1  1  1  1  1  1  1  1  1  1  1  1  1 
[HOST]  1  1  1  1  1  1  1  1  1  1  1  1  1  1  1  1  1  1  1  1 
[HOST]  1  1  1  1  1  1  1  1  1  1  1  1  1  1  1  1  1  1  1  1 
[HOST]  1  1  1  1  1  1  1  1  1  1  1  1  1  1  1  1  1  1  1  1 
[HOST]  1  1  1  1  1  1  1  1  1  1  1  1  1  1  1  1  1  1  1  1 
[HOST]  1  1  1  1  1  1  1  1  1  1  1  1  1  1 -1 -1  1  1  1  1 
[HOST]  1  1  1  1  1  1  1  1  1  1  1  1  1  1  1 -1 -1 -1 -1  1 
[HOST]  1  1  1  1  1  1  1  1  1  1  1  1  1  1  1  1 -1 -1  1  1 
[HOST]  1  1  1  1  1  1  1  1  1  1  1  1  1  1  1  1 -1 -1 -1 -1 
[HOST]  1  1  1  1  1  1  1  1  1  1  1  1  1  1  1  1  1  1  1  1 
[HOST] 
[HOST] [存活单位]
[HOST] ├─ Piece #0
[HOST] │  所属: 玩家2 位置: (2,4)
[HOST] │  生命: 50/50 行动点: 1
[HOST] └─ 法术位: 3/3
[HOST] ├─ Piece #1
[HOST] │  所属: 玩家1 位置: (1,4)
[HOST] │  生命: 50/50 行动点: 1
[HOST] └─ 法术位: 3/3
[HOST] 
[HOST] [游戏状态] 进行中
[HOST] [INFO] 发送回合 57: listen=[1]
[TEST] 转发 client 1 的行动
[C1] [INFO] 回合 57: 已发送行动
[HOST] Now begin moving
[HOST] [Move] movement: 25
[HOST] [Move] Success
[HOST] Now begin attacking
[HOST] [Attack] Action Points: 0, Attack: True
[HOST] [Spell] 当前无延时法术。
[HOST] Piece 1 action points: 1
[HOST] Piece 0 action points: 1
[HOST] 
[HOST] ===== 回合 58 日志 =====
[HOST] 
[HOST] [当前行动棋子id]: 1
[HOST] 
[HOST] [行动队列] 剩余单位: 2存活 / 0阵亡
[HOST] 
[HOST] [地图]:
[HOST] 
[TEST] 收到 host 消息: target=-1, state=None, keys=['watch', '_target']
[TEST] 跳过观战消息
[HOST]  1  1  1  1  1  1  1  1  1  1  1  1  1  1  1  1  1  1  1  1 
[TEST] 收到 host 消息: target=0, state=58, keys=['state', 'listen', 'player', 'content', '_target']
[TEST] 回合 58: listen=[0][HOST]  1  1  1  1  1  1  1  1  1  1  1  1  1  1  1  1  1  1  1  1 

[HOST]  1  1  1  1  1  1  1  1  1  1  1  1  1  1  1  1  1  1  1  1 
[HOST]  1  0  1  1 -1  1  1  1  1  1  1  1  1  1  1  1  1  1  1  1 
[HOST]  1  1  1  1 -1 -1  1  1  1  1  1  1  1  1  1  1  1  1  1  1 
[HOST]  1  1  1  1  1  1  1  1  1  1  1  1  1  1  1  1  1  1  1  1 
[HOST]  1  1  1  1  1  1  1  1  1  1  1  1  1  1  1  1  1  1  1  1 
[HOST]  1  1  1  1  1  1  1  1  1  1  1  1  1  1  1  1  1  1  1  1 
[HOST]  1  1  1  1  1  1  1  1  1  1  1  1  1  1  1  1  1  1  1  1 
[HOST]  1  1  1  1  1  1  1  1  1  1  1  1  1  1  1  1  1  1  1  1 
[HOST]  1  1  1  1  1  1  1  1  1  1  1  1  1  1  1  1  1  1  1  1 
[HOST]  1  1  1  1  1  1  1  1  1  1  1  1  1  1  1  1  1  1  1  1 
[HOST]  1  1  1  1  1  1  1  1  1  1  1  1  1  1  1  1  1  1  1  1 
[HOST]  1  1  1  1  1  1  1  1  1  1  1  1  1  1  1  1  1  1  1  1 
[HOST]  1  1  1  1  1  1  1  1  1  1  1  1  1  1  1  1  1  1  1  1 
[HOST]  1  1  1  1  1  1  1  1  1  1  1  1  1  1 -1 -1  1  1  1  1 
[HOST]  1  1  1  1  1  1  1  1  1  1  1  1  1  1  1 -1 -1 -1 -1  1 
[HOST]  1  1  1  1  1  1  1  1  1  1  1  1  1  1  1  1 -1 -1  1  1 
[HOST]  1  1  1  1  1  1  1  1  1  1  1  1  1  1  1  1 -1 -1 -1 -1 
[HOST]  1  1  1  1  1  1  1  1  1  1  1  1  1  1  1  1  1  1  1  1 
[HOST] 
[HOST] [存活单位]
[HOST] ├─ Piece #1
[HOST] │  所属: 玩家1 位置: (1,4)
[HOST] │  生命: 50/50 行动点: 1
[HOST] └─ 法术位: 3/3
[HOST] ├─ Piece #0
[HOST] │  所属: 玩家2 位置: (3,1)
[HOST] │  生命: 50/50 行动点: 1
[HOST] └─ 法术位: 3/3
[HOST] 
[HOST] [游戏状态] 进行中
[HOST] [INFO] 发送回合 58: listen=[0]
[TEST] 转发 client 0 的行动
[C0] [INFO] 回合 58: 已发送行动
[HOST] Now begin moving
[HOST] [Move] movement: 25
[HOST] [Move] Success
[HOST] Now begin attacking
[HOST] [Attack] Action Points: 0, Attack: True
[HOST] [Spell] 当前无延时法术。
[HOST] Piece 0 action points: 1
[HOST] Piece 1 action points: 1
[HOST] 
[HOST] ===== 回合 59 日志 =====
[HOST] 
[TEST] 收到 host 消息: target=-1, state=None, keys=['watch', '_target']
[TEST] 跳过观战消息[HOST] [当前行动棋子id]: 0

[HOST] 
[TEST] 收到 host 消息: target=0, state=59, keys=['state', 'listen', 'player', 'content', '_target'][HOST] [行动队列] 剩余单位: 2存活 / 0阵亡

[TEST] 回合 59: listen=[1][HOST] 

[HOST] [地图]:
[HOST] 
[HOST]  1  1  1  1  1  1  1  1  1  1  1  1  1  1  1  1  1  1  1  1 
[HOST]  1  1  1  1  1  1  1  1  1  1  1  1  1  1  1  1  1  1  1  1 
[HOST]  1  1  1  1  1  1  1  1  1  1  1  1  1  1  1  1  1  1  1  1 
[HOST]  1  0  1  1 -1  1  1  1  1  1  1  1  1  1  1  1  1  1  1  1 
[HOST]  1  1  1  1 -1 -1  1  1  1  1  1  1  1  1  1  1  1  1  1  1 
[HOST]  1  1  1  1  1  1  1  1  1  1  1  1  1  1  1  1  1  1  1  1 
[HOST]  1  1  1  1  1  1  1  1  1  1  1  1  1  1  1  1  1  1  1  1 
[HOST]  1  1  1  1  1  1  1  1  1  1  1  1  1  1  1  1  1  1  1  1 
[HOST]  1  1  1  1  1  1  1  1  1  1  1  1  1  1  1  1  1  1  1  1 
[HOST]  1  1  1  1  1  1  1  1  1  1  1  1  1  1  1  1  1  1  1  1 
[HOST]  1  1  1  1  1  1  1  1  1  1  1  1  1  1  1  1  1  1  1  1 
[HOST]  1  1  1  1  1  1  1  1  1  1  1  1  1  1  1  1  1  1  1  1 
[HOST]  1  1  1  1  1  1  1  1  1  1  1  1  1  1  1  1  1  1  1  1 
[HOST]  1  1  1  1  1  1  1  1  1  1  1  1  1  1  1  1  1  1  1  1 
[HOST]  1  1  1  1  1  1  1  1  1  1  1  1  1  1  1  1  1  1  1  1 
[HOST]  1  1  1  1  1  1  1  1  1  1  1  1  1  1 -1 -1  1  1  1  1 
[HOST]  1  1  1  1  1  1  1  1  1  1  1  1  1  1  1 -1 -1 -1 -1  1 
[HOST]  1  1  1  1  1  1  1  1  1  1  1  1  1  1  1  1 -1 -1  1  1 
[HOST]  1  1  1  1  1  1  1  1  1  1  1  1  1  1  1  1 -1 -1 -1 -1 
[HOST]  1  1  1  1  1  1  1  1  1  1  1  1  1  1  1  1  1  1  1  1 
[HOST] 
[HOST] [存活单位]
[HOST] ├─ Piece #0
[HOST] │  所属: 玩家2 位置: (3,1)
[HOST] │  生命: 50/50 行动点: 1
[HOST] └─ 法术位: 3/3
[HOST] ├─ Piece #1
[HOST] │  所属: 玩家1 位置: (2,1)
[HOST] │  生命: 50/50 行动点: 1
[HOST] └─ 法术位: 3/3
[HOST] 
[HOST] [游戏状态] 进行中
[HOST] [INFO] 发送回合 59: listen=[1]
[TEST] 转发 client 1 的行动[C1] [INFO] 回合 59: 已发送行动

[HOST] Now begin moving
[HOST] [Move] movement: 25
[HOST] [Move] Success
[HOST] Now begin attacking
[HOST] [Attack] Action Points: 0, Attack: True
[HOST] [Spell] 当前无延时法术。
[HOST] Piece 1 action points: 1
[HOST] Piece 0 action points: 1
[HOST] 
[HOST] ===== 回合 60 日志 =====
[HOST] 
[HOST] [当前行动棋子id]: 1
[HOST] 
[HOST] [行动队列] 剩余单位: 2存活 / 0阵亡
[TEST] 收到 host 消息: target=-1, state=None, keys=['watch', '_target'][HOST] 

[TEST] 跳过观战消息
[TEST] 收到 host 消息: target=0, state=60, keys=['state', 'listen', 'player', 'content', '_target'][HOST] [地图]:

[TEST] 回合 60: listen=[0]
[HOST] 
[HOST]  1  1  1  1  0  1  1  1  1  1  1  1  1  1  1  1  1  1  1  1 
[HOST]  1  1  1  1  1  1  1  1  1  1  1  1  1  1  1  1  1  1  1  1 
[HOST]  1  1  1  1  1  1  1  1  1  1  1  1  1  1  1  1  1  1  1  1 
[HOST]  1  1  1  1 -1  1  1  1  1  1  1  1  1  1  1  1  1  1  1  1 
[HOST]  1  1  1  1 -1 -1  1  1  1  1  1  1  1  1  1  1  1  1  1  1 
[HOST]  1  1  1  1  1  1  1  1  1  1  1  1  1  1  1  1  1  1  1  1 
[HOST]  1  1  1  1  1  1  1  1  1  1  1  1  1  1  1  1  1  1  1  1 
[HOST]  1  1  1  1  1  1  1  1  1  1  1  1  1  1  1  1  1  1  1  1 
[HOST]  1  1  1  1  1  1  1  1  1  1  1  1  1  1  1  1  1  1  1  1 
[HOST]  1  1  1  1  1  1  1  1  1  1  1  1  1  1  1  1  1  1  1  1 
[HOST]  1  1  1  1  1  1  1  1  1  1  1  1  1  1  1  1  1  1  1  1 
[HOST]  1  1  1  1  1  1  1  1  1  1  1  1  1  1  1  1  1  1  1  1 
[HOST]  1  1  1  1  1  1  1  1  1  1  1  1  1  1  1  1  1  1  1  1 
[HOST]  1  1  1  1  1  1  1  1  1  1  1  1  1  1  1  1  1  1  1  1 
[HOST]  1  1  1  1  1  1  1  1  1  1  1  1  1  1  1  1  1  1  1  1 
[HOST]  1  1  1  1  1  1  1  1  1  1  1  1  1  1 -1 -1  1  1  1  1 
[HOST]  1  1  1  1  1  1  1  1  1  1  1  1  1  1  1 -1 -1 -1 -1  1 
[HOST]  1  1  1  1  1  1  1  1  1  1  1  1  1  1  1  1 -1 -1  1  1 
[HOST]  1  1  1  1  1  1  1  1  1  1  1  1  1  1  1  1 -1 -1 -1 -1 
[HOST]  1  1  1  1  1  1  1  1  1  1  1  1  1  1  1  1  1  1  1  1 
[HOST] 
[HOST] [存活单位]
[HOST] ├─ Piece #1
[HOST] │  所属: 玩家1 位置: (2,1)
[HOST] │  生命: 50/50 行动点: 1
[HOST] └─ 法术位: 3/3
[HOST] ├─ Piece #0
[HOST] │  所属: 玩家2 位置: (0,4)
[HOST] │  生命: 50/50 行动点: 1
[HOST] └─ 法术位: 3/3
[HOST] 
[HOST] [游戏状态] 进行中
[HOST] [INFO] 发送回合 60: listen=[0]
[TEST] 转发 client 0 的行动
[C0] [INFO] 回合 60: 已发送行动
[HOST] Now begin moving
[HOST] [Move] movement: 25
[HOST] [Move] Success
[HOST] Now begin attacking
[HOST] [Attack] Action Points: 0, Attack: True
[HOST] [Spell] 当前无延时法术。
[HOST] Piece 0 action points: 1
[HOST] Piece 1 action points: 1
[HOST] 
[HOST] ===== 回合 61 日志 =====
[HOST] 
[HOST] [当前行动棋子id]: 0
[HOST] 
[HOST] [行动队列] 剩余单位: 2存活 / 0阵亡
[HOST] 
[HOST] [地图]:
[TEST] 收到 host 消息: target=-1, state=None, keys=['watch', '_target']
[TEST] 跳过观战消息[HOST] 

[HOST]  1  1  1  1  0  1  1  1  1  1  1  1  1  1  1  1  1  1  1  1 
[TEST] 收到 host 消息: target=0, state=61, keys=['state', 'listen', 'player', 'content', '_target'][HOST]  1  1  1  1  1  1  1  1  1  1  1  1  1  1  1  1  1  1  1  1 

[TEST] 回合 61: listen=[1][HOST]  1  1  1  1  1  1  1  1  1  1  1  1  1  1  1  1  1  1  1  1 

[HOST]  1  1  1  1 -1  1  1  1  1  1  1  1  1  1  1  1  1  1  1  1 
[HOST]  1  1  1  1 -1 -1  1  1  1  1  1  1  1  1  1  1  1  1  1  1 
[HOST]  1  1  1  1  1  1  1  1  1  1  1  1  1  1  1  1  1  1  1  1 
[HOST]  1  1  1  1  1  1  1  1  1  1  1  1  1  1  1  1  1  1  1  1 
[HOST]  1  1  1  1  1  1  1  1  1  1  1  1  1  1  1  1  1  1  1  1 
[HOST]  1  1  1  1  1  1  1  1  1  1  1  1  1  1  1  1  1  1  1  1 
[HOST]  1  1  1  1  1  1  1  1  1  1  1  1  1  1  1  1  1  1  1  1 
[HOST]  1  1  1  1  1  1  1  1  1  1  1  1  1  1  1  1  1  1  1  1 
[HOST]  1  1  1  1  1  1  1  1  1  1  1  1  1  1  1  1  1  1  1  1 
[HOST]  1  1  1  1  1  1  1  1  1  1  1  1  1  1  1  1  1  1  1  1 
[HOST]  1  1  1  1  1  1  1  1  1  1  1  1  1  1  1  1  1  1  1  1 
[HOST]  1  1  1  1  1  1  1  1  1  1  1  1  1  1  1  1  1  1  1  1 
[HOST]  1  1  1  1  1  1  1  1  1  1  1  1  1  1 -1 -1  1  1  1  1 
[HOST]  1  1  1  1  1  1  1  1  1  1  1  1  1  1  1 -1 -1 -1 -1  1 
[HOST]  1  1  1  1  1  1  1  1  1  1  1  1  1  1  1  1 -1 -1  1  1 
[HOST]  1  1  1  1  1  1  1  1  1  1  1  1  1  1  1  1 -1 -1 -1 -1 
[HOST]  1  1  1  1  1  1  1  1  1  1  1  1  1  1  1  1  1  1  1  1 
[HOST] 
[HOST] [存活单位]
[HOST] ├─ Piece #0
[HOST] │  所属: 玩家2 位置: (0,4)
[HOST] │  生命: 50/50 行动点: 1
[HOST] └─ 法术位: 3/3
[HOST] ├─ Piece #1
[HOST] │  所属: 玩家1 位置: (0,3)
[HOST] │  生命: 50/50 行动点: 1
[HOST] └─ 法术位: 3/3
[HOST] 
[HOST] [游戏状态] 进行中
[HOST] [INFO] 发送回合 61: listen=[1]
[C1] [INFO] 回合 61: 已发送行动
[TEST] 转发 client 1 的行动
[HOST] Now begin moving
[HOST] [Move] movement: 25
[HOST] [Move] Success
[HOST] Now begin attacking
[HOST] [Attack] Action Points: 0, Attack: True
[HOST] [Spell] 当前无延时法术。
[HOST] Piece 1 action points: 1
[HOST] Piece 0 action points: 1
[HOST] 
[HOST] ===== 回合 62 日志 =====
[HOST] 
[HOST] [当前行动棋子id]: 1
[TEST] 收到 host 消息: target=-1, state=None, keys=['watch', '_target']
[TEST] 跳过观战消息[HOST] 

[TEST] 收到 host 消息: target=0, state=62, keys=['state', 'listen', 'player', 'content', '_target'][HOST] [行动队列] 剩余单位: 2存活 / 0阵亡

[TEST] 回合 62: listen=[0]
[HOST] 
[HOST] [地图]:
[HOST] 
[HOST]  1  1  1  1  1  1  1  1  1  1  1  1  1  1  1  1  1  1  1  1 
[HOST]  1  1  1  1  1  1  1  1  1  1  1  1  1  1  1  1  1  1  1  1 
[HOST]  0  1  1  1  1  1  1  1  1  1  1  1  1  1  1  1  1  1  1  1 
[HOST]  1  1  1  1 -1  1  1  1  1  1  1  1  1  1  1  1  1  1  1  1 
[HOST]  1  1  1  1 -1 -1  1  1  1  1  1  1  1  1  1  1  1  1  1  1 
[HOST]  1  1  1  1  1  1  1  1  1  1  1  1  1  1  1  1  1  1  1  1 
[HOST]  1  1  1  1  1  1  1  1  1  1  1  1  1  1  1  1  1  1  1  1 
[HOST]  1  1  1  1  1  1  1  1  1  1  1  1  1  1  1  1  1  1  1  1 
[HOST]  1  1  1  1  1  1  1  1  1  1  1  1  1  1  1  1  1  1  1  1 
[HOST]  1  1  1  1  1  1  1  1  1  1  1  1  1  1  1  1  1  1  1  1 
[HOST]  1  1  1  1  1  1  1  1  1  1  1  1  1  1  1  1  1  1  1  1 
[HOST]  1  1  1  1  1  1  1  1  1  1  1  1  1  1  1  1  1  1  1  1 
[HOST]  1  1  1  1  1  1  1  1  1  1  1  1  1  1  1  1  1  1  1  1 
[HOST]  1  1  1  1  1  1  1  1  1  1  1  1  1  1  1  1  1  1  1  1 
[HOST]  1  1  1  1  1  1  1  1  1  1  1  1  1  1  1  1  1  1  1  1 
[HOST]  1  1  1  1  1  1  1  1  1  1  1  1  1  1 -1 -1  1  1  1  1 
[HOST]  1  1  1  1  1  1  1  1  1  1  1  1  1  1  1 -1 -1 -1 -1  1 
[HOST]  1  1  1  1  1  1  1  1  1  1  1  1  1  1  1  1 -1 -1  1  1 
[HOST]  1  1  1  1  1  1  1  1  1  1  1  1  1  1  1  1 -1 -1 -1 -1 
[HOST]  1  1  1  1  1  1  1  1  1  1  1  1  1  1  1  1  1  1  1  1 
[HOST] 
[HOST] [存活单位]
[HOST] ├─ Piece #1
[HOST] │  所属: 玩家1 位置: (0,3)
[HOST] │  生命: 50/50 行动点: 1
[HOST] └─ 法术位: 3/3
[HOST] ├─ Piece #0
[HOST] │  所属: 玩家2 位置: (2,0)
[HOST] │  生命: 50/50 行动点: 1
[HOST] └─ 法术位: 3/3
[HOST] 
[HOST] [游戏状态] 进行中
[HOST] [INFO] 发送回合 62: listen=[0]
[TEST] 转发 client 0 的行动[C0] [INFO] 回合 62: 已发送行动

[HOST] Now begin moving
[HOST] [Move] movement: 25
[HOST] [Move] Success
[HOST] Now begin attacking
[HOST] [Attack] Action Points: 0, Attack: True
[HOST] [Spell] 当前无延时法术。
[HOST] Piece 0 action points: 1
[HOST] Piece 1 action points: 1
[HOST] 
[HOST] ===== 回合 63 日志 =====
[HOST] 
[HOST] [当前行动棋子id]: 0
[HOST] 
[HOST] [行动队列] 剩余单位: 2存活 / 0阵亡
[HOST] 
[HOST] [地图]:
[HOST] 
[HOST]  1  1  1  1  1  1  1  1  1  1  1  1  1  1  1  1  1  1  1  1 
[HOST]  1  1  1  1  1  1  1  1  1  1  1  1  1  1  1  1  1  1  1  1 
[TEST] 收到 host 消息: target=-1, state=None, keys=['watch', '_target'][HOST]  0  1  1  1  1  1  1  1  1  1  1  1  1  1  1  1  1  1  1  1 

[TEST] 跳过观战消息[HOST]  1  1  1  1 -1  1  1  1  1  1  1  1  1  1  1  1  1  1  1  1 

[TEST] 收到 host 消息: target=0, state=63, keys=['state', 'listen', 'player', 'content', '_target'][HOST]  1  1  1  1 -1 -1  1  1  1  1  1  1  1  1  1  1  1  1  1  1 

[TEST] 回合 63: listen=[1][HOST]  1  1  1  1  1  1  1  1  1  1  1  1  1  1  1  1  1  1  1  1 

[HOST]  1  1  1  1  1  1  1  1  1  1  1  1  1  1  1  1  1  1  1  1 
[HOST]  1  1  1  1  1  1  1  1  1  1  1  1  1  1  1  1  1  1  1  1 
[HOST]  1  1  1  1  1  1  1  1  1  1  1  1  1  1  1  1  1  1  1  1 
[HOST]  1  1  1  1  1  1  1  1  1  1  1  1  1  1  1  1  1  1  1  1 
[HOST]  1  1  1  1  1  1  1  1  1  1  1  1  1  1  1  1  1  1  1  1 
[HOST]  1  1  1  1  1  1  1  1  1  1  1  1  1  1  1  1  1  1  1  1 
[HOST]  1  1  1  1  1  1  1  1  1  1  1  1  1  1  1  1  1  1  1  1 
[HOST]  1  1  1  1  1  1  1  1  1  1  1  1  1  1  1  1  1  1  1  1 
[HOST]  1  1  1  1  1  1  1  1  1  1  1  1  1  1  1  1  1  1  1  1 
[HOST]  1  1  1  1  1  1  1  1  1  1  1  1  1  1 -1 -1  1  1  1  1 
[HOST]  1  1  1  1  1  1  1  1  1  1  1  1  1  1  1 -1 -1 -1 -1  1 
[HOST]  1  1  1  1  1  1  1  1  1  1  1  1  1  1  1  1 -1 -1  1  1 
[HOST]  1  1  1  1  1  1  1  1  1  1  1  1  1  1  1  1 -1 -1 -1 -1 
[HOST]  1  1  1  1  1  1  1  1  1  1  1  1  1  1  1  1  1  1  1  1 
[HOST] 
[HOST] [存活单位]
[HOST] ├─ Piece #0
[HOST] │  所属: 玩家2 位置: (2,0)
[HOST] │  生命: 50/50 行动点: 1
[HOST] └─ 法术位: 3/3
[HOST] ├─ Piece #1
[HOST] │  所属: 玩家1 位置: (1,0)
[HOST] │  生命: 50/50 行动点: 1
[HOST] └─ 法术位: 3/3
[HOST] 
[HOST] [游戏状态] 进行中
[HOST] [INFO] 发送回合 63: listen=[1]
[TEST] 转发 client 1 的行动
[C1] [INFO] 回合 63: 已发送行动
[HOST] Now begin moving
[HOST] [Move] movement: 25
[HOST] [Move] Success
[HOST] Now begin attacking
[HOST] [Attack] Action Points: 0, Attack: True
[HOST] [Spell] 当前无延时法术。
[HOST] Piece 1 action points: 1
[HOST] Piece 0 action points: 1
[HOST] 
[HOST] ===== 回合 64 日志 =====
[HOST] 
[HOST] [当前行动棋子id]: 1
[HOST] 
[HOST] [行动队列] 剩余单位: 2存活 / 0阵亡
[HOST] 
[HOST] [地图]:
[HOST] 
[HOST]  1  1  1  1  1  1  1  1  1  1  1  1  1  1  1  1  1  1  1  1 
[TEST] 收到 host 消息: target=-1, state=None, keys=['watch', '_target']
[TEST] 跳过观战消息[HOST]  1  1  1  1  1  1  1  1  1  1  1  1  1  1  1  1  1  1  1  1 

[HOST]  1  1  1  1  1  1  1  1  1  1  1  1  1  1  1  1  1  1  1  1 
[TEST] 收到 host 消息: target=0, state=64, keys=['state', 'listen', 'player', 'content', '_target'][HOST]  1  1  1  0 -1  1  1  1  1  1  1  1  1  1  1  1  1  1  1  1 

[TEST] 回合 64: listen=[0]
[HOST]  1  1  1  1 -1 -1  1  1  1  1  1  1  1  1  1  1  1  1  1  1 
[HOST]  1  1  1  1  1  1  1  1  1  1  1  1  1  1  1  1  1  1  1  1 
[HOST]  1  1  1  1  1  1  1  1  1  1  1  1  1  1  1  1  1  1  1  1 
[HOST]  1  1  1  1  1  1  1  1  1  1  1  1  1  1  1  1  1  1  1  1 
[HOST]  1  1  1  1  1  1  1  1  1  1  1  1  1  1  1  1  1  1  1  1 
[HOST]  1  1  1  1  1  1  1  1  1  1  1  1  1  1  1  1  1  1  1  1 
[HOST]  1  1  1  1  1  1  1  1  1  1  1  1  1  1  1  1  1  1  1  1 
[HOST]  1  1  1  1  1  1  1  1  1  1  1  1  1  1  1  1  1  1  1  1 
[HOST]  1  1  1  1  1  1  1  1  1  1  1  1  1  1  1  1  1  1  1  1 
[HOST]  1  1  1  1  1  1  1  1  1  1  1  1  1  1  1  1  1  1  1  1 
[HOST]  1  1  1  1  1  1  1  1  1  1  1  1  1  1  1  1  1  1  1  1 
[HOST]  1  1  1  1  1  1  1  1  1  1  1  1  1  1 -1 -1  1  1  1  1 
[HOST]  1  1  1  1  1  1  1  1  1  1  1  1  1  1  1 -1 -1 -1 -1  1 
[HOST]  1  1  1  1  1  1  1  1  1  1  1  1  1  1  1  1 -1 -1  1  1 
[HOST]  1  1  1  1  1  1  1  1  1  1  1  1  1  1  1  1 -1 -1 -1 -1 
[HOST]  1  1  1  1  1  1  1  1  1  1  1  1  1  1  1  1  1  1  1  1 
[HOST] 
[HOST] [存活单位]
[HOST] ├─ Piece #1
[HOST] │  所属: 玩家1 位置: (1,0)
[HOST] │  生命: 50/50 行动点: 1
[HOST] └─ 法术位: 3/3
[HOST] ├─ Piece #0
[HOST] │  所属: 玩家2 位置: (3,3)
[HOST] │  生命: 50/50 行动点: 1
[HOST] └─ 法术位: 3/3
[HOST] 
[HOST] [游戏状态] 进行中
[HOST] [INFO] 发送回合 64: listen=[0]
[TEST] 转发 client 0 的行动[C0] [INFO] 回合 64: 已发送行动

[HOST] Now begin moving
[HOST] [Move] movement: 25
[HOST] [Move] Success
[HOST] Now begin attacking
[HOST] [Attack] Action Points: 0, Attack: True
[HOST] [Spell] 当前无延时法术。
[HOST] Piece 0 action points: 1
[HOST] Piece 1 action points: 1
[HOST] 
[HOST] ===== 回合 65 日志 =====
[HOST] 
[HOST] [当前行动棋子id]: 0
[HOST] 
[HOST] [行动队列] 剩余单位: 2存活 / 0阵亡
[HOST] 
[HOST] [地图]:
[HOST] 
[HOST]  1  1  1  1  1  1  1  1  1  1  1  1  1  1  1  1  1  1  1  1 
[HOST]  1  1  1  1  1  1  1  1  1  1  1  1  1  1  1  1  1  1  1  1 
[HOST]  1  1  1  1  1  1  1  1  1  1  1  1  1  1  1  1  1  1  1  1 
[HOST]  1  1  1  0 -1  1  1  1  1  1  1  1  1  1  1  1  1  1  1  1 
[HOST]  1  1  1  1 -1 -1  1  1  1  1  1  1  1  1  1  1  1  1  1  1 
[HOST]  1  1  1  1  1  1  1  1  1  1  1  1  1  1  1  1  1  1  1  1 
[HOST]  1  1  1  1  1  1  1  1  1  1  1  1  1  1  1  1  1  1  1  1 
[HOST]  1  1  1  1  1  1  1  1  1  1  1  1  1  1  1  1  1  1  1  1 
[HOST]  1  1  1  1  1  1  1  1  1  1  1  1  1  1  1  1  1  1  1  1 
[HOST]  1  1  1  1  1  1  1  1  1  1  1  1  1  1  1  1  1  1  1  1 
[HOST]  1  1  1  1  1  1  1  1  1  1  1  1  1  1  1  1  1  1  1  1 
[HOST]  1  1  1  1  1  1  1  1  1  1  1  1  1  1  1  1  1  1  1  1 
[HOST]  1  1  1  1  1  1  1  1  1  1  1  1  1  1  1  1  1  1  1  1 
[HOST]  1  1  1  1  1  1  1  1  1  1  1  1  1  1  1  1  1  1  1  1 
[HOST]  1  1  1  1  1  1  1  1  1  1  1  1  1  1  1  1  1  1  1  1 
[TEST] 收到 host 消息: target=-1, state=None, keys=['watch', '_target'][HOST]  1  1  1  1  1  1  1  1  1  1  1  1  1  1 -1 -1  1  1  1  1 

[TEST] 跳过观战消息[HOST]  1  1  1  1  1  1  1  1  1  1  1  1  1  1  1 -1 -1 -1 -1  1 

[TEST] 收到 host 消息: target=0, state=65, keys=['state', 'listen', 'player', 'content', '_target'][HOST]  1  1  1  1  1  1  1  1  1  1  1  1  1  1  1  1 -1 -1  1  1 

[TEST] 回合 65: listen=[1]
[HOST]  1  1  1  1  1  1  1  1  1  1  1  1  1  1  1  1 -1 -1 -1 -1 
[HOST]  1  1  1  1  1  1  1  1  1  1  1  1  1  1  1  1  1  1  1  1 
[HOST] 
[HOST] [存活单位]
[HOST] ├─ Piece #0
[HOST] │  所属: 玩家2 位置: (3,3)
[HOST] │  生命: 50/50 行动点: 1
[HOST] └─ 法术位: 3/3
[HOST] ├─ Piece #1
[HOST] │  所属: 玩家1 位置: (2,3)
[HOST] │  生命: 50/50 行动点: 1
[HOST] └─ 法术位: 3/3
[HOST] 
[HOST] [游戏状态] 进行中
[HOST] [INFO] 发送回合 65: listen=[1]
[TEST] 转发 client 1 的行动[C1] [INFO] 回合 65: 已发送行动

[HOST] Now begin moving
[HOST] [Move] movement: 25
[HOST] [Move] Success
[HOST] Now begin attacking
[HOST] [Attack] Action Points: 0, Attack: True
[HOST] [Spell] 当前无延时法术。
[HOST] Piece 1 action points: 1
[HOST] Piece 0 action points: 1
[HOST] 
[HOST] ===== 回合 66 日志 =====
[HOST] 
[HOST] [当前行动棋子id]: 1
[HOST] 
[HOST] [行动队列] 剩余单位: 2存活 / 0阵亡
[HOST] 
[HOST] [地图]:
[HOST] 
[HOST]  0  1  1  1  1  1  1  1  1  1  1  1  1  1  1  1  1  1  1  1 
[HOST]  1  1  1  1  1  1  1  1  1  1  1  1  1  1  1  1  1  1  1  1 
[HOST]  1  1  1  1  1  1  1  1  1  1  1  1  1  1  1  1  1  1  1  1 
[HOST]  1  1  1  1 -1  1  1  1  1  1  1  1  1  1  1  1  1  1  1  1 
[HOST]  1  1  1  1 -1 -1  1  1  1  1  1  1  1  1  1  1  1  1  1  1 
[HOST]  1  1  1  1  1  1  1  1  1  1  1  1  1  1  1  1  1  1  1  1 
[HOST]  1  1  1  1  1  1  1  1  1  1  1  1  1  1  1  1  1  1  1  1 
[HOST]  1  1  1  1  1  1  1  1  1  1  1  1  1  1  1  1  1  1  1  1 
[HOST]  1  1  1  1  1  1  1  1  1  1  1  1  1  1  1  1  1  1  1  1 
[HOST]  1  1  1  1  1  1  1  1  1  1  1  1  1  1  1  1  1  1  1  1 
[TEST] 收到 host 消息: target=-1, state=None, keys=['watch', '_target'][HOST]  1  1  1  1  1  1  1  1  1  1  1  1  1  1  1  1  1  1  1  1 

[TEST] 跳过观战消息[HOST]  1  1  1  1  1  1  1  1  1  1  1  1  1  1  1  1  1  1  1  1 

[HOST]  1  1  1  1  1  1  1  1  1  1  1  1  1  1  1  1  1  1  1  1 
[TEST] 收到 host 消息: target=0, state=66, keys=['state', 'listen', 'player', 'content', '_target']
[TEST] 回合 66: listen=[0][HOST]  1  1  1  1  1  1  1  1  1  1  1  1  1  1  1  1  1  1  1  1 

[HOST]  1  1  1  1  1  1  1  1  1  1  1  1  1  1  1  1  1  1  1  1 
[HOST]  1  1  1  1  1  1  1  1  1  1  1  1  1  1 -1 -1  1  1  1  1 
[HOST]  1  1  1  1  1  1  1  1  1  1  1  1  1  1  1 -1 -1 -1 -1  1 
[HOST]  1  1  1  1  1  1  1  1  1  1  1  1  1  1  1  1 -1 -1  1  1 
[HOST]  1  1  1  1  1  1  1  1  1  1  1  1  1  1  1  1 -1 -1 -1 -1 
[HOST]  1  1  1  1  1  1  1  1  1  1  1  1  1  1  1  1  1  1  1  1 
[HOST] 
[HOST] [存活单位]
[HOST] ├─ Piece #1
[HOST] │  所属: 玩家1 位置: (2,3)
[HOST] │  生命: 50/50 行动点: 1
[HOST] └─ 法术位: 3/3
[HOST] ├─ Piece #0
[HOST] │  所属: 玩家2 位置: (0,0)
[HOST] │  生命: 50/50 行动点: 1
[HOST] └─ 法术位: 3/3
[HOST] 
[HOST] [游戏状态] 进行中
[HOST] [INFO] 发送回合 66: listen=[0]
[C0] [INFO] 回合 66: 已发送行动
[TEST] 转发 client 0 的行动
[HOST] Now begin moving
[HOST] [Move] movement: 25
[HOST] [Move] Success
[HOST] Now begin attacking
[HOST] [Attack] Action Points: 0, Attack: True
[HOST] [Spell] 当前无延时法术。
[HOST] Piece 0 action points: 1
[HOST] Piece 1 action points: 1
[HOST] 
[HOST] ===== 回合 67 日志 =====
[TEST] 收到 host 消息: target=-1, state=None, keys=['watch', '_target'][HOST] 

[TEST] 跳过观战消息[HOST] [当前行动棋子id]: 0

[TEST] 收到 host 消息: target=0, state=67, keys=['state', 'listen', 'player', 'content', '_target'][HOST] 

[TEST] 回合 67: listen=[1][HOST] [行动队列] 剩余单位: 2存活 / 0阵亡

[HOST] 
[HOST] [地图]:
[HOST] 
[HOST]  0  1  1  1  1  1  1  1  1  1  1  1  1  1  1  1  1  1  1  1 
[HOST]  1  1  1  1  1  1  1  1  1  1  1  1  1  1  1  1  1  1  1  1 
[HOST]  1  1  1  1  1  1  1  1  1  1  1  1  1  1  1  1  1  1  1  1 
[HOST]  1  1  1  1 -1  1  1  1  1  1  1  1  1  1  1  1  1  1  1  1 
[HOST]  1  1  1  1 -1 -1  1  1  1  1  1  1  1  1  1  1  1  1  1  1 
[HOST]  1  1  1  1  1  1  1  1  1  1  1  1  1  1  1  1  1  1  1  1 
[HOST]  1  1  1  1  1  1  1  1  1  1  1  1  1  1  1  1  1  1  1  1 
[HOST]  1  1  1  1  1  1  1  1  1  1  1  1  1  1  1  1  1  1  1  1 
[HOST]  1  1  1  1  1  1  1  1  1  1  1  1  1  1  1  1  1  1  1  1 
[HOST]  1  1  1  1  1  1  1  1  1  1  1  1  1  1  1  1  1  1  1  1 
[HOST]  1  1  1  1  1  1  1  1  1  1  1  1  1  1  1  1  1  1  1  1 
[HOST]  1  1  1  1  1  1  1  1  1  1  1  1  1  1  1  1  1  1  1  1 
[HOST]  1  1  1  1  1  1  1  1  1  1  1  1  1  1  1  1  1  1  1  1 
[HOST]  1  1  1  1  1  1  1  1  1  1  1  1  1  1  1  1  1  1  1  1 
[HOST]  1  1  1  1  1  1  1  1  1  1  1  1  1  1  1  1  1  1  1  1 
[HOST]  1  1  1  1  1  1  1  1  1  1  1  1  1  1 -1 -1  1  1  1  1 
[HOST]  1  1  1  1  1  1  1  1  1  1  1  1  1  1  1 -1 -1 -1 -1  1 
[HOST]  1  1  1  1  1  1  1  1  1  1  1  1  1  1  1  1 -1 -1  1  1 
[HOST]  1  1  1  1  1  1  1  1  1  1  1  1  1  1  1  1 -1 -1 -1 -1 
[HOST]  1  1  1  1  1  1  1  1  1  1  1  1  1  1  1  1  1  1  1  1 
[HOST] 
[HOST] [存活单位]
[HOST] ├─ Piece #0
[HOST] │  所属: 玩家2 位置: (0,0)
[HOST] │  生命: 50/50 行动点: 1
[HOST] └─ 法术位: 3/3
[HOST] ├─ Piece #1
[HOST] │  所属: 玩家1 位置: (0,1)
[HOST] │  生命: 50/50 行动点: 1
[HOST] └─ 法术位: 3/3
[HOST] 
[HOST] [游戏状态] 进行中
[HOST] [INFO] 发送回合 67: listen=[1]
[TEST] 转发 client 1 的行动
[C1] [INFO] 回合 67: 已发送行动
[HOST] Now begin moving
[HOST] [Move] movement: 25
[HOST] [Move] Success
[HOST] Now begin attacking
[HOST] [Attack] Action Points: 0, Attack: True
[HOST] [Spell] 当前无延时法术。
[HOST] Piece 1 action points: 1
[HOST] Piece 0 action points: 1
[HOST] 
[HOST] ===== 回合 68 日志 =====
[HOST] 
[HOST] [当前行动棋子id]: 1
[HOST] 
[TEST] 收到 host 消息: target=-1, state=None, keys=['watch', '_target'][HOST] [行动队列] 剩余单位: 2存活 / 0阵亡

[TEST] 跳过观战消息
[HOST] 
[TEST] 收到 host 消息: target=0, state=68, keys=['state', 'listen', 'player', 'content', '_target'][HOST] [地图]:

[TEST] 回合 68: listen=[0]
[HOST] 
[HOST]  1  1  1  1  1  1  1  1  1  1  1  1  1  1  1  1  1  1  1  1 
[HOST]  1  1  1  1  1  1  1  1  1  1  1  1  1  1  1  1  1  1  1  1 
[HOST]  1  1  1  1  0  1  1  1  1  1  1  1  1  1  1  1  1  1  1  1 
[HOST]  1  1  1  1 -1  1  1  1  1  1  1  1  1  1  1  1  1  1  1  1 
[HOST]  1  1  1  1 -1 -1  1  1  1  1  1  1  1  1  1  1  1  1  1  1 
[HOST]  1  1  1  1  1  1  1  1  1  1  1  1  1  1  1  1  1  1  1  1 
[HOST]  1  1  1  1  1  1  1  1  1  1  1  1  1  1  1  1  1  1  1  1 
[HOST]  1  1  1  1  1  1  1  1  1  1  1  1  1  1  1  1  1  1  1  1 
[HOST]  1  1  1  1  1  1  1  1  1  1  1  1  1  1  1  1  1  1  1  1 
[HOST]  1  1  1  1  1  1  1  1  1  1  1  1  1  1  1  1  1  1  1  1 
[HOST]  1  1  1  1  1  1  1  1  1  1  1  1  1  1  1  1  1  1  1  1 
[HOST]  1  1  1  1  1  1  1  1  1  1  1  1  1  1  1  1  1  1  1  1 
[HOST]  1  1  1  1  1  1  1  1  1  1  1  1  1  1  1  1  1  1  1  1 
[HOST]  1  1  1  1  1  1  1  1  1  1  1  1  1  1  1  1  1  1  1  1 
[HOST]  1  1  1  1  1  1  1  1  1  1  1  1  1  1  1  1  1  1  1  1 
[HOST]  1  1  1  1  1  1  1  1  1  1  1  1  1  1 -1 -1  1  1  1  1 
[HOST]  1  1  1  1  1  1  1  1  1  1  1  1  1  1  1 -1 -1 -1 -1  1 
[HOST]  1  1  1  1  1  1  1  1  1  1  1  1  1  1  1  1 -1 -1  1  1 
[HOST]  1  1  1  1  1  1  1  1  1  1  1  1  1  1  1  1 -1 -1 -1 -1 
[HOST]  1  1  1  1  1  1  1  1  1  1  1  1  1  1  1  1  1  1  1  1 
[HOST] 
[HOST] [存活单位]
[HOST] ├─ Piece #1
[HOST] │  所属: 玩家1 位置: (0,1)
[HOST] │  生命: 50/50 行动点: 1
[HOST] └─ 法术位: 3/3
[HOST] ├─ Piece #0
[HOST] │  所属: 玩家2 位置: (2,4)
[HOST] │  生命: 50/50 行动点: 1
[HOST] └─ 法术位: 3/3
[HOST] 
[HOST] [游戏状态] 进行中
[HOST] [INFO] 发送回合 68: listen=[0]
[TEST] 转发 client 0 的行动
[C0] [INFO] 回合 68: 已发送行动
[HOST] Now begin moving
[HOST] [Move] movement: 25
[HOST] [Move] Success
[HOST] Now begin attacking
[HOST] [Attack] Action Points: 0, Attack: True
[HOST] [Spell] 当前无延时法术。
[HOST] Piece 0 action points: 1
[HOST] Piece 1 action points: 1
[HOST] 
[HOST] ===== 回合 69 日志 =====
[HOST] 
[HOST] [当前行动棋子id]: 0
[HOST] 
[HOST] [行动队列] 剩余单位: 2存活 / 0阵亡
[HOST] 
[HOST] [地图]:
[HOST] 
[HOST]  1  1  1  1  1  1  1  1  1  1  1  1  1  1  1  1  1  1  1  1 
[HOST]  1  1  1  1  1  1  1  1  1  1  1  1  1  1  1  1  1  1  1  1 
[HOST]  1  1  1  1  0  1  1  1  1  1  1  1  1  1  1  1  1  1  1  1 
[HOST]  1  1  1  1 -1  1  1  1  1  1  1  1  1  1  1  1  1  1  1  1 
[TEST] 收到 host 消息: target=-1, state=None, keys=['watch', '_target'][HOST]  1  1  1  1 -1 -1  1  1  1  1  1  1  1  1  1  1  1  1  1  1 

[TEST] 跳过观战消息
[HOST]  1  1  1  1  1  1  1  1  1  1  1  1  1  1  1  1  1  1  1  1 
[TEST] 收到 host 消息: target=0, state=69, keys=['state', 'listen', 'player', 'content', '_target'][HOST]  1  1  1  1  1  1  1  1  1  1  1  1  1  1  1  1  1  1  1  1 

[TEST] 回合 69: listen=[1][HOST]  1  1  1  1  1  1  1  1  1  1  1  1  1  1  1  1  1  1  1  1 

[HOST]  1  1  1  1  1  1  1  1  1  1  1  1  1  1  1  1  1  1  1  1 
[HOST]  1  1  1  1  1  1  1  1  1  1  1  1  1  1  1  1  1  1  1  1 
[HOST]  1  1  1  1  1  1  1  1  1  1  1  1  1  1  1  1  1  1  1  1 
[HOST]  1  1  1  1  1  1  1  1  1  1  1  1  1  1  1  1  1  1  1  1 
[HOST]  1  1  1  1  1  1  1  1  1  1  1  1  1  1  1  1  1  1  1  1 
[HOST]  1  1  1  1  1  1  1  1  1  1  1  1  1  1  1  1  1  1  1  1 
[HOST]  1  1  1  1  1  1  1  1  1  1  1  1  1  1  1  1  1  1  1  1 
[HOST]  1  1  1  1  1  1  1  1  1  1  1  1  1  1 -1 -1  1  1  1  1 
[HOST]  1  1  1  1  1  1  1  1  1  1  1  1  1  1  1 -1 -1 -1 -1  1 
[HOST]  1  1  1  1  1  1  1  1  1  1  1  1  1  1  1  1 -1 -1  1  1 
[HOST]  1  1  1  1  1  1  1  1  1  1  1  1  1  1  1  1 -1 -1 -1 -1 
[HOST]  1  1  1  1  1  1  1  1  1  1  1  1  1  1  1  1  1  1  1  1 
[HOST] 
[HOST] [存活单位]
[HOST] ├─ Piece #0
[HOST] │  所属: 玩家2 位置: (2,4)
[HOST] │  生命: 50/50 行动点: 1
[HOST] └─ 法术位: 3/3
[HOST] ├─ Piece #1
[HOST] │  所属: 玩家1 位置: (1,4)
[HOST] │  生命: 50/50 行动点: 1
[HOST] └─ 法术位: 3/3
[HOST] 
[HOST] [游戏状态] 进行中
[HOST] [INFO] 发送回合 69: listen=[1]
[TEST] 转发 client 1 的行动[C1] [INFO] 回合 69: 已发送行动

[HOST] Now begin moving
[HOST] [Move] movement: 25
[HOST] [Move] Success
[HOST] Now begin attacking
[HOST] [Attack] Action Points: 0, Attack: True
[HOST] [Spell] 当前无延时法术。
[HOST] Piece 1 action points: 1
[HOST] Piece 0 action points: 1
[HOST] 
[HOST] ===== 回合 70 日志 =====
[HOST] 
[HOST] [当前行动棋子id]: 1
[HOST] 
[HOST] [行动队列] 剩余单位: 2存活 / 0阵亡
[HOST] 
[TEST] 收到 host 消息: target=-1, state=None, keys=['watch', '_target'][HOST] [地图]:

[TEST] 跳过观战消息
[TEST] 收到 host 消息: target=0, state=70, keys=['state', 'listen', 'player', 'content', '_target'][HOST] 

[TEST] 回合 70: listen=[0]
[HOST]  1  1  1  1  1  1  1  1  1  1  1  1  1  1  1  1  1  1  1  1 
[HOST]  1  1  1  1  1  1  1  1  1  1  1  1  1  1  1  1  1  1  1  1 
[HOST]  1  1  1  1  1  1  1  1  1  1  1  1  1  1  1  1  1  1  1  1 
[HOST]  1  0  1  1 -1  1  1  1  1  1  1  1  1  1  1  1  1  1  1  1 
[HOST]  1  1  1  1 -1 -1  1  1  1  1  1  1  1  1  1  1  1  1  1  1 
[HOST]  1  1  1  1  1  1  1  1  1  1  1  1  1  1  1  1  1  1  1  1 
[HOST]  1  1  1  1  1  1  1  1  1  1  1  1  1  1  1  1  1  1  1  1 
[HOST]  1  1  1  1  1  1  1  1  1  1  1  1  1  1  1  1  1  1  1  1 
[HOST]  1  1  1  1  1  1  1  1  1  1  1  1  1  1  1  1  1  1  1  1 
[HOST]  1  1  1  1  1  1  1  1  1  1  1  1  1  1  1  1  1  1  1  1 
[HOST]  1  1  1  1  1  1  1  1  1  1  1  1  1  1  1  1  1  1  1  1 
[HOST]  1  1  1  1  1  1  1  1  1  1  1  1  1  1  1  1  1  1  1  1 
[HOST]  1  1  1  1  1  1  1  1  1  1  1  1  1  1  1  1  1  1  1  1 
[HOST]  1  1  1  1  1  1  1  1  1  1  1  1  1  1  1  1  1  1  1  1 
[HOST]  1  1  1  1  1  1  1  1  1  1  1  1  1  1  1  1  1  1  1  1 
[HOST]  1  1  1  1  1  1  1  1  1  1  1  1  1  1 -1 -1  1  1  1  1 
[HOST]  1  1  1  1  1  1  1  1  1  1  1  1  1  1  1 -1 -1 -1 -1  1 
[HOST]  1  1  1  1  1  1  1  1  1  1  1  1  1  1  1  1 -1 -1  1  1 
[HOST]  1  1  1  1  1  1  1  1  1  1  1  1  1  1  1  1 -1 -1 -1 -1 
[HOST]  1  1  1  1  1  1  1  1  1  1  1  1  1  1  1  1  1  1  1  1 
[HOST] 
[HOST] [存活单位]
[HOST] ├─ Piece #1
[HOST] │  所属: 玩家1 位置: (1,4)
[HOST] │  生命: 50/50 行动点: 1
[HOST] └─ 法术位: 3/3
[HOST] ├─ Piece #0
[HOST] │  所属: 玩家2 位置: (3,1)
[HOST] │  生命: 50/50 行动点: 1
[HOST] └─ 法术位: 3/3
[HOST] 
[HOST] [游戏状态] 进行中
[HOST] [INFO] 发送回合 70: listen=[0]
[TEST] 转发 client 0 的行动
[C0] [INFO] 回合 70: 已发送行动
[HOST] Now begin moving
[HOST] [Move] movement: 25
[HOST] [Move] Success
[HOST] Now begin attacking
[HOST] [Attack] Action Points: 0, Attack: True
[HOST] [Spell] 当前无延时法术。
[HOST] Piece 0 action points: 1
[HOST] Piece 1 action points: 1
[HOST] 
[TEST] 收到 host 消息: target=-1, state=None, keys=['watch', '_target'][HOST] ===== 回合 71 日志 =====

[TEST] 跳过观战消息[HOST] 

[TEST] 收到 host 消息: target=0, state=71, keys=['state', 'listen', 'player', 'content', '_target'][HOST] [当前行动棋子id]: 0

[TEST] 回合 71: listen=[1]
[HOST] 
[HOST] [行动队列] 剩余单位: 2存活 / 0阵亡
[HOST] 
[HOST] [地图]:
[HOST] 
[HOST]  1  1  1  1  1  1  1  1  1  1  1  1  1  1  1  1  1  1  1  1 
[HOST]  1  1  1  1  1  1  1  1  1  1  1  1  1  1  1  1  1  1  1  1 
[HOST]  1  1  1  1  1  1  1  1  1  1  1  1  1  1  1  1  1  1  1  1 
[HOST]  1  0  1  1 -1  1  1  1  1  1  1  1  1  1  1  1  1  1  1  1 
[HOST]  1  1  1  1 -1 -1  1  1  1  1  1  1  1  1  1  1  1  1  1  1 
[HOST]  1  1  1  1  1  1  1  1  1  1  1  1  1  1  1  1  1  1  1  1 
[HOST]  1  1  1  1  1  1  1  1  1  1  1  1  1  1  1  1  1  1  1  1 
[HOST]  1  1  1  1  1  1  1  1  1  1  1  1  1  1  1  1  1  1  1  1 
[HOST]  1  1  1  1  1  1  1  1  1  1  1  1  1  1  1  1  1  1  1  1 
[HOST]  1  1  1  1  1  1  1  1  1  1  1  1  1  1  1  1  1  1  1  1 
[HOST]  1  1  1  1  1  1  1  1  1  1  1  1  1  1  1  1  1  1  1  1 
[HOST]  1  1  1  1  1  1  1  1  1  1  1  1  1  1  1  1  1  1  1  1 
[HOST]  1  1  1  1  1  1  1  1  1  1  1  1  1  1  1  1  1  1  1  1 
[HOST]  1  1  1  1  1  1  1  1  1  1  1  1  1  1  1  1  1  1  1  1 
[HOST]  1  1  1  1  1  1  1  1  1  1  1  1  1  1  1  1  1  1  1  1 
[HOST]  1  1  1  1  1  1  1  1  1  1  1  1  1  1 -1 -1  1  1  1  1 
[HOST]  1  1  1  1  1  1  1  1  1  1  1  1  1  1  1 -1 -1 -1 -1  1 
[HOST]  1  1  1  1  1  1  1  1  1  1  1  1  1  1  1  1 -1 -1  1  1 
[HOST]  1  1  1  1  1  1  1  1  1  1  1  1  1  1  1  1 -1 -1 -1 -1 
[HOST]  1  1  1  1  1  1  1  1  1  1  1  1  1  1  1  1  1  1  1  1 
[HOST] 
[HOST] [存活单位]
[HOST] ├─ Piece #0
[HOST] │  所属: 玩家2 位置: (3,1)
[HOST] │  生命: 50/50 行动点: 1
[HOST] └─ 法术位: 3/3
[HOST] ├─ Piece #1
[HOST] │  所属: 玩家1 位置: (2,1)
[HOST] │  生命: 50/50 行动点: 1
[HOST] └─ 法术位: 3/3
[HOST] 
[HOST] [游戏状态] 进行中
[HOST] [INFO] 发送回合 71: listen=[1]
[TEST] 转发 client 1 的行动
[C1] [INFO] 回合 71: 已发送行动
[HOST] Now begin moving
[HOST] [Move] movement: 25
[HOST] [Move] Success
[HOST] Now begin attacking
[HOST] [Attack] Action Points: 0, Attack: True
[HOST] [Spell] 当前无延时法术。
[HOST] Piece 1 action points: 1
[HOST] Piece 0 action points: 1
[HOST] 
[HOST] ===== 回合 72 日志 =====
[HOST] 
[HOST] [当前行动棋子id]: 1
[TEST] 收到 host 消息: target=-1, state=None, keys=['watch', '_target']
[TEST] 跳过观战消息
[HOST] 
[TEST] 收到 host 消息: target=0, state=72, keys=['state', 'listen', 'player', 'content', '_target']
[TEST] 回合 72: listen=[0][HOST] [行动队列] 剩余单位: 2存活 / 0阵亡

[HOST] 
[HOST] [地图]:
[HOST] 
[HOST]  1  1  1  1  0  1  1  1  1  1  1  1  1  1  1  1  1  1  1  1 
[HOST]  1  1  1  1  1  1  1  1  1  1  1  1  1  1  1  1  1  1  1  1 
[HOST]  1  1  1  1  1  1  1  1  1  1  1  1  1  1  1  1  1  1  1  1 
[HOST]  1  1  1  1 -1  1  1  1  1  1  1  1  1  1  1  1  1  1  1  1 
[HOST]  1  1  1  1 -1 -1  1  1  1  1  1  1  1  1  1  1  1  1  1  1 
[HOST]  1  1  1  1  1  1  1  1  1  1  1  1  1  1  1  1  1  1  1  1 
[HOST]  1  1  1  1  1  1  1  1  1  1  1  1  1  1  1  1  1  1  1  1 
[HOST]  1  1  1  1  1  1  1  1  1  1  1  1  1  1  1  1  1  1  1  1 
[HOST]  1  1  1  1  1  1  1  1  1  1  1  1  1  1  1  1  1  1  1  1 
[HOST]  1  1  1  1  1  1  1  1  1  1  1  1  1  1  1  1  1  1  1  1 
[HOST]  1  1  1  1  1  1  1  1  1  1  1  1  1  1  1  1  1  1  1  1 
[HOST]  1  1  1  1  1  1  1  1  1  1  1  1  1  1  1  1  1  1  1  1 
[HOST]  1  1  1  1  1  1  1  1  1  1  1  1  1  1  1  1  1  1  1  1 
[HOST]  1  1  1  1  1  1  1  1  1  1  1  1  1  1  1  1  1  1  1  1 
[HOST]  1  1  1  1  1  1  1  1  1  1  1  1  1  1  1  1  1  1  1  1 
[HOST]  1  1  1  1  1  1  1  1  1  1  1  1  1  1 -1 -1  1  1  1  1 
[HOST]  1  1  1  1  1  1  1  1  1  1  1  1  1  1  1 -1 -1 -1 -1  1 
[HOST]  1  1  1  1  1  1  1  1  1  1  1  1  1  1  1  1 -1 -1  1  1 
[HOST]  1  1  1  1  1  1  1  1  1  1  1  1  1  1  1  1 -1 -1 -1 -1 
[HOST]  1  1  1  1  1  1  1  1  1  1  1  1  1  1  1  1  1  1  1  1 
[HOST] 
[HOST] [存活单位]
[HOST] ├─ Piece #1
[HOST] │  所属: 玩家1 位置: (2,1)
[HOST] │  生命: 50/50 行动点: 1
[HOST] └─ 法术位: 3/3
[HOST] ├─ Piece #0
[HOST] │  所属: 玩家2 位置: (0,4)
[HOST] │  生命: 50/50 行动点: 1
[HOST] └─ 法术位: 3/3
[HOST] 
[HOST] [游戏状态] 进行中
[HOST] [INFO] 发送回合 72: listen=[0]
[TEST] 转发 client 0 的行动
[C0] [INFO] 回合 72: 已发送行动
[HOST] Now begin moving
[HOST] [Move] movement: 25
[HOST] [Move] Success
[HOST] Now begin attacking
[HOST] [Attack] Action Points: 0, Attack: True
[HOST] [Spell] 当前无延时法术。
[HOST] Piece 0 action points: 1
[HOST] Piece 1 action points: 1
[HOST] 
[HOST] ===== 回合 73 日志 =====
[HOST] 
[HOST] [当前行动棋子id]: 0
[HOST] 
[HOST] [行动队列] 剩余单位: 2存活 / 0阵亡
[HOST] 
[HOST] [地图]:
[HOST] 
[HOST]  1  1  1  1  0  1  1  1  1  1  1  1  1  1  1  1  1  1  1  1 
[HOST]  1  1  1  1  1  1  1  1  1  1  1  1  1  1  1  1  1  1  1  1 
[TEST] 收到 host 消息: target=-1, state=None, keys=['watch', '_target']
[TEST] 跳过观战消息
[HOST]  1  1  1  1  1  1  1  1  1  1  1  1  1  1  1  1  1  1  1  1 
[TEST] 收到 host 消息: target=0, state=73, keys=['state', 'listen', 'player', 'content', '_target'][HOST]  1  1  1  1 -1  1  1  1  1  1  1  1  1  1  1  1  1  1  1  1 

[TEST] 回合 73: listen=[1]
[HOST]  1  1  1  1 -1 -1  1  1  1  1  1  1  1  1  1  1  1  1  1  1 
[HOST]  1  1  1  1  1  1  1  1  1  1  1  1  1  1  1  1  1  1  1  1 
[HOST]  1  1  1  1  1  1  1  1  1  1  1  1  1  1  1  1  1  1  1  1 
[HOST]  1  1  1  1  1  1  1  1  1  1  1  1  1  1  1  1  1  1  1  1 
[HOST]  1  1  1  1  1  1  1  1  1  1  1  1  1  1  1  1  1  1  1  1 
[HOST]  1  1  1  1  1  1  1  1  1  1  1  1  1  1  1  1  1  1  1  1 
[HOST]  1  1  1  1  1  1  1  1  1  1  1  1  1  1  1  1  1  1  1  1 
[HOST]  1  1  1  1  1  1  1  1  1  1  1  1  1  1  1  1  1  1  1  1 
[HOST]  1  1  1  1  1  1  1  1  1  1  1  1  1  1  1  1  1  1  1  1 
[HOST]  1  1  1  1  1  1  1  1  1  1  1  1  1  1  1  1  1  1  1  1 
[HOST]  1  1  1  1  1  1  1  1  1  1  1  1  1  1  1  1  1  1  1  1 
[HOST]  1  1  1  1  1  1  1  1  1  1  1  1  1  1 -1 -1  1  1  1  1 
[HOST]  1  1  1  1  1  1  1  1  1  1  1  1  1  1  1 -1 -1 -1 -1  1 
[HOST]  1  1  1  1  1  1  1  1  1  1  1  1  1  1  1  1 -1 -1  1  1 
[HOST]  1  1  1  1  1  1  1  1  1  1  1  1  1  1  1  1 -1 -1 -1 -1 
[HOST]  1  1  1  1  1  1  1  1  1  1  1  1  1  1  1  1  1  1  1  1 
[HOST] 
[HOST] [存活单位]
[HOST] ├─ Piece #0
[HOST] │  所属: 玩家2 位置: (0,4)
[HOST] │  生命: 50/50 行动点: 1
[HOST] └─ 法术位: 3/3
[HOST] ├─ Piece #1
[HOST] │  所属: 玩家1 位置: (0,3)
[HOST] │  生命: 50/50 行动点: 1
[HOST] └─ 法术位: 3/3
[HOST] 
[HOST] [游戏状态] 进行中
[HOST] [INFO] 发送回合 73: listen=[1]
[TEST] 转发 client 1 的行动[C1] [INFO] 回合 73: 已发送行动

[HOST] Now begin moving
[HOST] [Move] movement: 25
[HOST] [Move] Success
[HOST] Now begin attacking
[HOST] [Attack] Action Points: 0, Attack: True
[HOST] [Spell] 当前无延时法术。
[HOST] Piece 1 action points: 1
[HOST] Piece 0 action points: 1
[HOST] 
[HOST] ===== 回合 74 日志 =====
[HOST] 
[HOST] [当前行动棋子id]: 1
[HOST] 
[TEST] 收到 host 消息: target=-1, state=None, keys=['watch', '_target']
[TEST] 跳过观战消息[HOST] [行动队列] 剩余单位: 2存活 / 0阵亡

[HOST] 
[TEST] 收到 host 消息: target=0, state=74, keys=['state', 'listen', 'player', 'content', '_target']
[TEST] 回合 74: listen=[0][HOST] [地图]:

[HOST] 
[HOST]  1  1  1  1  1  1  1  1  1  1  1  1  1  1  1  1  1  1  1  1 
[HOST]  1  1  1  1  1  1  1  1  1  1  1  1  1  1  1  1  1  1  1  1 
[HOST]  0  1  1  1  1  1  1  1  1  1  1  1  1  1  1  1  1  1  1  1 
[HOST]  1  1  1  1 -1  1  1  1  1  1  1  1  1  1  1  1  1  1  1  1 
[HOST]  1  1  1  1 -1 -1  1  1  1  1  1  1  1  1  1  1  1  1  1  1 
[HOST]  1  1  1  1  1  1  1  1  1  1  1  1  1  1  1  1  1  1  1  1 
[HOST]  1  1  1  1  1  1  1  1  1  1  1  1  1  1  1  1  1  1  1  1 
[HOST]  1  1  1  1  1  1  1  1  1  1  1  1  1  1  1  1  1  1  1  1 
[HOST]  1  1  1  1  1  1  1  1  1  1  1  1  1  1  1  1  1  1  1  1 
[HOST]  1  1  1  1  1  1  1  1  1  1  1  1  1  1  1  1  1  1  1  1 
[HOST]  1  1  1  1  1  1  1  1  1  1  1  1  1  1  1  1  1  1  1  1 
[HOST]  1  1  1  1  1  1  1  1  1  1  1  1  1  1  1  1  1  1  1  1 
[HOST]  1  1  1  1  1  1  1  1  1  1  1  1  1  1  1  1  1  1  1  1 
[HOST]  1  1  1  1  1  1  1  1  1  1  1  1  1  1  1  1  1  1  1  1 
[HOST]  1  1  1  1  1  1  1  1  1  1  1  1  1  1  1  1  1  1  1  1 
[HOST]  1  1  1  1  1  1  1  1  1  1  1  1  1  1 -1 -1  1  1  1  1 
[HOST]  1  1  1  1  1  1  1  1  1  1  1  1  1  1  1 -1 -1 -1 -1  1 
[HOST]  1  1  1  1  1  1  1  1  1  1  1  1  1  1  1  1 -1 -1  1  1 
[HOST]  1  1  1  1  1  1  1  1  1  1  1  1  1  1  1  1 -1 -1 -1 -1 
[HOST]  1  1  1  1  1  1  1  1  1  1  1  1  1  1  1  1  1  1  1  1 
[HOST] 
[HOST] [存活单位]
[HOST] ├─ Piece #1
[HOST] │  所属: 玩家1 位置: (0,3)
[HOST] │  生命: 50/50 行动点: 1
[HOST] └─ 法术位: 3/3
[HOST] ├─ Piece #0
[HOST] │  所属: 玩家2 位置: (2,0)
[HOST] │  生命: 50/50 行动点: 1
[HOST] └─ 法术位: 3/3
[HOST] 
[HOST] [游戏状态] 进行中
[HOST] [INFO] 发送回合 74: listen=[0]
[C0] [INFO] 回合 74: 已发送行动
[TEST] 转发 client 0 的行动
[HOST] Now begin moving
[HOST] [Move] movement: 25
[HOST] [Move] Success
[HOST] Now begin attacking
[HOST] [Attack] Action Points: 0, Attack: True
[HOST] [Spell] 当前无延时法术。
[HOST] Piece 0 action points: 1
[HOST] Piece 1 action points: 1
[HOST] 
[HOST] ===== 回合 75 日志 =====
[HOST] 
[HOST] [当前行动棋子id]: 0
[HOST] 
[TEST] 收到 host 消息: target=-1, state=None, keys=['watch', '_target']
[TEST] 跳过观战消息[HOST] [行动队列] 剩余单位: 2存活 / 0阵亡

[HOST] 
[TEST] 收到 host 消息: target=0, state=75, keys=['state', 'listen', 'player', 'content', '_target'][HOST] [地图]:

[TEST] 回合 75: listen=[1]
[HOST] 
[HOST]  1  1  1  1  1  1  1  1  1  1  1  1  1  1  1  1  1  1  1  1 
[HOST]  1  1  1  1  1  1  1  1  1  1  1  1  1  1  1  1  1  1  1  1 
[HOST]  0  1  1  1  1  1  1  1  1  1  1  1  1  1  1  1  1  1  1  1 
[HOST]  1  1  1  1 -1  1  1  1  1  1  1  1  1  1  1  1  1  1  1  1 
[HOST]  1  1  1  1 -1 -1  1  1  1  1  1  1  1  1  1  1  1  1  1  1 
[HOST]  1  1  1  1  1  1  1  1  1  1  1  1  1  1  1  1  1  1  1  1 
[HOST]  1  1  1  1  1  1  1  1  1  1  1  1  1  1  1  1  1  1  1  1 
[HOST]  1  1  1  1  1  1  1  1  1  1  1  1  1  1  1  1  1  1  1  1 
[HOST]  1  1  1  1  1  1  1  1  1  1  1  1  1  1  1  1  1  1  1  1 
[HOST]  1  1  1  1  1  1  1  1  1  1  1  1  1  1  1  1  1  1  1  1 
[HOST]  1  1  1  1  1  1  1  1  1  1  1  1  1  1  1  1  1  1  1  1 
[HOST]  1  1  1  1  1  1  1  1  1  1  1  1  1  1  1  1  1  1  1  1 
[HOST]  1  1  1  1  1  1  1  1  1  1  1  1  1  1  1  1  1  1  1  1 
[HOST]  1  1  1  1  1  1  1  1  1  1  1  1  1  1  1  1  1  1  1  1 
[HOST]  1  1  1  1  1  1  1  1  1  1  1  1  1  1  1  1  1  1  1  1 
[HOST]  1  1  1  1  1  1  1  1  1  1  1  1  1  1 -1 -1  1  1  1  1 
[HOST]  1  1  1  1  1  1  1  1  1  1  1  1  1  1  1 -1 -1 -1 -1  1 
[HOST]  1  1  1  1  1  1  1  1  1  1  1  1  1  1  1  1 -1 -1  1  1 
[HOST]  1  1  1  1  1  1  1  1  1  1  1  1  1  1  1  1 -1 -1 -1 -1 
[HOST]  1  1  1  1  1  1  1  1  1  1  1  1  1  1  1  1  1  1  1  1 
[HOST] 
[HOST] [存活单位]
[HOST] ├─ Piece #0
[HOST] │  所属: 玩家2 位置: (2,0)
[HOST] │  生命: 50/50 行动点: 1
[HOST] └─ 法术位: 3/3
[HOST] ├─ Piece #1
[HOST] │  所属: 玩家1 位置: (1,0)
[HOST] │  生命: 50/50 行动点: 1
[HOST] └─ 法术位: 3/3
[HOST] 
[HOST] [游戏状态] 进行中
[HOST] [INFO] 发送回合 75: listen=[1]
[TEST] 转发 client 1 的行动
[C1] [INFO] 回合 75: 已发送行动
[HOST] Now begin moving
[HOST] [Move] movement: 25
[HOST] [Move] Success
[HOST] Now begin attacking
[HOST] [Attack] Action Points: 0, Attack: True
[HOST] [Spell] 当前无延时法术。
[HOST] Piece 1 action points: 1
[HOST] Piece 0 action points: 1
[TEST] 收到 host 消息: target=-1, state=None, keys=['watch', '_target'][HOST] 

[TEST] 跳过观战消息[HOST] ===== 回合 76 日志 =====

[TEST] 收到 host 消息: target=0, state=76, keys=['state', 'listen', 'player', 'content', '_target'][HOST] 

[TEST] 回合 76: listen=[0]
[HOST] [当前行动棋子id]: 1
[HOST] 
[HOST] [行动队列] 剩余单位: 2存活 / 0阵亡
[HOST] 
[HOST] [地图]:
[HOST] 
[HOST]  1  1  1  1  1  1  1  1  1  1  1  1  1  1  1  1  1  1  1  1 
[HOST]  1  1  1  1  1  1  1  1  1  1  1  1  1  1  1  1  1  1  1  1 
[HOST]  1  1  1  1  1  1  1  1  1  1  1  1  1  1  1  1  1  1  1  1 
[HOST]  1  1  1  0 -1  1  1  1  1  1  1  1  1  1  1  1  1  1  1  1 
[HOST]  1  1  1  1 -1 -1  1  1  1  1  1  1  1  1  1  1  1  1  1  1 
[HOST]  1  1  1  1  1  1  1  1  1  1  1  1  1  1  1  1  1  1  1  1 
[HOST]  1  1  1  1  1  1  1  1  1  1  1  1  1  1  1  1  1  1  1  1 
[HOST]  1  1  1  1  1  1  1  1  1  1  1  1  1  1  1  1  1  1  1  1 
[HOST]  1  1  1  1  1  1  1  1  1  1  1  1  1  1  1  1  1  1  1  1 
[HOST]  1  1  1  1  1  1  1  1  1  1  1  1  1  1  1  1  1  1  1  1 
[HOST]  1  1  1  1  1  1  1  1  1  1  1  1  1  1  1  1  1  1  1  1 
[HOST]  1  1  1  1  1  1  1  1  1  1  1  1  1  1  1  1  1  1  1  1 
[HOST]  1  1  1  1  1  1  1  1  1  1  1  1  1  1  1  1  1  1  1  1 
[HOST]  1  1  1  1  1  1  1  1  1  1  1  1  1  1  1  1  1  1  1  1 
[HOST]  1  1  1  1  1  1  1  1  1  1  1  1  1  1  1  1  1  1  1  1 
[HOST]  1  1  1  1  1  1  1  1  1  1  1  1  1  1 -1 -1  1  1  1  1 
[HOST]  1  1  1  1  1  1  1  1  1  1  1  1  1  1  1 -1 -1 -1 -1  1 
[HOST]  1  1  1  1  1  1  1  1  1  1  1  1  1  1  1  1 -1 -1  1  1 
[HOST]  1  1  1  1  1  1  1  1  1  1  1  1  1  1  1  1 -1 -1 -1 -1 
[HOST]  1  1  1  1  1  1  1  1  1  1  1  1  1  1  1  1  1  1  1  1 
[HOST] 
[HOST] [存活单位]
[HOST] ├─ Piece #1
[HOST] │  所属: 玩家1 位置: (1,0)
[HOST] │  生命: 50/50 行动点: 1
[HOST] └─ 法术位: 3/3
[HOST] ├─ Piece #0
[HOST] │  所属: 玩家2 位置: (3,3)
[HOST] │  生命: 50/50 行动点: 1
[HOST] └─ 法术位: 3/3
[HOST] 
[HOST] [游戏状态] 进行中
[HOST] [INFO] 发送回合 76: listen=[0]
[TEST] 转发 client 0 的行动
[C0] [INFO] 回合 76: 已发送行动
[HOST] Now begin moving
[HOST] [Move] movement: 25
[HOST] [Move] Success
[HOST] Now begin attacking
[HOST] [Attack] Action Points: 0, Attack: True
[HOST] [Spell] 当前无延时法术。
[HOST] Piece 0 action points: 1
[HOST] Piece 1 action points: 1
[HOST] 
[HOST] ===== 回合 77 日志 =====
[HOST] 
[HOST] [当前行动棋子id]: 0
[HOST] 
[HOST] [行动队列] 剩余单位: 2存活 / 0阵亡
[HOST] 
[HOST] [地图]:
[HOST] 
[HOST]  1  1  1  1  1  1  1  1  1  1  1  1  1  1  1  1  1  1  1  1 
[HOST]  1  1  1  1  1  1  1  1  1  1  1  1  1  1  1  1  1  1  1  1 
[HOST]  1  1  1  1  1  1  1  1  1  1  1  1  1  1  1  1  1  1  1  1 
[HOST]  1  1  1  0 -1  1  1  1  1  1  1  1  1  1  1  1  1  1  1  1 
[HOST]  1  1  1  1 -1 -1  1  1  1  1  1  1  1  1  1  1  1  1  1  1 
[HOST]  1  1  1  1  1  1  1  1  1  1  1  1  1  1  1  1  1  1  1  1 
[TEST] 收到 host 消息: target=-1, state=None, keys=['watch', '_target']
[TEST] 跳过观战消息
[HOST]  1  1  1  1  1  1  1  1  1  1  1  1  1  1  1  1  1  1  1  1 
[TEST] 收到 host 消息: target=0, state=77, keys=['state', 'listen', 'player', 'content', '_target'][HOST]  1  1  1  1  1  1  1  1  1  1  1  1  1  1  1  1  1  1  1  1 

[TEST] 回合 77: listen=[1][HOST]  1  1  1  1  1  1  1  1  1  1  1  1  1  1  1  1  1  1  1  1 

[HOST]  1  1  1  1  1  1  1  1  1  1  1  1  1  1  1  1  1  1  1  1 
[HOST]  1  1  1  1  1  1  1  1  1  1  1  1  1  1  1  1  1  1  1  1 
[HOST]  1  1  1  1  1  1  1  1  1  1  1  1  1  1  1  1  1  1  1  1 
[HOST]  1  1  1  1  1  1  1  1  1  1  1  1  1  1  1  1  1  1  1  1 
[HOST]  1  1  1  1  1  1  1  1  1  1  1  1  1  1  1  1  1  1  1  1 
[HOST]  1  1  1  1  1  1  1  1  1  1  1  1  1  1  1  1  1  1  1  1 
[HOST]  1  1  1  1  1  1  1  1  1  1  1  1  1  1 -1 -1  1  1  1  1 
[HOST]  1  1  1  1  1  1  1  1  1  1  1  1  1  1  1 -1 -1 -1 -1  1 
[HOST]  1  1  1  1  1  1  1  1  1  1  1  1  1  1  1  1 -1 -1  1  1 
[HOST]  1  1  1  1  1  1  1  1  1  1  1  1  1  1  1  1 -1 -1 -1 -1 
[HOST]  1  1  1  1  1  1  1  1  1  1  1  1  1  1  1  1  1  1  1  1 
[HOST] 
[HOST] [存活单位]
[HOST] ├─ Piece #0
[HOST] │  所属: 玩家2 位置: (3,3)
[HOST] │  生命: 50/50 行动点: 1
[HOST] └─ 法术位: 3/3
[HOST] ├─ Piece #1
[HOST] │  所属: 玩家1 位置: (2,3)
[HOST] │  生命: 50/50 行动点: 1
[HOST] └─ 法术位: 3/3
[HOST] 
[HOST] [游戏状态] 进行中
[HOST] [INFO] 发送回合 77: listen=[1]
[TEST] 转发 client 1 的行动[C1] [INFO] 回合 77: 已发送行动

[HOST] Now begin moving
[HOST] [Move] movement: 25
[HOST] [Move] Success
[HOST] Now begin attacking
[HOST] [Attack] Action Points: 0, Attack: True
[HOST] [Spell] 当前无延时法术。
[HOST] Piece 1 action points: 1
[HOST] Piece 0 action points: 1
[HOST] 
[HOST] ===== 回合 78 日志 =====
[HOST] 
[HOST] [当前行动棋子id]: 1
[TEST] 收到 host 消息: target=-1, state=None, keys=['watch', '_target'][HOST] 

[TEST] 跳过观战消息
[HOST] [行动队列] 剩余单位: 2存活 / 0阵亡
[TEST] 收到 host 消息: target=0, state=78, keys=['state', 'listen', 'player', 'content', '_target'][HOST] 

[TEST] 回合 78: listen=[0]
[HOST] [地图]:
[HOST] 
[HOST]  0  1  1  1  1  1  1  1  1  1  1  1  1  1  1  1  1  1  1  1 
[HOST]  1  1  1  1  1  1  1  1  1  1  1  1  1  1  1  1  1  1  1  1 
[HOST]  1  1  1  1  1  1  1  1  1  1  1  1  1  1  1  1  1  1  1  1 
[HOST]  1  1  1  1 -1  1  1  1  1  1  1  1  1  1  1  1  1  1  1  1 
[HOST]  1  1  1  1 -1 -1  1  1  1  1  1  1  1  1  1  1  1  1  1  1 
[HOST]  1  1  1  1  1  1  1  1  1  1  1  1  1  1  1  1  1  1  1  1 
[HOST]  1  1  1  1  1  1  1  1  1  1  1  1  1  1  1  1  1  1  1  1 
[HOST]  1  1  1  1  1  1  1  1  1  1  1  1  1  1  1  1  1  1  1  1 
[HOST]  1  1  1  1  1  1  1  1  1  1  1  1  1  1  1  1  1  1  1  1 
[HOST]  1  1  1  1  1  1  1  1  1  1  1  1  1  1  1  1  1  1  1  1 
[HOST]  1  1  1  1  1  1  1  1  1  1  1  1  1  1  1  1  1  1  1  1 
[HOST]  1  1  1  1  1  1  1  1  1  1  1  1  1  1  1  1  1  1  1  1 
[HOST]  1  1  1  1  1  1  1  1  1  1  1  1  1  1  1  1  1  1  1  1 
[HOST]  1  1  1  1  1  1  1  1  1  1  1  1  1  1  1  1  1  1  1  1 
[HOST]  1  1  1  1  1  1  1  1  1  1  1  1  1  1  1  1  1  1  1  1 
[HOST]  1  1  1  1  1  1  1  1  1  1  1  1  1  1 -1 -1  1  1  1  1 
[HOST]  1  1  1  1  1  1  1  1  1  1  1  1  1  1  1 -1 -1 -1 -1  1 
[HOST]  1  1  1  1  1  1  1  1  1  1  1  1  1  1  1  1 -1 -1  1  1 
[HOST]  1  1  1  1  1  1  1  1  1  1  1  1  1  1  1  1 -1 -1 -1 -1 
[HOST]  1  1  1  1  1  1  1  1  1  1  1  1  1  1  1  1  1  1  1  1 
[HOST] 
[HOST] [存活单位]
[HOST] ├─ Piece #1
[HOST] │  所属: 玩家1 位置: (2,3)
[HOST] │  生命: 50/50 行动点: 1
[HOST] └─ 法术位: 3/3
[HOST] ├─ Piece #0
[HOST] │  所属: 玩家2 位置: (0,0)
[HOST] │  生命: 50/50 行动点: 1
[HOST] └─ 法术位: 3/3
[HOST] 
[HOST] [游戏状态] 进行中
[HOST] [INFO] 发送回合 78: listen=[0]
[TEST] 转发 client 0 的行动[C0] [INFO] 回合 78: 已发送行动

[HOST] Now begin moving
[HOST] [Move] movement: 25
[HOST] [Move] Success
[HOST] Now begin attacking
[HOST] [Attack] Action Points: 0, Attack: True
[HOST] [Spell] 当前无延时法术。
[HOST] Piece 0 action points: 1
[HOST] Piece 1 action points: 1
[HOST] 
[HOST] ===== 回合 79 日志 =====
[HOST] 
[HOST] [当前行动棋子id]: 0
[HOST] 
[TEST] 收到 host 消息: target=-1, state=None, keys=['watch', '_target'][HOST] [行动队列] 剩余单位: 2存活 / 0阵亡

[TEST] 跳过观战消息[HOST] 

[TEST] 收到 host 消息: target=0, state=79, keys=['state', 'listen', 'player', 'content', '_target'][HOST] [地图]:

[TEST] 回合 79: listen=[1]
[HOST] 
[HOST]  0  1  1  1  1  1  1  1  1  1  1  1  1  1  1  1  1  1  1  1 
[HOST]  1  1  1  1  1  1  1  1  1  1  1  1  1  1  1  1  1  1  1  1 
[HOST]  1  1  1  1  1  1  1  1  1  1  1  1  1  1  1  1  1  1  1  1 
[HOST]  1  1  1  1 -1  1  1  1  1  1  1  1  1  1  1  1  1  1  1  1 
[HOST]  1  1  1  1 -1 -1  1  1  1  1  1  1  1  1  1  1  1  1  1  1 
[HOST]  1  1  1  1  1  1  1  1  1  1  1  1  1  1  1  1  1  1  1  1 
[HOST]  1  1  1  1  1  1  1  1  1  1  1  1  1  1  1  1  1  1  1  1 
[HOST]  1  1  1  1  1  1  1  1  1  1  1  1  1  1  1  1  1  1  1  1 
[HOST]  1  1  1  1  1  1  1  1  1  1  1  1  1  1  1  1  1  1  1  1 
[HOST]  1  1  1  1  1  1  1  1  1  1  1  1  1  1  1  1  1  1  1  1 
[HOST]  1  1  1  1  1  1  1  1  1  1  1  1  1  1  1  1  1  1  1  1 
[HOST]  1  1  1  1  1  1  1  1  1  1  1  1  1  1  1  1  1  1  1  1 
[HOST]  1  1  1  1  1  1  1  1  1  1  1  1  1  1  1  1  1  1  1  1 
[HOST]  1  1  1  1  1  1  1  1  1  1  1  1  1  1  1  1  1  1  1  1 
[HOST]  1  1  1  1  1  1  1  1  1  1  1  1  1  1  1  1  1  1  1  1 
[HOST]  1  1  1  1  1  1  1  1  1  1  1  1  1  1 -1 -1  1  1  1  1 
[HOST]  1  1  1  1  1  1  1  1  1  1  1  1  1  1  1 -1 -1 -1 -1  1 
[HOST]  1  1  1  1  1  1  1  1  1  1  1  1  1  1  1  1 -1 -1  1  1 
[HOST]  1  1  1  1  1  1  1  1  1  1  1  1  1  1  1  1 -1 -1 -1 -1 
[HOST]  1  1  1  1  1  1  1  1  1  1  1  1  1  1  1  1  1  1  1  1 
[HOST] 
[HOST] [存活单位]
[HOST] ├─ Piece #0
[HOST] │  所属: 玩家2 位置: (0,0)
[HOST] │  生命: 50/50 行动点: 1
[HOST] └─ 法术位: 3/3
[HOST] ├─ Piece #1
[HOST] │  所属: 玩家1 位置: (0,1)
[HOST] │  生命: 50/50 行动点: 1
[HOST] └─ 法术位: 3/3
[HOST] 
[HOST] [游戏状态] 进行中
[HOST] [INFO] 发送回合 79: listen=[1]
[TEST] 转发 client 1 的行动[C1] [INFO] 回合 79: 已发送行动

[HOST] Now begin moving
[HOST] [Move] movement: 25
[HOST] [Move] Success
[HOST] Now begin attacking
[HOST] [Attack] Action Points: 0, Attack: True
[HOST] [Spell] 当前无延时法术。
[HOST] Piece 1 action points: 1
[HOST] Piece 0 action points: 1
[HOST] 
[HOST] ===== 回合 80 日志 =====
[HOST] 
[TEST] 收到 host 消息: target=-1, state=None, keys=['watch', '_target'][HOST] [当前行动棋子id]: 1

[TEST] 跳过观战消息[HOST] 

[HOST] [行动队列] 剩余单位: 2存活 / 0阵亡
[TEST] 收到 host 消息: target=0, state=80, keys=['state', 'listen', 'player', 'content', '_target'][HOST] 

[TEST] 回合 80: listen=[0]
[HOST] [地图]:
[HOST] 
[HOST]  1  1  1  1  1  1  1  1  1  1  1  1  1  1  1  1  1  1  1  1 
[HOST]  1  1  1  1  1  1  1  1  1  1  1  1  1  1  1  1  1  1  1  1 
[HOST]  1  1  1  1  0  1  1  1  1  1  1  1  1  1  1  1  1  1  1  1 
[HOST]  1  1  1  1 -1  1  1  1  1  1  1  1  1  1  1  1  1  1  1  1 
[HOST]  1  1  1  1 -1 -1  1  1  1  1  1  1  1  1  1  1  1  1  1  1 
[HOST]  1  1  1  1  1  1  1  1  1  1  1  1  1  1  1  1  1  1  1  1 
[HOST]  1  1  1  1  1  1  1  1  1  1  1  1  1  1  1  1  1  1  1  1 
[HOST]  1  1  1  1  1  1  1  1  1  1  1  1  1  1  1  1  1  1  1  1 
[HOST]  1  1  1  1  1  1  1  1  1  1  1  1  1  1  1  1  1  1  1  1 
[HOST]  1  1  1  1  1  1  1  1  1  1  1  1  1  1  1  1  1  1  1  1 
[HOST]  1  1  1  1  1  1  1  1  1  1  1  1  1  1  1  1  1  1  1  1 
[HOST]  1  1  1  1  1  1  1  1  1  1  1  1  1  1  1  1  1  1  1  1 
[HOST]  1  1  1  1  1  1  1  1  1  1  1  1  1  1  1  1  1  1  1  1 
[HOST]  1  1  1  1  1  1  1  1  1  1  1  1  1  1  1  1  1  1  1  1 
[HOST]  1  1  1  1  1  1  1  1  1  1  1  1  1  1  1  1  1  1  1  1 
[HOST]  1  1  1  1  1  1  1  1  1  1  1  1  1  1 -1 -1  1  1  1  1 
[HOST]  1  1  1  1  1  1  1  1  1  1  1  1  1  1  1 -1 -1 -1 -1  1 
[HOST]  1  1  1  1  1  1  1  1  1  1  1  1  1  1  1  1 -1 -1  1  1 
[HOST]  1  1  1  1  1  1  1  1  1  1  1  1  1  1  1  1 -1 -1 -1 -1 
[HOST]  1  1  1  1  1  1  1  1  1  1  1  1  1  1  1  1  1  1  1  1 
[HOST] 
[HOST] [存活单位]
[HOST] ├─ Piece #1
[HOST] │  所属: 玩家1 位置: (0,1)
[HOST] │  生命: 50/50 行动点: 1
[HOST] └─ 法术位: 3/3
[HOST] ├─ Piece #0
[HOST] │  所属: 玩家2 位置: (2,4)
[HOST] │  生命: 50/50 行动点: 1
[HOST] └─ 法术位: 3/3
[HOST] 
[HOST] [游戏状态] 进行中
[HOST] [INFO] 发送回合 80: listen=[0]
[C0] [INFO] 回合 80: 已发送行动
[TEST] 转发 client 0 的行动
[HOST] Now begin moving
[HOST] [Move] movement: 25
[HOST] [Move] Success
[HOST] Now begin attacking
[HOST] [Attack] Action Points: 0, Attack: True
[HOST] [Spell] 当前无延时法术。
[HOST] Piece 0 action points: 1
[HOST] Piece 1 action points: 1
[HOST] 
[HOST] ===== 回合 81 日志 =====
[HOST] 
[HOST] [当前行动棋子id]: 0
[HOST] 
[HOST] [行动队列] 剩余单位: 2存活 / 0阵亡
[HOST] 
[HOST] [地图]:
[HOST] 
[HOST]  1  1  1  1  1  1  1  1  1  1  1  1  1  1  1  1  1  1  1  1 
[TEST] 收到 host 消息: target=-1, state=None, keys=['watch', '_target'][HOST]  1  1  1  1  1  1  1  1  1  1  1  1  1  1  1  1  1  1  1  1 

[TEST] 跳过观战消息
[HOST]  1  1  1  1  0  1  1  1  1  1  1  1  1  1  1  1  1  1  1  1 
[TEST] 收到 host 消息: target=0, state=81, keys=['state', 'listen', 'player', 'content', '_target']
[TEST] 回合 81: listen=[1][HOST]  1  1  1  1 -1  1  1  1  1  1  1  1  1  1  1  1  1  1  1  1 

[HOST]  1  1  1  1 -1 -1  1  1  1  1  1  1  1  1  1  1  1  1  1  1 
[HOST]  1  1  1  1  1  1  1  1  1  1  1  1  1  1  1  1  1  1  1  1 
[HOST]  1  1  1  1  1  1  1  1  1  1  1  1  1  1  1  1  1  1  1  1 
[HOST]  1  1  1  1  1  1  1  1  1  1  1  1  1  1  1  1  1  1  1  1 
[HOST]  1  1  1  1  1  1  1  1  1  1  1  1  1  1  1  1  1  1  1  1 
[HOST]  1  1  1  1  1  1  1  1  1  1  1  1  1  1  1  1  1  1  1  1 
[HOST]  1  1  1  1  1  1  1  1  1  1  1  1  1  1  1  1  1  1  1  1 
[HOST]  1  1  1  1  1  1  1  1  1  1  1  1  1  1  1  1  1  1  1  1 
[HOST]  1  1  1  1  1  1  1  1  1  1  1  1  1  1  1  1  1  1  1  1 
[HOST]  1  1  1  1  1  1  1  1  1  1  1  1  1  1  1  1  1  1  1  1 
[HOST]  1  1  1  1  1  1  1  1  1  1  1  1  1  1  1  1  1  1  1  1 
[HOST]  1  1  1  1  1  1  1  1  1  1  1  1  1  1 -1 -1  1  1  1  1 
[HOST]  1  1  1  1  1  1  1  1  1  1  1  1  1  1  1 -1 -1 -1 -1  1 
[HOST]  1  1  1  1  1  1  1  1  1  1  1  1  1  1  1  1 -1 -1  1  1 
[HOST]  1  1  1  1  1  1  1  1  1  1  1  1  1  1  1  1 -1 -1 -1 -1 
[HOST]  1  1  1  1  1  1  1  1  1  1  1  1  1  1  1  1  1  1  1  1 
[HOST] 
[HOST] [存活单位]
[HOST] ├─ Piece #0
[HOST] │  所属: 玩家2 位置: (2,4)
[HOST] │  生命: 50/50 行动点: 1
[HOST] └─ 法术位: 3/3
[HOST] ├─ Piece #1
[HOST] │  所属: 玩家1 位置: (1,4)
[HOST] │  生命: 50/50 行动点: 1
[HOST] └─ 法术位: 3/3
[HOST] 
[HOST] [游戏状态] 进行中
[HOST] [INFO] 发送回合 81: listen=[1]
[C1] [INFO] 回合 81: 已发送行动
[TEST] 转发 client 1 的行动
[HOST] Now begin moving
[HOST] [Move] movement: 25
[HOST] [Move] Success
[HOST] Now begin attacking
[HOST] [Attack] Action Points: 0, Attack: True
[HOST] [Spell] 当前无延时法术。
[HOST] Piece 1 action points: 1
[HOST] Piece 0 action points: 1
[HOST] 
[HOST] ===== 回合 82 日志 =====
[HOST] 
[HOST] [当前行动棋子id]: 1
[HOST] 
[HOST] [行动队列] 剩余单位: 2存活 / 0阵亡
[HOST] 
[HOST] [地图]:
[HOST] 
[HOST]  1  1  1  1  1  1  1  1  1  1  1  1  1  1  1  1  1  1  1  1 
[TEST] 收到 host 消息: target=-1, state=None, keys=['watch', '_target']
[TEST] 跳过观战消息[HOST]  1  1  1  1  1  1  1  1  1  1  1  1  1  1  1  1  1  1  1  1 

[HOST]  1  1  1  1  1  1  1  1  1  1  1  1  1  1  1  1  1  1  1  1 
[TEST] 收到 host 消息: target=0, state=82, keys=['state', 'listen', 'player', 'content', '_target']
[TEST] 回合 82: listen=[0][HOST]  1  0  1  1 -1  1  1  1  1  1  1  1  1  1  1  1  1  1  1  1 

[HOST]  1  1  1  1 -1 -1  1  1  1  1  1  1  1  1  1  1  1  1  1  1 
[HOST]  1  1  1  1  1  1  1  1  1  1  1  1  1  1  1  1  1  1  1  1 
[HOST]  1  1  1  1  1  1  1  1  1  1  1  1  1  1  1  1  1  1  1  1 
[HOST]  1  1  1  1  1  1  1  1  1  1  1  1  1  1  1  1  1  1  1  1 
[HOST]  1  1  1  1  1  1  1  1  1  1  1  1  1  1  1  1  1  1  1  1 
[HOST]  1  1  1  1  1  1  1  1  1  1  1  1  1  1  1  1  1  1  1  1 
[HOST]  1  1  1  1  1  1  1  1  1  1  1  1  1  1  1  1  1  1  1  1 
[HOST]  1  1  1  1  1  1  1  1  1  1  1  1  1  1  1  1  1  1  1  1 
[HOST]  1  1  1  1  1  1  1  1  1  1  1  1  1  1  1  1  1  1  1  1 
[HOST]  1  1  1  1  1  1  1  1  1  1  1  1  1  1  1  1  1  1  1  1 
[HOST]  1  1  1  1  1  1  1  1  1  1  1  1  1  1  1  1  1  1  1  1 
[HOST]  1  1  1  1  1  1  1  1  1  1  1  1  1  1 -1 -1  1  1  1  1 
[HOST]  1  1  1  1  1  1  1  1  1  1  1  1  1  1  1 -1 -1 -1 -1  1 
[HOST]  1  1  1  1  1  1  1  1  1  1  1  1  1  1  1  1 -1 -1  1  1 
[HOST]  1  1  1  1  1  1  1  1  1  1  1  1  1  1  1  1 -1 -1 -1 -1 
[HOST]  1  1  1  1  1  1  1  1  1  1  1  1  1  1  1  1  1  1  1  1 
[HOST] 
[HOST] [存活单位]
[HOST] ├─ Piece #1
[HOST] │  所属: 玩家1 位置: (1,4)
[HOST] │  生命: 50/50 行动点: 1
[HOST] └─ 法术位: 3/3
[HOST] ├─ Piece #0
[HOST] │  所属: 玩家2 位置: (3,1)
[HOST] │  生命: 50/50 行动点: 1
[HOST] └─ 法术位: 3/3
[HOST] 
[HOST] [游戏状态] 进行中
[HOST] [INFO] 发送回合 82: listen=[0]
[TEST] 转发 client 0 的行动[C0] [INFO] 回合 82: 已发送行动

[HOST] Now begin moving
[HOST] [Move] movement: 25
[HOST] [Move] Success
[HOST] Now begin attacking
[HOST] [Attack] Action Points: 0, Attack: True
[HOST] [Spell] 当前无延时法术。
[HOST] Piece 0 action points: 1
[HOST] Piece 1 action points: 1
[HOST] 
[HOST] ===== 回合 83 日志 =====
[HOST] 
[HOST] [当前行动棋子id]: 0
[TEST] 收到 host 消息: target=-1, state=None, keys=['watch', '_target']
[TEST] 跳过观战消息[HOST] 

[TEST] 收到 host 消息: target=0, state=83, keys=['state', 'listen', 'player', 'content', '_target'][HOST] [行动队列] 剩余单位: 2存活 / 0阵亡

[TEST] 回合 83: listen=[1][HOST] 

[HOST] [地图]:
[HOST] 
[HOST]  1  1  1  1  1  1  1  1  1  1  1  1  1  1  1  1  1  1  1  1 
[HOST]  1  1  1  1  1  1  1  1  1  1  1  1  1  1  1  1  1  1  1  1 
[HOST]  1  1  1  1  1  1  1  1  1  1  1  1  1  1  1  1  1  1  1  1 
[HOST]  1  0  1  1 -1  1  1  1  1  1  1  1  1  1  1  1  1  1  1  1 
[HOST]  1  1  1  1 -1 -1  1  1  1  1  1  1  1  1  1  1  1  1  1  1 
[HOST]  1  1  1  1  1  1  1  1  1  1  1  1  1  1  1  1  1  1  1  1 
[HOST]  1  1  1  1  1  1  1  1  1  1  1  1  1  1  1  1  1  1  1  1 
[HOST]  1  1  1  1  1  1  1  1  1  1  1  1  1  1  1  1  1  1  1  1 
[HOST]  1  1  1  1  1  1  1  1  1  1  1  1  1  1  1  1  1  1  1  1 
[HOST]  1  1  1  1  1  1  1  1  1  1  1  1  1  1  1  1  1  1  1  1 
[HOST]  1  1  1  1  1  1  1  1  1  1  1  1  1  1  1  1  1  1  1  1 
[HOST]  1  1  1  1  1  1  1  1  1  1  1  1  1  1  1  1  1  1  1  1 
[HOST]  1  1  1  1  1  1  1  1  1  1  1  1  1  1  1  1  1  1  1  1 
[HOST]  1  1  1  1  1  1  1  1  1  1  1  1  1  1  1  1  1  1  1  1 
[HOST]  1  1  1  1  1  1  1  1  1  1  1  1  1  1  1  1  1  1  1  1 
[HOST]  1  1  1  1  1  1  1  1  1  1  1  1  1  1 -1 -1  1  1  1  1 
[HOST]  1  1  1  1  1  1  1  1  1  1  1  1  1  1  1 -1 -1 -1 -1  1 
[HOST]  1  1  1  1  1  1  1  1  1  1  1  1  1  1  1  1 -1 -1  1  1 
[HOST]  1  1  1  1  1  1  1  1  1  1  1  1  1  1  1  1 -1 -1 -1 -1 
[HOST]  1  1  1  1  1  1  1  1  1  1  1  1  1  1  1  1  1  1  1  1 
[HOST] 
[HOST] [存活单位]
[HOST] ├─ Piece #0
[HOST] │  所属: 玩家2 位置: (3,1)
[HOST] │  生命: 50/50 行动点: 1
[HOST] └─ 法术位: 3/3
[HOST] ├─ Piece #1
[HOST] │  所属: 玩家1 位置: (2,1)
[HOST] │  生命: 50/50 行动点: 1
[HOST] └─ 法术位: 3/3
[HOST] 
[HOST] [游戏状态] 进行中
[HOST] [INFO] 发送回合 83: listen=[1]
[TEST] 转发 client 1 的行动
[C1] [INFO] 回合 83: 已发送行动
[HOST] Now begin moving
[HOST] [Move] movement: 25
[HOST] [Move] Success
[HOST] Now begin attacking
[HOST] [Attack] Action Points: 0, Attack: True
[HOST] [Spell] 当前无延时法术。
[HOST] Piece 1 action points: 1
[HOST] Piece 0 action points: 1
[HOST] 
[HOST] ===== 回合 84 日志 =====
[HOST] 
[HOST] [当前行动棋子id]: 1
[HOST] 
[HOST] [行动队列] 剩余单位: 2存活 / 0阵亡
[HOST] 
[HOST] [地图]:
[TEST] 收到 host 消息: target=-1, state=None, keys=['watch', '_target'][HOST] 

[TEST] 跳过观战消息
[HOST]  1  1  1  1  0  1  1  1  1  1  1  1  1  1  1  1  1  1  1  1 
[TEST] 收到 host 消息: target=0, state=84, keys=['state', 'listen', 'player', 'content', '_target'][HOST]  1  1  1  1  1  1  1  1  1  1  1  1  1  1  1  1  1  1  1  1 

[TEST] 回合 84: listen=[0]
[HOST]  1  1  1  1  1  1  1  1  1  1  1  1  1  1  1  1  1  1  1  1 
[HOST]  1  1  1  1 -1  1  1  1  1  1  1  1  1  1  1  1  1  1  1  1 
[HOST]  1  1  1  1 -1 -1  1  1  1  1  1  1  1  1  1  1  1  1  1  1 
[HOST]  1  1  1  1  1  1  1  1  1  1  1  1  1  1  1  1  1  1  1  1 
[HOST]  1  1  1  1  1  1  1  1  1  1  1  1  1  1  1  1  1  1  1  1 
[HOST]  1  1  1  1  1  1  1  1  1  1  1  1  1  1  1  1  1  1  1  1 
[HOST]  1  1  1  1  1  1  1  1  1  1  1  1  1  1  1  1  1  1  1  1 
[HOST]  1  1  1  1  1  1  1  1  1  1  1  1  1  1  1  1  1  1  1  1 
[HOST]  1  1  1  1  1  1  1  1  1  1  1  1  1  1  1  1  1  1  1  1 
[HOST]  1  1  1  1  1  1  1  1  1  1  1  1  1  1  1  1  1  1  1  1 
[HOST]  1  1  1  1  1  1  1  1  1  1  1  1  1  1  1  1  1  1  1  1 
[HOST]  1  1  1  1  1  1  1  1  1  1  1  1  1  1  1  1  1  1  1  1 
[HOST]  1  1  1  1  1  1  1  1  1  1  1  1  1  1  1  1  1  1  1  1 
[HOST]  1  1  1  1  1  1  1  1  1  1  1  1  1  1 -1 -1  1  1  1  1 
[HOST]  1  1  1  1  1  1  1  1  1  1  1  1  1  1  1 -1 -1 -1 -1  1 
[HOST]  1  1  1  1  1  1  1  1  1  1  1  1  1  1  1  1 -1 -1  1  1 
[HOST]  1  1  1  1  1  1  1  1  1  1  1  1  1  1  1  1 -1 -1 -1 -1 
[HOST]  1  1  1  1  1  1  1  1  1  1  1  1  1  1  1  1  1  1  1  1 
[HOST] 
[HOST] [存活单位]
[HOST] ├─ Piece #1
[HOST] │  所属: 玩家1 位置: (2,1)
[HOST] │  生命: 50/50 行动点: 1
[HOST] └─ 法术位: 3/3
[HOST] ├─ Piece #0
[HOST] │  所属: 玩家2 位置: (0,4)
[HOST] │  生命: 50/50 行动点: 1
[HOST] └─ 法术位: 3/3
[HOST] 
[HOST] [游戏状态] 进行中
[HOST] [INFO] 发送回合 84: listen=[0]
[TEST] 转发 client 0 的行动
[C0] [INFO] 回合 84: 已发送行动
[HOST] Now begin moving
[HOST] [Move] movement: 25
[HOST] [Move] Success
[HOST] Now begin attacking
[TEST] 收到 host 消息: target=-1, state=None, keys=['watch', '_target']
[TEST] 跳过观战消息[HOST] [Attack] Action Points: 0, Attack: True

[HOST] [Spell] 当前无延时法术。
[TEST] 收到 host 消息: target=0, state=85, keys=['state', 'listen', 'player', 'content', '_target']
[TEST] 回合 85: listen=[1][HOST] Piece 0 action points: 1

[HOST] Piece 1 action points: 1
[HOST] 
[HOST] ===== 回合 85 日志 =====
[HOST] 
[HOST] [当前行动棋子id]: 0
[HOST] 
[HOST] [行动队列] 剩余单位: 2存活 / 0阵亡
[HOST] 
[HOST] [地图]:
[HOST] 
[HOST]  1  1  1  1  0  1  1  1  1  1  1  1  1  1  1  1  1  1  1  1 
[HOST]  1  1  1  1  1  1  1  1  1  1  1  1  1  1  1  1  1  1  1  1 
[HOST]  1  1  1  1  1  1  1  1  1  1  1  1  1  1  1  1  1  1  1  1 
[HOST]  1  1  1  1 -1  1  1  1  1  1  1  1  1  1  1  1  1  1  1  1 
[HOST]  1  1  1  1 -1 -1  1  1  1  1  1  1  1  1  1  1  1  1  1  1 
[HOST]  1  1  1  1  1  1  1  1  1  1  1  1  1  1  1  1  1  1  1  1 
[HOST]  1  1  1  1  1  1  1  1  1  1  1  1  1  1  1  1  1  1  1  1 
[HOST]  1  1  1  1  1  1  1  1  1  1  1  1  1  1  1  1  1  1  1  1 
[HOST]  1  1  1  1  1  1  1  1  1  1  1  1  1  1  1  1  1  1  1  1 
[HOST]  1  1  1  1  1  1  1  1  1  1  1  1  1  1  1  1  1  1  1  1 
[HOST]  1  1  1  1  1  1  1  1  1  1  1  1  1  1  1  1  1  1  1  1 
[HOST]  1  1  1  1  1  1  1  1  1  1  1  1  1  1  1  1  1  1  1  1 
[HOST]  1  1  1  1  1  1  1  1  1  1  1  1  1  1  1  1  1  1  1  1 
[HOST]  1  1  1  1  1  1  1  1  1  1  1  1  1  1  1  1  1  1  1  1 
[HOST]  1  1  1  1  1  1  1  1  1  1  1  1  1  1  1  1  1  1  1  1 
[HOST]  1  1  1  1  1  1  1  1  1  1  1  1  1  1 -1 -1  1  1  1  1 
[HOST]  1  1  1  1  1  1  1  1  1  1  1  1  1  1  1 -1 -1 -1 -1  1 
[HOST]  1  1  1  1  1  1  1  1  1  1  1  1  1  1  1  1 -1 -1  1  1 
[HOST]  1  1  1  1  1  1  1  1  1  1  1  1  1  1  1  1 -1 -1 -1 -1 
[HOST]  1  1  1  1  1  1  1  1  1  1  1  1  1  1  1  1  1  1  1  1 
[HOST] 
[HOST] [存活单位]
[HOST] ├─ Piece #0
[HOST] │  所属: 玩家2 位置: (0,4)
[HOST] │  生命: 50/50 行动点: 1
[HOST] └─ 法术位: 3/3
[HOST] ├─ Piece #1
[HOST] │  所属: 玩家1 位置: (0,3)
[HOST] │  生命: 50/50 行动点: 1
[HOST] └─ 法术位: 3/3
[HOST] 
[HOST] [游戏状态] 进行中
[HOST] [INFO] 发送回合 85: listen=[1]
[TEST] 转发 client 1 的行动[C1] [INFO] 回合 85: 已发送行动

[HOST] Now begin moving
[HOST] [Move] movement: 25
[HOST] [Move] Success
[HOST] Now begin attacking
[HOST] [Attack] Action Points: 0, Attack: True
[HOST] [Spell] 当前无延时法术。
[HOST] Piece 1 action points: 1
[HOST] Piece 0 action points: 1
[HOST] 
[HOST] ===== 回合 86 日志 =====
[HOST] 
[HOST] [当前行动棋子id]: 1
[HOST] 
[HOST] [行动队列] 剩余单位: 2存活 / 0阵亡
[HOST] 
[HOST] [地图]:
[HOST] 
[HOST]  1  1  1  1  1  1  1  1  1  1  1  1  1  1  1  1  1  1  1  1 
[TEST] 收到 host 消息: target=-1, state=None, keys=['watch', '_target'][HOST]  1  1  1  1  1  1  1  1  1  1  1  1  1  1  1  1  1  1  1  1 

[TEST] 跳过观战消息
[HOST]  0  1  1  1  1  1  1  1  1  1  1  1  1  1  1  1  1  1  1  1 
[HOST]  1  1  1  1 -1  1  1  1  1  1  1  1  1  1  1  1  1  1  1  1 
[HOST]  1  1  1  1 -1 -1  1  1  1  1  1  1  1  1  1  1  1  1  1  1 
[HOST]  1  1  1  1  1  1  1  1  1  1  1  1  1  1  1  1  1  1  1  1 
[TEST] 收到 host 消息: target=0, state=86, keys=['state', 'listen', 'player', 'content', '_target'][HOST]  1  1  1  1  1  1  1  1  1  1  1  1  1  1  1  1  1  1  1  1 

[TEST] 回合 86: listen=[0]
[HOST]  1  1  1  1  1  1  1  1  1  1  1  1  1  1  1  1  1  1  1  1 
[HOST]  1  1  1  1  1  1  1  1  1  1  1  1  1  1  1  1  1  1  1  1 
[HOST]  1  1  1  1  1  1  1  1  1  1  1  1  1  1  1  1  1  1  1  1 
[HOST]  1  1  1  1  1  1  1  1  1  1  1  1  1  1  1  1  1  1  1  1 
[HOST]  1  1  1  1  1  1  1  1  1  1  1  1  1  1  1  1  1  1  1  1 
[HOST]  1  1  1  1  1  1  1  1  1  1  1  1  1  1  1  1  1  1  1  1 
[HOST]  1  1  1  1  1  1  1  1  1  1  1  1  1  1  1  1  1  1  1  1 
[HOST]  1  1  1  1  1  1  1  1  1  1  1  1  1  1  1  1  1  1  1  1 
[HOST]  1  1  1  1  1  1  1  1  1  1  1  1  1  1 -1 -1  1  1  1  1 
[HOST]  1  1  1  1  1  1  1  1  1  1  1  1  1  1  1 -1 -1 -1 -1  1 
[HOST]  1  1  1  1  1  1  1  1  1  1  1  1  1  1  1  1 -1 -1  1  1 
[HOST]  1  1  1  1  1  1  1  1  1  1  1  1  1  1  1  1 -1 -1 -1 -1 
[HOST]  1  1  1  1  1  1  1  1  1  1  1  1  1  1  1  1  1  1  1  1 
[HOST] 
[HOST] [存活单位]
[HOST] ├─ Piece #1
[HOST] │  所属: 玩家1 位置: (0,3)
[HOST] │  生命: 50/50 行动点: 1
[HOST] └─ 法术位: 3/3
[HOST] ├─ Piece #0
[HOST] │  所属: 玩家2 位置: (2,0)
[HOST] │  生命: 50/50 行动点: 1
[HOST] └─ 法术位: 3/3
[HOST] 
[HOST] [游戏状态] 进行中
[HOST] [INFO] 发送回合 86: listen=[0]
[TEST] 转发 client 0 的行动
[C0] [INFO] 回合 86: 已发送行动
[HOST] Now begin moving
[HOST] [Move] movement: 25
[HOST] [Move] Success
[HOST] Now begin attacking
[HOST] [Attack] Action Points: 0, Attack: True
[HOST] [Spell] 当前无延时法术。
[HOST] Piece 0 action points: 1
[HOST] Piece 1 action points: 1
[HOST] 
[HOST] ===== 回合 87 日志 =====
[HOST] 
[HOST] [当前行动棋子id]: 0
[HOST] 
[HOST] [行动队列] 剩余单位: 2存活 / 0阵亡
[HOST] 
[HOST] [地图]:
[HOST] 
[TEST] 收到 host 消息: target=-1, state=None, keys=['watch', '_target'][HOST]  1  1  1  1  1  1  1  1  1  1  1  1  1  1  1  1  1  1  1  1 

[TEST] 跳过观战消息
[HOST]  1  1  1  1  1  1  1  1  1  1  1  1  1  1  1  1  1  1  1  1 
[TEST] 收到 host 消息: target=0, state=87, keys=['state', 'listen', 'player', 'content', '_target'][HOST]  0  1  1  1  1  1  1  1  1  1  1  1  1  1  1  1  1  1  1  1 

[TEST] 回合 87: listen=[1][HOST]  1  1  1  1 -1  1  1  1  1  1  1  1  1  1  1  1  1  1  1  1 

[HOST]  1  1  1  1 -1 -1  1  1  1  1  1  1  1  1  1  1  1  1  1  1 
[HOST]  1  1  1  1  1  1  1  1  1  1  1  1  1  1  1  1  1  1  1  1 
[HOST]  1  1  1  1  1  1  1  1  1  1  1  1  1  1  1  1  1  1  1  1 
[HOST]  1  1  1  1  1  1  1  1  1  1  1  1  1  1  1  1  1  1  1  1 
[HOST]  1  1  1  1  1  1  1  1  1  1  1  1  1  1  1  1  1  1  1  1 
[HOST]  1  1  1  1  1  1  1  1  1  1  1  1  1  1  1  1  1  1  1  1 
[HOST]  1  1  1  1  1  1  1  1  1  1  1  1  1  1  1  1  1  1  1  1 
[HOST]  1  1  1  1  1  1  1  1  1  1  1  1  1  1  1  1  1  1  1  1 
[HOST]  1  1  1  1  1  1  1  1  1  1  1  1  1  1  1  1  1  1  1  1 
[HOST]  1  1  1  1  1  1  1  1  1  1  1  1  1  1  1  1  1  1  1  1 
[HOST]  1  1  1  1  1  1  1  1  1  1  1  1  1  1  1  1  1  1  1  1 
[HOST]  1  1  1  1  1  1  1  1  1  1  1  1  1  1 -1 -1  1  1  1  1 
[HOST]  1  1  1  1  1  1  1  1  1  1  1  1  1  1  1 -1 -1 -1 -1  1 
[HOST]  1  1  1  1  1  1  1  1  1  1  1  1  1  1  1  1 -1 -1  1  1 
[HOST]  1  1  1  1  1  1  1  1  1  1  1  1  1  1  1  1 -1 -1 -1 -1 
[HOST]  1  1  1  1  1  1  1  1  1  1  1  1  1  1  1  1  1  1  1  1 
[HOST] 
[HOST] [存活单位]
[HOST] ├─ Piece #0
[HOST] │  所属: 玩家2 位置: (2,0)
[HOST] │  生命: 50/50 行动点: 1
[HOST] └─ 法术位: 3/3
[HOST] ├─ Piece #1
[HOST] │  所属: 玩家1 位置: (1,0)
[HOST] │  生命: 50/50 行动点: 1
[HOST] └─ 法术位: 3/3
[HOST] 
[HOST] [游戏状态] 进行中
[HOST] [INFO] 发送回合 87: listen=[1]
[TEST] 转发 client 1 的行动
[C1] [INFO] 回合 87: 已发送行动
[HOST] Now begin moving
[HOST] [Move] movement: 25
[HOST] [Move] Success
[HOST] Now begin attacking
[HOST] [Attack] Action Points: 0, Attack: True
[HOST] [Spell] 当前无延时法术。
[HOST] Piece 1 action points: 1
[HOST] Piece 0 action points: 1
[HOST] 
[HOST] ===== 回合 88 日志 =====
[HOST] 
[TEST] 收到 host 消息: target=-1, state=None, keys=['watch', '_target'][HOST] [当前行动棋子id]: 1

[TEST] 跳过观战消息[HOST] 

[HOST] [行动队列] 剩余单位: 2存活 / 0阵亡
[TEST] 收到 host 消息: target=0, state=88, keys=['state', 'listen', 'player', 'content', '_target']
[TEST] 回合 88: listen=[0][HOST] 

[HOST] [地图]:
[HOST] 
[HOST]  1  1  1  1  1  1  1  1  1  1  1  1  1  1  1  1  1  1  1  1 
[HOST]  1  1  1  1  1  1  1  1  1  1  1  1  1  1  1  1  1  1  1  1 
[HOST]  1  1  1  1  1  1  1  1  1  1  1  1  1  1  1  1  1  1  1  1 
[HOST]  1  1  1  0 -1  1  1  1  1  1  1  1  1  1  1  1  1  1  1  1 
[HOST]  1  1  1  1 -1 -1  1  1  1  1  1  1  1  1  1  1  1  1  1  1 
[HOST]  1  1  1  1  1  1  1  1  1  1  1  1  1  1  1  1  1  1  1  1 
[HOST]  1  1  1  1  1  1  1  1  1  1  1  1  1  1  1  1  1  1  1  1 
[HOST]  1  1  1  1  1  1  1  1  1  1  1  1  1  1  1  1  1  1  1  1 
[HOST]  1  1  1  1  1  1  1  1  1  1  1  1  1  1  1  1  1  1  1  1 
[HOST]  1  1  1  1  1  1  1  1  1  1  1  1  1  1  1  1  1  1  1  1 
[HOST]  1  1  1  1  1  1  1  1  1  1  1  1  1  1  1  1  1  1  1  1 
[HOST]  1  1  1  1  1  1  1  1  1  1  1  1  1  1  1  1  1  1  1  1 
[HOST]  1  1  1  1  1  1  1  1  1  1  1  1  1  1  1  1  1  1  1  1 
[HOST]  1  1  1  1  1  1  1  1  1  1  1  1  1  1  1  1  1  1  1  1 
[HOST]  1  1  1  1  1  1  1  1  1  1  1  1  1  1  1  1  1  1  1  1 
[HOST]  1  1  1  1  1  1  1  1  1  1  1  1  1  1 -1 -1  1  1  1  1 
[HOST]  1  1  1  1  1  1  1  1  1  1  1  1  1  1  1 -1 -1 -1 -1  1 
[HOST]  1  1  1  1  1  1  1  1  1  1  1  1  1  1  1  1 -1 -1  1  1 
[HOST]  1  1  1  1  1  1  1  1  1  1  1  1  1  1  1  1 -1 -1 -1 -1 
[HOST]  1  1  1  1  1  1  1  1  1  1  1  1  1  1  1  1  1  1  1  1 
[HOST] 
[HOST] [存活单位]
[HOST] ├─ Piece #1
[HOST] │  所属: 玩家1 位置: (1,0)
[HOST] │  生命: 50/50 行动点: 1
[HOST] └─ 法术位: 3/3
[HOST] ├─ Piece #0
[HOST] │  所属: 玩家2 位置: (3,3)
[HOST] │  生命: 50/50 行动点: 1
[HOST] └─ 法术位: 3/3
[HOST] 
[HOST] [游戏状态] 进行中
[HOST] [INFO] 发送回合 88: listen=[0]
[TEST] 转发 client 0 的行动
[C0] [INFO] 回合 88: 已发送行动
[HOST] Now begin moving
[HOST] [Move] movement: 25
[HOST] [Move] Success
[HOST] Now begin attacking
[HOST] [Attack] Action Points: 0, Attack: True
[HOST] [Spell] 当前无延时法术。
[HOST] Piece 0 action points: 1
[HOST] Piece 1 action points: 1
[HOST] 
[HOST] ===== 回合 89 日志 =====
[HOST] 
[HOST] [当前行动棋子id]: 0
[TEST] 收到 host 消息: target=-1, state=None, keys=['watch', '_target'][HOST] 

[TEST] 跳过观战消息[HOST] [行动队列] 剩余单位: 2存活 / 0阵亡

[HOST] 
[TEST] 收到 host 消息: target=0, state=89, keys=['state', 'listen', 'player', 'content', '_target'][HOST] [地图]:

[TEST] 回合 89: listen=[1][HOST] 

[HOST]  1  1  1  1  1  1  1  1  1  1  1  1  1  1  1  1  1  1  1  1 
[HOST]  1  1  1  1  1  1  1  1  1  1  1  1  1  1  1  1  1  1  1  1 
[HOST]  1  1  1  1  1  1  1  1  1  1  1  1  1  1  1  1  1  1  1  1 
[HOST]  1  1  1  0 -1  1  1  1  1  1  1  1  1  1  1  1  1  1  1  1 
[HOST]  1  1  1  1 -1 -1  1  1  1  1  1  1  1  1  1  1  1  1  1  1 
[HOST]  1  1  1  1  1  1  1  1  1  1  1  1  1  1  1  1  1  1  1  1 
[HOST]  1  1  1  1  1  1  1  1  1  1  1  1  1  1  1  1  1  1  1  1 
[HOST]  1  1  1  1  1  1  1  1  1  1  1  1  1  1  1  1  1  1  1  1 
[HOST]  1  1  1  1  1  1  1  1  1  1  1  1  1  1  1  1  1  1  1  1 
[HOST]  1  1  1  1  1  1  1  1  1  1  1  1  1  1  1  1  1  1  1  1 
[HOST]  1  1  1  1  1  1  1  1  1  1  1  1  1  1  1  1  1  1  1  1 
[HOST]  1  1  1  1  1  1  1  1  1  1  1  1  1  1  1  1  1  1  1  1 
[HOST]  1  1  1  1  1  1  1  1  1  1  1  1  1  1  1  1  1  1  1  1 
[HOST]  1  1  1  1  1  1  1  1  1  1  1  1  1  1  1  1  1  1  1  1 
[HOST]  1  1  1  1  1  1  1  1  1  1  1  1  1  1  1  1  1  1  1  1 
[HOST]  1  1  1  1  1  1  1  1  1  1  1  1  1  1 -1 -1  1  1  1  1 
[HOST]  1  1  1  1  1  1  1  1  1  1  1  1  1  1  1 -1 -1 -1 -1  1 
[HOST]  1  1  1  1  1  1  1  1  1  1  1  1  1  1  1  1 -1 -1  1  1 
[HOST]  1  1  1  1  1  1  1  1  1  1  1  1  1  1  1  1 -1 -1 -1 -1 
[HOST]  1  1  1  1  1  1  1  1  1  1  1  1  1  1  1  1  1  1  1  1 
[HOST] 
[HOST] [存活单位]
[HOST] ├─ Piece #0
[HOST] │  所属: 玩家2 位置: (3,3)
[HOST] │  生命: 50/50 行动点: 1
[HOST] └─ 法术位: 3/3
[HOST] ├─ Piece #1
[HOST] │  所属: 玩家1 位置: (2,3)
[HOST] │  生命: 50/50 行动点: 1
[HOST] └─ 法术位: 3/3
[HOST] 
[HOST] [游戏状态] 进行中
[HOST] [INFO] 发送回合 89: listen=[1]
[TEST] 转发 client 1 的行动
[C1] [INFO] 回合 89: 已发送行动
[HOST] Now begin moving
[HOST] [Move] movement: 25
[HOST] [Move] Success
[HOST] Now begin attacking
[HOST] [Attack] Action Points: 0, Attack: True
[HOST] [Spell] 当前无延时法术。
[HOST] Piece 1 action points: 1
[HOST] Piece 0 action points: 1
[HOST] 
[HOST] ===== 回合 90 日志 =====
[HOST] 
[HOST] [当前行动棋子id]: 1
[TEST] 收到 host 消息: target=-1, state=None, keys=['watch', '_target']
[TEST] 跳过观战消息[HOST] 

[TEST] 收到 host 消息: target=0, state=90, keys=['state', 'listen', 'player', 'content', '_target'][HOST] [行动队列] 剩余单位: 2存活 / 0阵亡

[TEST] 回合 90: listen=[0]
[HOST] 
[HOST] [地图]:
[HOST] 
[HOST]  0  1  1  1  1  1  1  1  1  1  1  1  1  1  1  1  1  1  1  1 
[HOST]  1  1  1  1  1  1  1  1  1  1  1  1  1  1  1  1  1  1  1  1 
[HOST]  1  1  1  1  1  1  1  1  1  1  1  1  1  1  1  1  1  1  1  1 
[HOST]  1  1  1  1 -1  1  1  1  1  1  1  1  1  1  1  1  1  1  1  1 
[HOST]  1  1  1  1 -1 -1  1  1  1  1  1  1  1  1  1  1  1  1  1  1 
[HOST]  1  1  1  1  1  1  1  1  1  1  1  1  1  1  1  1  1  1  1  1 
[HOST]  1  1  1  1  1  1  1  1  1  1  1  1  1  1  1  1  1  1  1  1 
[HOST]  1  1  1  1  1  1  1  1  1  1  1  1  1  1  1  1  1  1  1  1 
[HOST]  1  1  1  1  1  1  1  1  1  1  1  1  1  1  1  1  1  1  1  1 
[HOST]  1  1  1  1  1  1  1  1  1  1  1  1  1  1  1  1  1  1  1  1 
[HOST]  1  1  1  1  1  1  1  1  1  1  1  1  1  1  1  1  1  1  1  1 
[HOST]  1  1  1  1  1  1  1  1  1  1  1  1  1  1  1  1  1  1  1  1 
[HOST]  1  1  1  1  1  1  1  1  1  1  1  1  1  1  1  1  1  1  1  1 
[HOST]  1  1  1  1  1  1  1  1  1  1  1  1  1  1  1  1  1  1  1  1 
[HOST]  1  1  1  1  1  1  1  1  1  1  1  1  1  1  1  1  1  1  1  1 
[HOST]  1  1  1  1  1  1  1  1  1  1  1  1  1  1 -1 -1  1  1  1  1 
[HOST]  1  1  1  1  1  1  1  1  1  1  1  1  1  1  1 -1 -1 -1 -1  1 
[HOST]  1  1  1  1  1  1  1  1  1  1  1  1  1  1  1  1 -1 -1  1  1 
[HOST]  1  1  1  1  1  1  1  1  1  1  1  1  1  1  1  1 -1 -1 -1 -1 
[HOST]  1  1  1  1  1  1  1  1  1  1  1  1  1  1  1  1  1  1  1  1 
[HOST] 
[HOST] [存活单位]
[HOST] ├─ Piece #1
[HOST] │  所属: 玩家1 位置: (2,3)
[HOST] │  生命: 50/50 行动点: 1
[HOST] └─ 法术位: 3/3
[HOST] ├─ Piece #0
[HOST] │  所属: 玩家2 位置: (0,0)
[HOST] │  生命: 50/50 行动点: 1
[HOST] └─ 法术位: 3/3
[HOST] 
[HOST] [游戏状态] 进行中
[HOST] [INFO] 发送回合 90: listen=[0]
[TEST] 转发 client 0 的行动[C0] [INFO] 回合 90: 已发送行动

[HOST] Now begin moving
[HOST] [Move] movement: 25
[HOST] [Move] Success
[HOST] Now begin attacking
[HOST] [Attack] Action Points: 0, Attack: True
[HOST] [Spell] 当前无延时法术。
[HOST] Piece 0 action points: 1
[TEST] 收到 host 消息: target=-1, state=None, keys=['watch', '_target'][HOST] Piece 1 action points: 1

[TEST] 跳过观战消息
[HOST] 
[TEST] 收到 host 消息: target=0, state=91, keys=['state', 'listen', 'player', 'content', '_target']
[TEST] 回合 91: listen=[1]
[HOST] ===== 回合 91 日志 =====
[HOST] 
[HOST] [当前行动棋子id]: 0
[HOST] 
[HOST] [行动队列] 剩余单位: 2存活 / 0阵亡
[HOST] 
[HOST] [地图]:
[HOST] 
[HOST]  0  1  1  1  1  1  1  1  1  1  1  1  1  1  1  1  1  1  1  1 
[HOST]  1  1  1  1  1  1  1  1  1  1  1  1  1  1  1  1  1  1  1  1 
[HOST]  1  1  1  1  1  1  1  1  1  1  1  1  1  1  1  1  1  1  1  1 
[HOST]  1  1  1  1 -1  1  1  1  1  1  1  1  1  1  1  1  1  1  1  1 
[HOST]  1  1  1  1 -1 -1  1  1  1  1  1  1  1  1  1  1  1  1  1  1 
[HOST]  1  1  1  1  1  1  1  1  1  1  1  1  1  1  1  1  1  1  1  1 
[HOST]  1  1  1  1  1  1  1  1  1  1  1  1  1  1  1  1  1  1  1  1 
[HOST]  1  1  1  1  1  1  1  1  1  1  1  1  1  1  1  1  1  1  1  1 
[HOST]  1  1  1  1  1  1  1  1  1  1  1  1  1  1  1  1  1  1  1  1 
[HOST]  1  1  1  1  1  1  1  1  1  1  1  1  1  1  1  1  1  1  1  1 
[HOST]  1  1  1  1  1  1  1  1  1  1  1  1  1  1  1  1  1  1  1  1 
[HOST]  1  1  1  1  1  1  1  1  1  1  1  1  1  1  1  1  1  1  1  1 
[HOST]  1  1  1  1  1  1  1  1  1  1  1  1  1  1  1  1  1  1  1  1 
[HOST]  1  1  1  1  1  1  1  1  1  1  1  1  1  1  1  1  1  1  1  1 
[HOST]  1  1  1  1  1  1  1  1  1  1  1  1  1  1  1  1  1  1  1  1 
[HOST]  1  1  1  1  1  1  1  1  1  1  1  1  1  1 -1 -1  1  1  1  1 
[HOST]  1  1  1  1  1  1  1  1  1  1  1  1  1  1  1 -1 -1 -1 -1  1 
[HOST]  1  1  1  1  1  1  1  1  1  1  1  1  1  1  1  1 -1 -1  1  1 
[HOST]  1  1  1  1  1  1  1  1  1  1  1  1  1  1  1  1 -1 -1 -1 -1 
[HOST]  1  1  1  1  1  1  1  1  1  1  1  1  1  1  1  1  1  1  1  1 
[HOST] 
[HOST] [存活单位]
[HOST] ├─ Piece #0
[HOST] │  所属: 玩家2 位置: (0,0)
[HOST] │  生命: 50/50 行动点: 1
[HOST] └─ 法术位: 3/3
[HOST] ├─ Piece #1
[HOST] │  所属: 玩家1 位置: (0,1)
[HOST] │  生命: 50/50 行动点: 1
[HOST] └─ 法术位: 3/3
[HOST] 
[HOST] [游戏状态] 进行中
[HOST] [INFO] 发送回合 91: listen=[1]
[TEST] 转发 client 1 的行动[C1] [INFO] 回合 91: 已发送行动

[HOST] Now begin moving
[HOST] [Move] movement: 25
[HOST] [Move] Success
[HOST] Now begin attacking
[HOST] [Attack] Action Points: 0, Attack: True
[HOST] [Spell] 当前无延时法术。
[HOST] Piece 1 action points: 1
[HOST] Piece 0 action points: 1
[HOST] 
[HOST] ===== 回合 92 日志 =====
[HOST] 
[TEST] 收到 host 消息: target=-1, state=None, keys=['watch', '_target'][HOST] [当前行动棋子id]: 1

[TEST] 跳过观战消息
[HOST] 
[TEST] 收到 host 消息: target=0, state=92, keys=['state', 'listen', 'player', 'content', '_target']
[TEST] 回合 92: listen=[0][HOST] [行动队列] 剩余单位: 2存活 / 0阵亡

[HOST] 
[HOST] [地图]:
[HOST] 
[HOST]  1  1  1  1  1  1  1  1  1  1  1  1  1  1  1  1  1  1  1  1 
[HOST]  1  1  1  1  1  1  1  1  1  1  1  1  1  1  1  1  1  1  1  1 
[HOST]  1  1  1  1  0  1  1  1  1  1  1  1  1  1  1  1  1  1  1  1 
[HOST]  1  1  1  1 -1  1  1  1  1  1  1  1  1  1  1  1  1  1  1  1 
[HOST]  1  1  1  1 -1 -1  1  1  1  1  1  1  1  1  1  1  1  1  1  1 
[HOST]  1  1  1  1  1  1  1  1  1  1  1  1  1  1  1  1  1  1  1  1 
[HOST]  1  1  1  1  1  1  1  1  1  1  1  1  1  1  1  1  1  1  1  1 
[HOST]  1  1  1  1  1  1  1  1  1  1  1  1  1  1  1  1  1  1  1  1 
[HOST]  1  1  1  1  1  1  1  1  1  1  1  1  1  1  1  1  1  1  1  1 
[HOST]  1  1  1  1  1  1  1  1  1  1  1  1  1  1  1  1  1  1  1  1 
[HOST]  1  1  1  1  1  1  1  1  1  1  1  1  1  1  1  1  1  1  1  1 
[HOST]  1  1  1  1  1  1  1  1  1  1  1  1  1  1  1  1  1  1  1  1 
[HOST]  1  1  1  1  1  1  1  1  1  1  1  1  1  1  1  1  1  1  1  1 
[HOST]  1  1  1  1  1  1  1  1  1  1  1  1  1  1  1  1  1  1  1  1 
[HOST]  1  1  1  1  1  1  1  1  1  1  1  1  1  1  1  1  1  1  1  1 
[HOST]  1  1  1  1  1  1  1  1  1  1  1  1  1  1 -1 -1  1  1  1  1 
[HOST]  1  1  1  1  1  1  1  1  1  1  1  1  1  1  1 -1 -1 -1 -1  1 
[HOST]  1  1  1  1  1  1  1  1  1  1  1  1  1  1  1  1 -1 -1  1  1 
[HOST]  1  1  1  1  1  1  1  1  1  1  1  1  1  1  1  1 -1 -1 -1 -1 
[HOST]  1  1  1  1  1  1  1  1  1  1  1  1  1  1  1  1  1  1  1  1 
[HOST] 
[HOST] [存活单位]
[HOST] ├─ Piece #1
[HOST] │  所属: 玩家1 位置: (0,1)
[HOST] │  生命: 50/50 行动点: 1
[HOST] └─ 法术位: 3/3
[HOST] ├─ Piece #0
[HOST] │  所属: 玩家2 位置: (2,4)
[HOST] │  生命: 50/50 行动点: 1
[HOST] └─ 法术位: 3/3
[HOST] 
[HOST] [游戏状态] 进行中
[HOST] [INFO] 发送回合 92: listen=[0]
[C0] [INFO] 回合 92: 已发送行动
[TEST] 转发 client 0 的行动
[HOST] Now begin moving
[HOST] [Move] movement: 25
[HOST] [Move] Success
[HOST] Now begin attacking
[HOST] [Attack] Action Points: 0, Attack: True
[HOST] [Spell] 当前无延时法术。
[HOST] Piece 0 action points: 1
[HOST] Piece 1 action points: 1
[HOST] 
[TEST] 收到 host 消息: target=-1, state=None, keys=['watch', '_target']
[TEST] 跳过观战消息[HOST] ===== 回合 93 日志 =====

[HOST] 
[TEST] 收到 host 消息: target=0, state=93, keys=['state', 'listen', 'player', 'content', '_target']
[TEST] 回合 93: listen=[1][HOST] [当前行动棋子id]: 0

[HOST] 
[HOST] [行动队列] 剩余单位: 2存活 / 0阵亡
[HOST] 
[HOST] [地图]:
[HOST] 
[HOST]  1  1  1  1  1  1  1  1  1  1  1  1  1  1  1  1  1  1  1  1 
[HOST]  1  1  1  1  1  1  1  1  1  1  1  1  1  1  1  1  1  1  1  1 
[HOST]  1  1  1  1  0  1  1  1  1  1  1  1  1  1  1  1  1  1  1  1 
[HOST]  1  1  1  1 -1  1  1  1  1  1  1  1  1  1  1  1  1  1  1  1 
[HOST]  1  1  1  1 -1 -1  1  1  1  1  1  1  1  1  1  1  1  1  1  1 
[HOST]  1  1  1  1  1  1  1  1  1  1  1  1  1  1  1  1  1  1  1  1 
[HOST]  1  1  1  1  1  1  1  1  1  1  1  1  1  1  1  1  1  1  1  1 
[HOST]  1  1  1  1  1  1  1  1  1  1  1  1  1  1  1  1  1  1  1  1 
[HOST]  1  1  1  1  1  1  1  1  1  1  1  1  1  1  1  1  1  1  1  1 
[HOST]  1  1  1  1  1  1  1  1  1  1  1  1  1  1  1  1  1  1  1  1 
[HOST]  1  1  1  1  1  1  1  1  1  1  1  1  1  1  1  1  1  1  1  1 
[HOST]  1  1  1  1  1  1  1  1  1  1  1  1  1  1  1  1  1  1  1  1 
[HOST]  1  1  1  1  1  1  1  1  1  1  1  1  1  1  1  1  1  1  1  1 
[HOST]  1  1  1  1  1  1  1  1  1  1  1  1  1  1  1  1  1  1  1  1 
[HOST]  1  1  1  1  1  1  1  1  1  1  1  1  1  1  1  1  1  1  1  1 
[HOST]  1  1  1  1  1  1  1  1  1  1  1  1  1  1 -1 -1  1  1  1  1 
[HOST]  1  1  1  1  1  1  1  1  1  1  1  1  1  1  1 -1 -1 -1 -1  1 
[HOST]  1  1  1  1  1  1  1  1  1  1  1  1  1  1  1  1 -1 -1  1  1 
[HOST]  1  1  1  1  1  1  1  1  1  1  1  1  1  1  1  1 -1 -1 -1 -1 
[HOST]  1  1  1  1  1  1  1  1  1  1  1  1  1  1  1  1  1  1  1  1 
[HOST] 
[HOST] [存活单位]
[HOST] ├─ Piece #0
[HOST] │  所属: 玩家2 位置: (2,4)
[HOST] │  生命: 50/50 行动点: 1
[HOST] └─ 法术位: 3/3
[HOST] ├─ Piece #1
[HOST] │  所属: 玩家1 位置: (1,4)
[HOST] │  生命: 50/50 行动点: 1
[HOST] └─ 法术位: 3/3
[HOST] 
[HOST] [游戏状态] 进行中
[HOST] [INFO] 发送回合 93: listen=[1]
[TEST] 转发 client 1 的行动[C1] [INFO] 回合 93: 已发送行动

[HOST] Now begin moving
[HOST] [Move] movement: 25
[HOST] [Move] Success
[HOST] Now begin attacking
[HOST] [Attack] Action Points: 0, Attack: True
[HOST] [Spell] 当前无延时法术。
[HOST] Piece 1 action points: 1
[HOST] Piece 0 action points: 1
[HOST] 
[HOST] ===== 回合 94 日志 =====
[HOST] 
[HOST] [当前行动棋子id]: 1
[HOST] 
[HOST] [行动队列] 剩余单位: 2存活 / 0阵亡
[HOST] 
[TEST] 收到 host 消息: target=-1, state=None, keys=['watch', '_target'][HOST] [地图]:

[TEST] 跳过观战消息
[HOST] 
[TEST] 收到 host 消息: target=0, state=94, keys=['state', 'listen', 'player', 'content', '_target'][HOST]  1  1  1  1  1  1  1  1  1  1  1  1  1  1  1  1  1  1  1  1 

[TEST] 回合 94: listen=[0]
[HOST]  1  1  1  1  1  1  1  1  1  1  1  1  1  1  1  1  1  1  1  1 
[HOST]  1  1  1  1  1  1  1  1  1  1  1  1  1  1  1  1  1  1  1  1 
[HOST]  1  0  1  1 -1  1  1  1  1  1  1  1  1  1  1  1  1  1  1  1 
[HOST]  1  1  1  1 -1 -1  1  1  1  1  1  1  1  1  1  1  1  1  1  1 
[HOST]  1  1  1  1  1  1  1  1  1  1  1  1  1  1  1  1  1  1  1  1 
[HOST]  1  1  1  1  1  1  1  1  1  1  1  1  1  1  1  1  1  1  1  1 
[HOST]  1  1  1  1  1  1  1  1  1  1  1  1  1  1  1  1  1  1  1  1 
[HOST]  1  1  1  1  1  1  1  1  1  1  1  1  1  1  1  1  1  1  1  1 
[HOST]  1  1  1  1  1  1  1  1  1  1  1  1  1  1  1  1  1  1  1  1 
[HOST]  1  1  1  1  1  1  1  1  1  1  1  1  1  1  1  1  1  1  1  1 
[HOST]  1  1  1  1  1  1  1  1  1  1  1  1  1  1  1  1  1  1  1  1 
[HOST]  1  1  1  1  1  1  1  1  1  1  1  1  1  1  1  1  1  1  1  1 
[HOST]  1  1  1  1  1  1  1  1  1  1  1  1  1  1  1  1  1  1  1  1 
[HOST]  1  1  1  1  1  1  1  1  1  1  1  1  1  1  1  1  1  1  1  1 
[HOST]  1  1  1  1  1  1  1  1  1  1  1  1  1  1 -1 -1  1  1  1  1 
[HOST]  1  1  1  1  1  1  1  1  1  1  1  1  1  1  1 -1 -1 -1 -1  1 
[HOST]  1  1  1  1  1  1  1  1  1  1  1  1  1  1  1  1 -1 -1  1  1 
[HOST]  1  1  1  1  1  1  1  1  1  1  1  1  1  1  1  1 -1 -1 -1 -1 
[HOST]  1  1  1  1  1  1  1  1  1  1  1  1  1  1  1  1  1  1  1  1 
[HOST] 
[HOST] [存活单位]
[HOST] ├─ Piece #1
[HOST] │  所属: 玩家1 位置: (1,4)
[HOST] │  生命: 50/50 行动点: 1
[HOST] └─ 法术位: 3/3
[HOST] ├─ Piece #0
[HOST] │  所属: 玩家2 位置: (3,1)
[HOST] │  生命: 50/50 行动点: 1
[HOST] └─ 法术位: 3/3
[HOST] 
[HOST] [游戏状态] 进行中
[HOST] [INFO] 发送回合 94: listen=[0]
[TEST] 转发 client 0 的行动[C0] [INFO] 回合 94: 已发送行动

[HOST] Now begin moving
[HOST] [Move] movement: 25
[HOST] [Move] Success
[HOST] Now begin attacking
[HOST] [Attack] Action Points: 0, Attack: True
[HOST] [Spell] 当前无延时法术。
[HOST] Piece 0 action points: 1
[TEST] 收到 host 消息: target=-1, state=None, keys=['watch', '_target']
[TEST] 跳过观战消息[HOST] Piece 1 action points: 1

[HOST] 
[TEST] 收到 host 消息: target=0, state=95, keys=['state', 'listen', 'player', 'content', '_target'][HOST] ===== 回合 95 日志 =====

[TEST] 回合 95: listen=[1]
[HOST] 
[HOST] [当前行动棋子id]: 0
[HOST] 
[HOST] [行动队列] 剩余单位: 2存活 / 0阵亡
[HOST] 
[HOST] [地图]:
[HOST] 
[HOST]  1  1  1  1  1  1  1  1  1  1  1  1  1  1  1  1  1  1  1  1 
[HOST]  1  1  1  1  1  1  1  1  1  1  1  1  1  1  1  1  1  1  1  1 
[HOST]  1  1  1  1  1  1  1  1  1  1  1  1  1  1  1  1  1  1  1  1 
[HOST]  1  0  1  1 -1  1  1  1  1  1  1  1  1  1  1  1  1  1  1  1 
[HOST]  1  1  1  1 -1 -1  1  1  1  1  1  1  1  1  1  1  1  1  1  1 
[HOST]  1  1  1  1  1  1  1  1  1  1  1  1  1  1  1  1  1  1  1  1 
[HOST]  1  1  1  1  1  1  1  1  1  1  1  1  1  1  1  1  1  1  1  1 
[HOST]  1  1  1  1  1  1  1  1  1  1  1  1  1  1  1  1  1  1  1  1 
[HOST]  1  1  1  1  1  1  1  1  1  1  1  1  1  1  1  1  1  1  1  1 
[HOST]  1  1  1  1  1  1  1  1  1  1  1  1  1  1  1  1  1  1  1  1 
[HOST]  1  1  1  1  1  1  1  1  1  1  1  1  1  1  1  1  1  1  1  1 
[HOST]  1  1  1  1  1  1  1  1  1  1  1  1  1  1  1  1  1  1  1  1 
[HOST]  1  1  1  1  1  1  1  1  1  1  1  1  1  1  1  1  1  1  1  1 
[HOST]  1  1  1  1  1  1  1  1  1  1  1  1  1  1  1  1  1  1  1  1 
[HOST]  1  1  1  1  1  1  1  1  1  1  1  1  1  1  1  1  1  1  1  1 
[HOST]  1  1  1  1  1  1  1  1  1  1  1  1  1  1 -1 -1  1  1  1  1 
[HOST]  1  1  1  1  1  1  1  1  1  1  1  1  1  1  1 -1 -1 -1 -1  1 
[HOST]  1  1  1  1  1  1  1  1  1  1  1  1  1  1  1  1 -1 -1  1  1 
[HOST]  1  1  1  1  1  1  1  1  1  1  1  1  1  1  1  1 -1 -1 -1 -1 
[HOST]  1  1  1  1  1  1  1  1  1  1  1  1  1  1  1  1  1  1  1  1 
[HOST] 
[HOST] [存活单位]
[HOST] ├─ Piece #0
[HOST] │  所属: 玩家2 位置: (3,1)
[HOST] │  生命: 50/50 行动点: 1
[HOST] └─ 法术位: 3/3
[HOST] ├─ Piece #1
[HOST] │  所属: 玩家1 位置: (2,1)
[HOST] │  生命: 50/50 行动点: 1
[HOST] └─ 法术位: 3/3
[HOST] 
[HOST] [游戏状态] 进行中
[HOST] [INFO] 发送回合 95: listen=[1]
[TEST] 转发 client 1 的行动[C1] [INFO] 回合 95: 已发送行动

[HOST] Now begin moving
[HOST] [Move] movement: 25
[HOST] [Move] Success
[HOST] Now begin attacking
[HOST] [Attack] Action Points: 0, Attack: True
[HOST] [Spell] 当前无延时法术。
[HOST] Piece 1 action points: 1
[HOST] Piece 0 action points: 1
[HOST] 
[HOST] ===== 回合 96 日志 =====
[HOST] 
[HOST] [当前行动棋子id]: 1
[HOST] 
[HOST] [行动队列] 剩余单位: 2存活 / 0阵亡
[HOST] 
[TEST] 收到 host 消息: target=-1, state=None, keys=['watch', '_target']
[TEST] 跳过观战消息[HOST] [地图]:

[HOST] 
[TEST] 收到 host 消息: target=0, state=96, keys=['state', 'listen', 'player', 'content', '_target'][HOST]  1  1  1  1  0  1  1  1  1  1  1  1  1  1  1  1  1  1  1  1 

[TEST] 回合 96: listen=[0]
[HOST]  1  1  1  1  1  1  1  1  1  1  1  1  1  1  1  1  1  1  1  1 
[HOST]  1  1  1  1  1  1  1  1  1  1  1  1  1  1  1  1  1  1  1  1 
[HOST]  1  1  1  1 -1  1  1  1  1  1  1  1  1  1  1  1  1  1  1  1 
[HOST]  1  1  1  1 -1 -1  1  1  1  1  1  1  1  1  1  1  1  1  1  1 
[HOST]  1  1  1  1  1  1  1  1  1  1  1  1  1  1  1  1  1  1  1  1 
[HOST]  1  1  1  1  1  1  1  1  1  1  1  1  1  1  1  1  1  1  1  1 
[HOST]  1  1  1  1  1  1  1  1  1  1  1  1  1  1  1  1  1  1  1  1 
[HOST]  1  1  1  1  1  1  1  1  1  1  1  1  1  1  1  1  1  1  1  1 
[HOST]  1  1  1  1  1  1  1  1  1  1  1  1  1  1  1  1  1  1  1  1 
[HOST]  1  1  1  1  1  1  1  1  1  1  1  1  1  1  1  1  1  1  1  1 
[HOST]  1  1  1  1  1  1  1  1  1  1  1  1  1  1  1  1  1  1  1  1 
[HOST]  1  1  1  1  1  1  1  1  1  1  1  1  1  1  1  1  1  1  1  1 
[HOST]  1  1  1  1  1  1  1  1  1  1  1  1  1  1  1  1  1  1  1  1 
[HOST]  1  1  1  1  1  1  1  1  1  1  1  1  1  1  1  1  1  1  1  1 
[HOST]  1  1  1  1  1  1  1  1  1  1  1  1  1  1 -1 -1  1  1  1  1 
[HOST]  1  1  1  1  1  1  1  1  1  1  1  1  1  1  1 -1 -1 -1 -1  1 
[HOST]  1  1  1  1  1  1  1  1  1  1  1  1  1  1  1  1 -1 -1  1  1 
[HOST]  1  1  1  1  1  1  1  1  1  1  1  1  1  1  1  1 -1 -1 -1 -1 
[HOST]  1  1  1  1  1  1  1  1  1  1  1  1  1  1  1  1  1  1  1  1 
[HOST] 
[HOST] [存活单位]
[HOST] ├─ Piece #1
[HOST] │  所属: 玩家1 位置: (2,1)
[HOST] │  生命: 50/50 行动点: 1
[HOST] └─ 法术位: 3/3
[HOST] ├─ Piece #0
[HOST] │  所属: 玩家2 位置: (0,4)
[HOST] │  生命: 50/50 行动点: 1
[HOST] └─ 法术位: 3/3
[HOST] 
[HOST] [游戏状态] 进行中
[HOST] [INFO] 发送回合 96: listen=[0]
[TEST] 转发 client 0 的行动[C0] [INFO] 回合 96: 已发送行动

[HOST] Now begin moving
[HOST] [Move] movement: 25
[HOST] [Move] Success
[HOST] Now begin attacking
[HOST] [Attack] Action Points: 0, Attack: True
[HOST] [Spell] 当前无延时法术。
[HOST] Piece 0 action points: 1
[HOST] Piece 1 action points: 1
[HOST] 
[HOST] ===== 回合 97 日志 =====
[HOST] 
[HOST] [当前行动棋子id]: 0
[HOST] 
[HOST] [行动队列] 剩余单位: 2存活 / 0阵亡
[HOST] 
[HOST] [地图]:
[HOST] 
[TEST] 收到 host 消息: target=-1, state=None, keys=['watch', '_target'][HOST]  1  1  1  1  0  1  1  1  1  1  1  1  1  1  1  1  1  1  1  1 

[TEST] 跳过观战消息
[HOST]  1  1  1  1  1  1  1  1  1  1  1  1  1  1  1  1  1  1  1  1 
[TEST] 收到 host 消息: target=0, state=97, keys=['state', 'listen', 'player', 'content', '_target']
[TEST] 回合 97: listen=[1][HOST]  1  1  1  1  1  1  1  1  1  1  1  1  1  1  1  1  1  1  1  1 

[HOST]  1  1  1  1 -1  1  1  1  1  1  1  1  1  1  1  1  1  1  1  1 
[HOST]  1  1  1  1 -1 -1  1  1  1  1  1  1  1  1  1  1  1  1  1  1 
[HOST]  1  1  1  1  1  1  1  1  1  1  1  1  1  1  1  1  1  1  1  1 
[HOST]  1  1  1  1  1  1  1  1  1  1  1  1  1  1  1  1  1  1  1  1 
[HOST]  1  1  1  1  1  1  1  1  1  1  1  1  1  1  1  1  1  1  1  1 
[HOST]  1  1  1  1  1  1  1  1  1  1  1  1  1  1  1  1  1  1  1  1 
[HOST]  1  1  1  1  1  1  1  1  1  1  1  1  1  1  1  1  1  1  1  1 
[HOST]  1  1  1  1  1  1  1  1  1  1  1  1  1  1  1  1  1  1  1  1 
[HOST]  1  1  1  1  1  1  1  1  1  1  1  1  1  1  1  1  1  1  1  1 
[HOST]  1  1  1  1  1  1  1  1  1  1  1  1  1  1  1  1  1  1  1  1 
[HOST]  1  1  1  1  1  1  1  1  1  1  1  1  1  1  1  1  1  1  1  1 
[HOST]  1  1  1  1  1  1  1  1  1  1  1  1  1  1  1  1  1  1  1  1 
[HOST]  1  1  1  1  1  1  1  1  1  1  1  1  1  1 -1 -1  1  1  1  1 
[HOST]  1  1  1  1  1  1  1  1  1  1  1  1  1  1  1 -1 -1 -1 -1  1 
[HOST]  1  1  1  1  1  1  1  1  1  1  1  1  1  1  1  1 -1 -1  1  1 
[HOST]  1  1  1  1  1  1  1  1  1  1  1  1  1  1  1  1 -1 -1 -1 -1 
[HOST]  1  1  1  1  1  1  1  1  1  1  1  1  1  1  1  1  1  1  1  1 
[HOST] 
[HOST] [存活单位]
[HOST] ├─ Piece #0
[HOST] │  所属: 玩家2 位置: (0,4)
[HOST] │  生命: 50/50 行动点: 1
[HOST] └─ 法术位: 3/3
[HOST] ├─ Piece #1
[HOST] │  所属: 玩家1 位置: (0,3)
[HOST] │  生命: 50/50 行动点: 1
[HOST] └─ 法术位: 3/3
[HOST] 
[HOST] [游戏状态] 进行中
[HOST] [INFO] 发送回合 97: listen=[1]
[TEST] 转发 client 1 的行动[C1] [INFO] 回合 97: 已发送行动

[HOST] Now begin moving
[HOST] [Move] movement: 25
[HOST] [Move] Success
[HOST] Now begin attacking
[HOST] [Attack] Action Points: 0, Attack: True
[HOST] [Spell] 当前无延时法术。
[HOST] Piece 1 action points: 1
[HOST] Piece 0 action points: 1
[HOST] 
[HOST] ===== 回合 98 日志 =====
[HOST] 
[HOST] [当前行动棋子id]: 1
[TEST] 收到 host 消息: target=-1, state=None, keys=['watch', '_target'][HOST] 

[TEST] 跳过观战消息
[HOST] [行动队列] 剩余单位: 2存活 / 0阵亡
[TEST] 收到 host 消息: target=0, state=98, keys=['state', 'listen', 'player', 'content', '_target']
[TEST] 回合 98: listen=[0][HOST] 

[HOST] [地图]:
[HOST] 
[HOST]  1  1  1  1  1  1  1  1  1  1  1  1  1  1  1  1  1  1  1  1 
[HOST]  1  1  1  1  1  1  1  1  1  1  1  1  1  1  1  1  1  1  1  1 
[HOST]  0  1  1  1  1  1  1  1  1  1  1  1  1  1  1  1  1  1  1  1 
[HOST]  1  1  1  1 -1  1  1  1  1  1  1  1  1  1  1  1  1  1  1  1 
[HOST]  1  1  1  1 -1 -1  1  1  1  1  1  1  1  1  1  1  1  1  1  1 
[HOST]  1  1  1  1  1  1  1  1  1  1  1  1  1  1  1  1  1  1  1  1 
[HOST]  1  1  1  1  1  1  1  1  1  1  1  1  1  1  1  1  1  1  1  1 
[HOST]  1  1  1  1  1  1  1  1  1  1  1  1  1  1  1  1  1  1  1  1 
[HOST]  1  1  1  1  1  1  1  1  1  1  1  1  1  1  1  1  1  1  1  1 
[HOST]  1  1  1  1  1  1  1  1  1  1  1  1  1  1  1  1  1  1  1  1 
[HOST]  1  1  1  1  1  1  1  1  1  1  1  1  1  1  1  1  1  1  1  1 
[HOST]  1  1  1  1  1  1  1  1  1  1  1  1  1  1  1  1  1  1  1  1 
[HOST]  1  1  1  1  1  1  1  1  1  1  1  1  1  1  1  1  1  1  1  1 
[HOST]  1  1  1  1  1  1  1  1  1  1  1  1  1  1  1  1  1  1  1  1 
[HOST]  1  1  1  1  1  1  1  1  1  1  1  1  1  1  1  1  1  1  1  1 
[HOST]  1  1  1  1  1  1  1  1  1  1  1  1  1  1 -1 -1  1  1  1  1 
[HOST]  1  1  1  1  1  1  1  1  1  1  1  1  1  1  1 -1 -1 -1 -1  1 
[HOST]  1  1  1  1  1  1  1  1  1  1  1  1  1  1  1  1 -1 -1  1  1 
[HOST]  1  1  1  1  1  1  1  1  1  1  1  1  1  1  1  1 -1 -1 -1 -1 
[HOST]  1  1  1  1  1  1  1  1  1  1  1  1  1  1  1  1  1  1  1  1 
[HOST] 
[HOST] [存活单位]
[HOST] ├─ Piece #1
[HOST] │  所属: 玩家1 位置: (0,3)
[HOST] │  生命: 50/50 行动点: 1
[HOST] └─ 法术位: 3/3
[HOST] ├─ Piece #0
[HOST] │  所属: 玩家2 位置: (2,0)
[HOST] │  生命: 50/50 行动点: 1
[HOST] └─ 法术位: 3/3
[HOST] 
[HOST] [游戏状态] 进行中
[HOST] [INFO] 发送回合 98: listen=[0]
[TEST] 转发 client 0 的行动[C0] [INFO] 回合 98: 已发送行动

[HOST] Now begin moving
[HOST] [Move] movement: 25
[HOST] [Move] Success
[HOST] Now begin attacking
[HOST] [Attack] Action Points: 0, Attack: True
[HOST] [Spell] 当前无延时法术。
[HOST] Piece 0 action points: 1
[HOST] Piece 1 action points: 1
[HOST] 
[HOST] ===== 回合 99 日志 =====
[HOST] 
[HOST] [当前行动棋子id]: 0
[HOST] 
[TEST] 收到 host 消息: target=-1, state=None, keys=['watch', '_target']
[TEST] 跳过观战消息[HOST] [行动队列] 剩余单位: 2存活 / 0阵亡

[TEST] 收到 host 消息: target=0, state=99, keys=['state', 'listen', 'player', 'content', '_target'][HOST] 

[TEST] 回合 99: listen=[1]
[HOST] [地图]:
[HOST] 
[HOST]  1  1  1  1  1  1  1  1  1  1  1  1  1  1  1  1  1  1  1  1 
[HOST]  1  1  1  1  1  1  1  1  1  1  1  1  1  1  1  1  1  1  1  1 
[HOST]  0  1  1  1  1  1  1  1  1  1  1  1  1  1  1  1  1  1  1  1 
[HOST]  1  1  1  1 -1  1  1  1  1  1  1  1  1  1  1  1  1  1  1  1 
[HOST]  1  1  1  1 -1 -1  1  1  1  1  1  1  1  1  1  1  1  1  1  1 
[HOST]  1  1  1  1  1  1  1  1  1  1  1  1  1  1  1  1  1  1  1  1 
[HOST]  1  1  1  1  1  1  1  1  1  1  1  1  1  1  1  1  1  1  1  1 
[HOST]  1  1  1  1  1  1  1  1  1  1  1  1  1  1  1  1  1  1  1  1 
[HOST]  1  1  1  1  1  1  1  1  1  1  1  1  1  1  1  1  1  1  1  1 
[HOST]  1  1  1  1  1  1  1  1  1  1  1  1  1  1  1  1  1  1  1  1 
[HOST]  1  1  1  1  1  1  1  1  1  1  1  1  1  1  1  1  1  1  1  1 
[HOST]  1  1  1  1  1  1  1  1  1  1  1  1  1  1  1  1  1  1  1  1 
[HOST]  1  1  1  1  1  1  1  1  1  1  1  1  1  1  1  1  1  1  1  1 
[HOST]  1  1  1  1  1  1  1  1  1  1  1  1  1  1  1  1  1  1  1  1 
[HOST]  1  1  1  1  1  1  1  1  1  1  1  1  1  1  1  1  1  1  1  1 
[HOST]  1  1  1  1  1  1  1  1  1  1  1  1  1  1 -1 -1  1  1  1  1 
[HOST]  1  1  1  1  1  1  1  1  1  1  1  1  1  1  1 -1 -1 -1 -1  1 
[HOST]  1  1  1  1  1  1  1  1  1  1  1  1  1  1  1  1 -1 -1  1  1 
[HOST]  1  1  1  1  1  1  1  1  1  1  1  1  1  1  1  1 -1 -1 -1 -1 
[HOST]  1  1  1  1  1  1  1  1  1  1  1  1  1  1  1  1  1  1  1  1 
[HOST] 
[HOST] [存活单位]
[HOST] ├─ Piece #0
[HOST] │  所属: 玩家2 位置: (2,0)
[HOST] │  生命: 50/50 行动点: 1
[HOST] └─ 法术位: 3/3
[HOST] ├─ Piece #1
[HOST] │  所属: 玩家1 位置: (1,0)
[HOST] │  生命: 50/50 行动点: 1
[HOST] └─ 法术位: 3/3
[HOST] 
[HOST] [游戏状态] 进行中
[HOST] [INFO] 发送回合 99: listen=[1]
[TEST] 转发 client 1 的行动[C1] [INFO] 回合 99: 已发送行动

[HOST] Now begin moving
[HOST] [Move] movement: 25
[HOST] [Move] Success
[HOST] Now begin attacking
[HOST] [Attack] Action Points: 0, Attack: True
[HOST] [Spell] 当前无延时法术。
[HOST] Piece 1 action points: 1
[HOST] Piece 0 action points: 1
[HOST] 
[HOST] ===== 回合 100 日志 =====
[HOST] 
[TEST] 收到 host 消息: target=-1, state=None, keys=['watch', '_target'][HOST] [当前行动棋子id]: 1

[TEST] 跳过观战消息
[HOST] 
[TEST] 收到 host 消息: target=0, state=100, keys=['state', 'listen', 'player', 'content', '_target']
[TEST] 回合 100: listen=[0][HOST] [行动队列] 剩余单位: 2存活 / 0阵亡

[HOST] 
[HOST] [地图]:
[HOST] 
[HOST]  1  1  1  1  1  1  1  1  1  1  1  1  1  1  1  1  1  1  1  1 
[HOST]  1  1  1  1  1  1  1  1  1  1  1  1  1  1  1  1  1  1  1  1 
[HOST]  1  1  1  1  1  1  1  1  1  1  1  1  1  1  1  1  1  1  1  1 
[HOST]  1  1  1  0 -1  1  1  1  1  1  1  1  1  1  1  1  1  1  1  1 
[HOST]  1  1  1  1 -1 -1  1  1  1  1  1  1  1  1  1  1  1  1  1  1 
[HOST]  1  1  1  1  1  1  1  1  1  1  1  1  1  1  1  1  1  1  1  1 
[HOST]  1  1  1  1  1  1  1  1  1  1  1  1  1  1  1  1  1  1  1  1 
[HOST]  1  1  1  1  1  1  1  1  1  1  1  1  1  1  1  1  1  1  1  1 
[HOST]  1  1  1  1  1  1  1  1  1  1  1  1  1  1  1  1  1  1  1  1 
[HOST]  1  1  1  1  1  1  1  1  1  1  1  1  1  1  1  1  1  1  1  1 
[HOST]  1  1  1  1  1  1  1  1  1  1  1  1  1  1  1  1  1  1  1  1 
[HOST]  1  1  1  1  1  1  1  1  1  1  1  1  1  1  1  1  1  1  1  1 
[HOST]  1  1  1  1  1  1  1  1  1  1  1  1  1  1  1  1  1  1  1  1 
[HOST]  1  1  1  1  1  1  1  1  1  1  1  1  1  1  1  1  1  1  1  1 
[HOST]  1  1  1  1  1  1  1  1  1  1  1  1  1  1  1  1  1  1  1  1 
[HOST]  1  1  1  1  1  1  1  1  1  1  1  1  1  1 -1 -1  1  1  1  1 
[HOST]  1  1  1  1  1  1  1  1  1  1  1  1  1  1  1 -1 -1 -1 -1  1 
[HOST]  1  1  1  1  1  1  1  1  1  1  1  1  1  1  1  1 -1 -1  1  1 
[HOST]  1  1  1  1  1  1  1  1  1  1  1  1  1  1  1  1 -1 -1 -1 -1 
[HOST]  1  1  1  1  1  1  1  1  1  1  1  1  1  1  1  1  1  1  1  1 
[HOST] 
[HOST] [存活单位]
[HOST] ├─ Piece #1
[HOST] │  所属: 玩家1 位置: (1,0)
[HOST] │  生命: 50/50 行动点: 1
[HOST] └─ 法术位: 3/3
[HOST] ├─ Piece #0
[HOST] │  所属: 玩家2 位置: (3,3)
[HOST] │  生命: 50/50 行动点: 1
[HOST] └─ 法术位: 3/3
[HOST] 
[HOST] [游戏状态] 进行中
[HOST] [INFO] 发送回合 100: listen=[0]
[TEST] 转发 client 0 的行动
[C0] [INFO] 回合 100: 已发送行动
[HOST] Now begin moving
[HOST] [Move] movement: 25
[HOST] [Move] Success
[HOST] Now begin attacking
[HOST] [Attack] Action Points: 0, Attack: True
[HOST] [Spell] 当前无延时法术。
[HOST] [RoundCap] 达到最大回合数 100。双方总血量：P1=50, P2=50
[HOST] [RoundCap] 按总血量判定：平局
[HOST] [INFO] ========== 游戏结束 ==========
[TEST] 收到 host 消息: target=0, state=-1, keys=['state', 'end_info', 'end_state', '_target'][HOST] [INFO] 发送游戏结束: {'0': 0, '1': 0}, ['OK', 'OK']

[TEST] 游戏结束: end_info={"0": 0, "1": 0}, end_state=["OK", "OK"]
[C0] [INFO] 连接关闭
[C1] [INFO] 连接关闭
[TEST] 完成
